Component: ARM Compiler 5.06 update 6 (build 750) Tool: armlink [4d35ed]

==============================================================================

Section Cross References

    systick_time.o(i.DelayMs) refers to systick_time.o(i.DelayMillis) for DelayMillis
    systick_time.o(i.DelayUs) refers to systick_time.o(i.Delaymicro) for Delaymicro
    systick_time.o(i.systick_int) refers to systick_time.o(i.systick_init) for systick_init
    gp_drive.o(i.toggle_GP) refers to gp_drive.o(i.R_GP) for R_GP
    gp_drive.o(i.toggle_GP) refers to gp_drive.o(i.W_GP) for W_GP
    timer_drive.o(i.TDelay_Micro) refers to timer_drive.o(i.TDelay_Micros) for TDelay_Micros
    timer_drive.o(i.TDelay_Micros) refers to timer_drive.o(i.timer_start_micros) for timer_start_micros
    timer_drive.o(i.TDelay_Milli) refers to timer_drive.o(i.TDelay_Millis) for TDelay_Millis
    timer_drive.o(i.TDelay_Millis) refers to timer_drive.o(i.TDelay_Micros) for TDelay_Micros
    timer_drive.o(i.get_time_micros) refers to timer_drive.o(i.get_timer) for get_timer
    timer_drive.o(i.get_time_millis) refers to timer_drive.o(i.get_time_micros) for get_time_micros
    timer_drive.o(i.timer_capture_micro) refers to timer_drive.o(i.get_timer_address) for get_timer_address
    timer_drive.o(i.timer_capture_micro) refers to timer_drive.o(i.get_timer_pin) for get_timer_pin
    timer_drive.o(i.timer_capture_micro) refers to timer_drive.o(i.get_channel) for get_channel
    timer_drive.o(i.timer_capture_micro) refers to gp_drive.o(i.init_GP) for init_GP
    timer_drive.o(i.timer_capture_milli) refers to timer_drive.o(i.get_timer_address) for get_timer_address
    timer_drive.o(i.timer_capture_milli) refers to timer_drive.o(i.get_timer_pin) for get_timer_pin
    timer_drive.o(i.timer_capture_milli) refers to timer_drive.o(i.get_channel) for get_channel
    timer_drive.o(i.timer_capture_milli) refers to gp_drive.o(i.init_GP) for init_GP
    timer_drive.o(i.timer_channel_stop) refers to timer_drive.o(i.get_timer_address) for get_timer_address
    timer_drive.o(i.timer_channel_stop) refers to timer_drive.o(i.get_channel) for get_channel
    timer_drive.o(i.timer_compare_micro) refers to timer_drive.o(i.get_timer_address) for get_timer_address
    timer_drive.o(i.timer_compare_micro) refers to timer_drive.o(i.get_timer_pin) for get_timer_pin
    timer_drive.o(i.timer_compare_micro) refers to timer_drive.o(i.get_channel) for get_channel
    timer_drive.o(i.timer_compare_micro) refers to gp_drive.o(i.init_GP) for init_GP
    timer_drive.o(i.timer_compare_milli) refers to timer_drive.o(i.get_timer_address) for get_timer_address
    timer_drive.o(i.timer_compare_milli) refers to timer_drive.o(i.get_timer_pin) for get_timer_pin
    timer_drive.o(i.timer_compare_milli) refers to timer_drive.o(i.get_channel) for get_channel
    timer_drive.o(i.timer_compare_milli) refers to gp_drive.o(i.init_GP) for init_GP
    timer_drive.o(i.timer_get_capture_micro) refers to timer_drive.o(i.get_timer_address) for get_timer_address
    timer_drive.o(i.timer_get_capture_micro) refers to timer_drive.o(i.get_channel) for get_channel
    timer_drive.o(i.timer_get_capture_milli) refers to timer_drive.o(i.timer_get_capture_micro) for timer_get_capture_micro
    timer_drive.o(i.timer_irq_Rflag) refers to timer_drive.o(i.get_timer) for get_timer
    timer_drive.o(i.timer_irq_micro_start) refers to timer_drive.o(i.timer_start_micros) for timer_start_micros
    timer_drive.o(i.timer_irq_micro_start) refers to timer_drive.o(i.__NVIC_EnableIRQ) for __NVIC_EnableIRQ
    timer_drive.o(i.timer_irq_millis_start) refers to timer_drive.o(i.timer_start_millis) for timer_start_millis
    timer_drive.o(i.timer_irq_millis_start) refers to timer_drive.o(i.__NVIC_EnableIRQ) for __NVIC_EnableIRQ
    timer_drive.o(i.timer_irq_stop) refers to timer_drive.o(i.get_timer) for get_timer
    timer_drive.o(i.timer_irq_stop) refers to timer_drive.o(i.__NVIC_DisableIRQ) for __NVIC_DisableIRQ
    timer_drive.o(i.timer_pwm_micro) refers to timer_drive.o(i.get_timer_address) for get_timer_address
    timer_drive.o(i.timer_pwm_micro) refers to timer_drive.o(i.get_timer_pin) for get_timer_pin
    timer_drive.o(i.timer_pwm_micro) refers to timer_drive.o(i.get_channel) for get_channel
    timer_drive.o(i.timer_pwm_micro) refers to gp_drive.o(i.init_GP) for init_GP
    timer_drive.o(i.timer_pwm_milli) refers to timer_drive.o(i.get_timer_address) for get_timer_address
    timer_drive.o(i.timer_pwm_milli) refers to timer_drive.o(i.get_timer_pin) for get_timer_pin
    timer_drive.o(i.timer_pwm_milli) refers to timer_drive.o(i.get_channel) for get_channel
    timer_drive.o(i.timer_pwm_milli) refers to gp_drive.o(i.init_GP) for init_GP
    timer_drive.o(i.timer_start_micros) refers to timer_drive.o(i.get_timer) for get_timer
    timer_drive.o(i.timer_start_millis) refers to timer_drive.o(i.get_timer) for get_timer
    timer_drive.o(i.timer_stop) refers to timer_drive.o(i.get_timer) for get_timer
[...]
    c$$dmax                                  0x0800745c   Section        8  fpconst.o(c$$dmax)
    locale$$data                             0x08007464   Section       28  lc_numeric_c.o(locale$$data)
    __lcnum_c_name                           0x08007468   Data           2  lc_numeric_c.o(locale$$data)
    __lcnum_c_start                          0x08007470   Data           0  lc_numeric_c.o(locale$$data)
    __lcnum_c_point                          0x0800747c   Data           0  lc_numeric_c.o(locale$$data)
    __lcnum_c_thousands                      0x0800747e   Data           0  lc_numeric_c.o(locale$$data)
    __lcnum_c_grouping                       0x0800747f   Data           0  lc_numeric_c.o(locale$$data)
    locale$$data                             0x08007480   Section      272  lc_ctype_c.o(locale$$data)
    __lcnum_c_end                            0x08007480   Data           0  lc_numeric_c.o(locale$$data)
    __lcctype_c_name                         0x08007484   Data           2  lc_ctype_c.o(locale$$data)
    __lcctype_c_start                        0x0800748c   Data           0  lc_ctype_c.o(locale$$data)
    __lcctype_c_end                          0x08007590   Data           0  lc_ctype_c.o(locale$$data)
    .data                                    0x20000000   Section       29  main.o(.data)
    pxAlert                                  0x2000000c   Data           4  main.o(.data)
    pxLocationHandler                        0x20000010   Data           4  main.o(.data)
    pxSendSMS                                0x20000014   Data           4  main.o(.data)
    pxLedBlue                                0x20000018   Data           4  main.o(.data)
    count                                    0x2000001c   Data           1  main.o(.data)
    .data                                    0x2000001d   Section      663  a7680c.o(.data)
    i                                        0x200002b1   Data           1  a7680c.o(.data)
    flag_lbs                                 0x200002b2   Data           1  a7680c.o(.data)
    not_end                                  0x200002b3   Data           1  a7680c.o(.data)
    .data                                    0x200002b4   Section        2  dfplayer.o(.data)
    .data                                    0x200002b8   Section       24  ultrasonic.o(.data)
    Q                                        0x200002b8   Data          24  ultrasonic.o(.data)
    .data                                    0x200002d0   Section       24  heap_2.o(.data)
    xStart                                   0x200002d0   Data           8  heap_2.o(.data)
    xEnd                                     0x200002d8   Data           8  heap_2.o(.data)
    xFreeBytesRemaining                      0x200002e0   Data           4  heap_2.o(.data)
    xHeapHasBeenInitialised                  0x200002e4   Data           4  heap_2.o(.data)
    .data                                    0x200002e8   Section       12  port.o(.data)
    uxCriticalNesting                        0x200002e8   Data           4  port.o(.data)
    ucMaxSysCallPriority                     0x200002ec   Data           1  port.o(.data)
    ulMaxPRIGROUPValue                       0x200002f0   Data           4  port.o(.data)
    .data                                    0x200002f4   Section       64  tasks.o(.data)
    pxDelayedTaskList                        0x200002f8   Data           4  tasks.o(.data)
    pxOverflowDelayedTaskList                0x200002fc   Data           4  tasks.o(.data)
    uxDeletedTasksWaitingCleanUp             0x20000300   Data           4  tasks.o(.data)
    uxCurrentNumberOfTasks                   0x20000304   Data           4  tasks.o(.data)
    xTickCount                               0x20000308   Data           4  tasks.o(.data)
    uxTopReadyPriority                       0x2000030c   Data           4  tasks.o(.data)
    xSchedulerRunning                        0x20000310   Data           4  tasks.o(.data)
    xPendedTicks                             0x20000314   Data           4  tasks.o(.data)
    xYieldPendings                           0x20000318   Data           4  tasks.o(.data)
    xNumOfOverflows                          0x2000031c   Data           4  tasks.o(.data)
    uxTaskNumber                             0x20000320   Data           4  tasks.o(.data)
    xNextTaskUnblockTime                     0x20000324   Data           4  tasks.o(.data)
    xIdleTaskHandles                         0x20000328   Data           4  tasks.o(.data)
    uxTopUsedPriority                        0x2000032c   Data           4  tasks.o(.data)
    uxSchedulerSuspended                     0x20000330   Data           4  tasks.o(.data)
    .data                                    0x20000334   Section       20  timers.o(.data)
    pxCurrentTimerList                       0x20000334   Data           4  timers.o(.data)
    pxOverflowTimerList                      0x20000338   Data           4  timers.o(.data)
    xTimerQueue                              0x2000033c   Data           4  timers.o(.data)
    xTimerTaskHandle                         0x20000340   Data           4  timers.o(.data)
    xLastTime                                0x20000344   Data           4  timers.o(.data)
    .data                                    0x20000348   Section        4  strtok.o(.data)
    _strtok_saves1                           0x20000348   Data           4  strtok.o(.data)
    .bss                                     0x20000350   Section      160  main.o(.bss)
    .bss                                     0x200003f0   Section       40  esp32.o(.bss)
    .bss                                     0x20000418   Section       40  a7680c.o(.bss)
    .bss                                     0x20000440   Section      100  gps.o(.bss)
    .bss                                     0x200004a8   Section       72  ultrasonic.o(.bss)
    P                                        0x200004a8   Data          24  ultrasonic.o(.bss)
    U_hat                                    0x200004c0   Data          24  ultrasonic.o(.bss)
    K                                        0x200004d8   Data          24  ultrasonic.o(.bss)
    .bss                                     0x200004f0   Section     4096  heap_2.o(.bss)
    ucHeap                                   0x200004f0   Data        4096  heap_2.o(.bss)
    .bss                                     0x200014f0   Section     1392  tasks.o(.bss)
    pxReadyTasksLists                        0x200014f0   Data         100  tasks.o(.bss)
    xDelayedTaskList1                        0x20001554   Data          20  tasks.o(.bss)
    xDelayedTaskList2                        0x20001568   Data          20  tasks.o(.bss)
    xPendingReadyList                        0x2000157c   Data          20  tasks.o(.bss)
    xTasksWaitingTermination                 0x20001590   Data          20  tasks.o(.bss)
    xSuspendedTaskList                       0x200015a4   Data          20  tasks.o(.bss)
    xIdleTaskTCB                             0x200015b8   Data          84  tasks.o(.bss)
    uxIdleTaskStack                          0x2000160c   Data         512  tasks.o(.bss)
    xTimerTaskTCB                            0x2000180c   Data          84  tasks.o(.bss)
    uxTimerTaskStack                         0x20001860   Data         512  tasks.o(.bss)
    .bss                                     0x20001a60   Section      232  timers.o(.bss)
    xActiveTimerList1                        0x20001a60   Data          20  timers.o(.bss)
    xActiveTimerList2                        0x20001a74   Data          20  timers.o(.bss)
    xStaticTimerQueue                        0x20001a88   Data          72  timers.o(.bss)
    ucStaticTimerQueueStorage                0x20001ad0   Data         120  timers.o(.bss)
    .bss                                     0x20001b48   Section       96  libspace.o(.bss)
    HEAP                                     0x20001ba8   Section      512  startup_stm32f10x_md.o(HEAP)
    Heap_Mem                                 0x20001ba8   Data         512  startup_stm32f10x_md.o(HEAP)
    STACK                                    0x20001da8   Section     1024  startup_stm32f10x_md.o(STACK)
    Stack_Mem                                0x20001da8   Data        1024  startup_stm32f10x_md.o(STACK)
    __initial_sp                             0x200021a8   Data           0  startup_stm32f10x_md.o(STACK)

    Global Symbols

    Symbol Name                              Value     Ov Type        Size  Object(Section)

    BuildAttributes$$THM_ISAv4$P$D$K$B$S$PE$A:L22UL41UL21$X:L11$S22US41US21$IEEE1$IW$USESV6$~STKCKD$USESV7$~SHL$OTIME$ROPI$IEEEX$EBA8$UX$STANDARDLIB$REQ8$PRES8$EABIv2 0x00000000   Number         0  anon$$obj.o ABSOLUTE
    __ARM_use_no_argv                        0x00000000   Number         0  main.o ABSOLUTE
    _printf_flags                            0x00000000   Number         0  printf_stubs.o ABSOLUTE
    _printf_return_value                     0x00000000   Number         0  printf_stubs.o ABSOLUTE
    _printf_sizespec                         0x00000000   Number         0  printf_stubs.o ABSOLUTE
    _printf_widthprec                        0x00000000   Number         0  printf_stubs.o ABSOLUTE
    __ARM_exceptions_init                     - Undefined Weak Reference
    __alloca_initialize                       - Undefined Weak Reference
    __arm_preinit_                            - Undefined Weak Reference
    __cpp_initialize__aeabi_                  - Undefined Weak Reference
    __cxa_finalize                            - Undefined Weak Reference
    __sigvec_lookup                           - Undefined Weak Reference
    _atexit_init                              - Undefined Weak Reference
    _call_atexit_fns                          - Undefined Weak Reference
    _clock_init                               - Undefined Weak Reference
    _fp_trap_init                             - Undefined Weak Reference
    _fp_trap_shutdown                         - Undefined Weak Reference
    _get_lc_collate                           - Undefined Weak Reference
    _get_lc_monetary                          - Undefined Weak Reference
    _get_lc_time                              - Undefined Weak Reference
    _getenv_init                              - Undefined Weak Reference
    _handle_redirection                       - Undefined Weak Reference
    _init_alloc                               - Undefined Weak Reference
    _init_user_alloc                          - Undefined Weak Reference
    _initio                                   - Undefined Weak Reference
    _printf_mbtowc                            - Undefined Weak Reference
    _printf_post_padding                      - Undefined Weak Reference
    _printf_pre_padding                       - Undefined Weak Reference
    _rand_init                                - Undefined Weak Reference
    _scanf_longlong                           - Undefined Weak Reference
    _scanf_mbtowc                             - Undefined Weak Reference
    _scanf_string                             - Undefined Weak Reference
    _scanf_wctomb                             - Undefined Weak Reference
    _scanf_wstring                            - Undefined Weak Reference
    _signal_finish                            - Undefined Weak Reference
    _signal_init                              - Undefined Weak Reference
    _terminate_alloc                          - Undefined Weak Reference
    _terminate_user_alloc                     - Undefined Weak Reference
    _terminateio                              - Undefined Weak Reference
    __Vectors_Size                           0x000000ec   Number         0  startup_stm32f10x_md.o ABSOLUTE
    __Vectors                                0x08000000   Data           4  startup_stm32f10x_md.o(RESET)
    __Vectors_End                            0x080000ec   Data           0  startup_stm32f10x_md.o(RESET)
    __main                                   0x080000ed   Thumb Code     8  __main.o(!!!main)
    __scatterload                            0x080000f5   Thumb Code     0  __scatter.o(!!!scatter)
    __scatterload_rt2                        0x080000f5   Thumb Code    44  __scatter.o(!!!scatter)
    __scatterload_rt2_thumb_only             0x080000f5   Thumb Code     0  __scatter.o(!!!scatter)
    __scatterload_null                       0x08000103   Thumb Code     0  __scatter.o(!!!scatter)
    __decompress                             0x08000129   Thumb Code    90  __dczerorl2.o(!!dczerorl2)
    __decompress1                            0x08000129   Thumb Code     0  __dczerorl2.o(!!dczerorl2)
    __scatterload_zeroinit                   0x08000185   Thumb Code    28  __scatter_zi.o(!!handler_zi)
    _printf_f                                0x080001a1   Thumb Code     0  _printf_f.o(.ARM.Collect$$_printf_percent$$00000003)
    _printf_percent                          0x080001a1   Thumb Code     0  _printf_percent.o(.ARM.Collect$$_printf_percent$$00000000)
    _printf_s                                0x080001a7   Thumb Code     0  _printf_s.o(.ARM.Collect$$_printf_percent$$00000014)
    _printf_percent_end                      0x080001ad   Thumb Code     0  _printf_percent_end.o(.ARM.Collect$$_printf_percent$$00000017)
    __rt_lib_init                            0x080001b1   Thumb Code     0  libinit.o(.ARM.Collect$$libinit$$00000000)
    __rt_lib_init_fp_1                       0x080001b3   Thumb Code     0  libinit2.o(.ARM.Collect$$libinit$$00000002)
    __rt_lib_init_heap_1                     0x080001b3   Thumb Code     0  libinit2.o(.ARM.Collect$$libinit$$0000000A)
    __rt_lib_init_lc_common                  0x080001b3   Thumb Code     0  libinit2.o(.ARM.Collect$$libinit$$0000000F)
    __rt_lib_init_preinit_1                  0x080001b3   Thumb Code     0  libinit2.o(.ARM.Collect$$libinit$$00000004)
    __rt_lib_init_rand_1                     0x080001b3   Thumb Code     0  libinit2.o(.ARM.Collect$$libinit$$0000000E)
    __rt_lib_init_user_alloc_1               0x080001b3   Thumb Code     0  libinit2.o(.ARM.Collect$$libinit$$0000000C)
    __rt_lib_init_lc_collate_1               0x080001b9   Thumb Code     0  libinit2.o(.ARM.Collect$$libinit$$00000011)
    __rt_lib_init_lc_ctype_2                 0x080001b9   Thumb Code     0  libinit2.o(.ARM.Collect$$libinit$$00000012)
    __rt_lib_init_lc_ctype_1                 0x080001c5   Thumb Code     0  libinit2.o(.ARM.Collect$$libinit$$00000013)
    __rt_lib_init_lc_monetary_1              0x080001c5   Thumb Code     0  libinit2.o(.ARM.Collect$$libinit$$00000015)
    __rt_lib_init_lc_numeric_2               0x080001c5   Thumb Code     0  libinit2.o(.ARM.Collect$$libinit$$00000016)
    __rt_lib_init_alloca_1                   0x080001cf   Thumb Code     0  libinit2.o(.ARM.Collect$$libinit$$0000002E)
    __rt_lib_init_argv_1                     0x080001cf   Thumb Code     0  libinit2.o(.ARM.Collect$$libinit$$0000002C)
    __rt_lib_init_atexit_1                   0x080001cf   Thumb Code     0  libinit2.o(.ARM.Collect$$libinit$$0000001B)
    __rt_lib_init_clock_1                    0x080001cf   Thumb Code     0  libinit2.o(.ARM.Collect$$libinit$$00000021)
    __rt_lib_init_cpp_1                      0x080001cf   Thumb Code     0  libinit2.o(.ARM.Collect$$libinit$$00000032)
    __rt_lib_init_exceptions_1               0x080001cf   Thumb Code     0  libinit2.o(.ARM.Collect$$libinit$$00000030)
    __rt_lib_init_fp_trap_1                  0x080001cf   Thumb Code     0  libinit2.o(.ARM.Collect$$libinit$$0000001F)
    __rt_lib_init_getenv_1                   0x080001cf   Thumb Code     0  libinit2.o(.ARM.Collect$$libinit$$00000023)
    __rt_lib_init_lc_numeric_1               0x080001cf   Thumb Code     0  libinit2.o(.ARM.Collect$$libinit$$00000017)
    __rt_lib_init_lc_time_1                  0x080001cf   Thumb Code     0  libinit2.o(.ARM.Collect$$libinit$$00000019)
    __rt_lib_init_return                     0x080001cf   Thumb Code     0  libinit2.o(.ARM.Collect$$libinit$$00000033)
    __rt_lib_init_signal_1                   0x080001cf   Thumb Code     0  libinit2.o(.ARM.Collect$$libinit$$0000001D)
    __rt_lib_init_stdio_1                    0x080001cf   Thumb Code     0  libinit2.o(.ARM.Collect$$libinit$$00000025)
    __rt_lib_shutdown                        0x080001d1   Thumb Code     0  libshutdown.o(.ARM.Collect$$libshutdown$$00000000)
    __rt_lib_shutdown_cpp_1                  0x080001d3   Thumb Code     0  libshutdown2.o(.ARM.Collect$$libshutdown$$00000002)
    __rt_lib_shutdown_fp_trap_1              0x080001d3   Thumb Code     0  libshutdown2.o(.ARM.Collect$$libshutdown$$00000007)
    __rt_lib_shutdown_heap_1                 0x080001d3   Thumb Code     0  libshutdown2.o(.ARM.Collect$$libshutdown$$0000000F)
    __rt_lib_shutdown_return                 0x080001d3   Thumb Code     0  libshutdown2.o(.ARM.Collect$$libshutdown$$00000010)
    __rt_lib_shutdown_signal_1               0x080001d3   Thumb Code     0  libshutdown2.o(.ARM.Collect$$libshutdown$$0000000A)
    __rt_lib_shutdown_stdio_1                0x080001d3   Thumb Code     0  libshutdown2.o(.ARM.Collect$$libshutdown$$00000004)
    __rt_lib_shutdown_user_alloc_1           0x080001d3   Thumb Code     0  libshutdown2.o(.ARM.Collect$$libshutdown$$0000000C)
    __rt_entry                               0x080001d5   Thumb Code     0  __rtentry.o(.ARM.Collect$$rtentry$$00000000)
    __rt_entry_presh_1                       0x080001d5   Thumb Code     0  __rtentry2.o(.ARM.Collect$$rtentry$$00000002)
    __rt_entry_sh                            0x080001d5   Thumb Code     0  __rtentry4.o(.ARM.Collect$$rtentry$$00000004)
    __rt_entry_li                            0x080001db   Thumb Code     0  __rtentry2.o(.ARM.Collect$$rtentry$$0000000A)
    __rt_entry_postsh_1                      0x080001db   Thumb Code     0  __rtentry2.o(.ARM.Collect$$rtentry$$00000009)
    __rt_entry_main                          0x080001df   Thumb Code     0  __rtentry2.o(.ARM.Collect$$rtentry$$0000000D)
    __rt_entry_postli_1                      0x080001df   Thumb Code     0  __rtentry2.o(.ARM.Collect$$rtentry$$0000000C)
    __rt_exit                                0x080001e7   Thumb Code     0  rtexit.o(.ARM.Collect$$rtexit$$00000000)
    __rt_exit_ls                             0x080001e9   Thumb Code     0  rtexit2.o(.ARM.Collect$$rtexit$$00000003)
    __rt_exit_prels_1                        0x080001e9   Thumb Code     0  rtexit2.o(.ARM.Collect$$rtexit$$00000002)
    __rt_exit_exit                           0x080001ed   Thumb Code     0  rtexit2.o(.ARM.Collect$$rtexit$$00000004)
    SVC_Handler                              0x080001f5   Thumb Code    32  port.o(.emb_text)
    __asm___6_port_c_39a90d8d__prvStartFirstTask 0x08000219   Thumb Code    28  port.o(.emb_text)
    PendSV_Handler                           0x08000239   Thumb Code    72  port.o(.emb_text)
    vPortGetIPSR                             0x08000285   Thumb Code     6  port.o(.emb_text)
    Reset_Handler                            0x0800028d   Thumb Code     8  startup_stm32f10x_md.o(.text)
    NMI_Handler                              0x08000295   Thumb Code     2  startup_stm32f10x_md.o(.text)
    HardFault_Handler                        0x08000297   Thumb Code     2  startup_stm32f10x_md.o(.text)
    MemManage_Handler                        0x08000299   Thumb Code     2  startup_stm32f10x_md.o(.text)
    BusFault_Handler                         0x0800029b   Thumb Code     2  startup_stm32f10x_md.o(.text)
    UsageFault_Handler                       0x0800029d   Thumb Code     2  startup_stm32f10x_md.o(.text)
    DebugMon_Handler                         0x080002a1   Thumb Code     2  startup_stm32f10x_md.o(.text)
    ADC1_2_IRQHandler                        0x080002a7   Thumb Code     0  startup_stm32f10x_md.o(.text)
    CAN1_RX1_IRQHandler                      0x080002a7   Thumb Code     0  startup_stm32f10x_md.o(.text)
    CAN1_SCE_IRQHandler                      0x080002a7   Thumb Code     0  startup_stm32f10x_md.o(.text)
    DMA1_Channel1_IRQHandler                 0x080002a7   Thumb Code     0  startup_stm32f10x_md.o(.text)
    DMA1_Channel2_IRQHandler                 0x080002a7   Thumb Code     0  startup_stm32f10x_md.o(.text)
    DMA1_Channel3_IRQHandler                 0x080002a7   Thumb Code     0  startup_stm32f10x_md.o(.text)
    DMA1_Channel4_IRQHandler                 0x080002a7   Thumb Code     0  startup_stm32f10x_md.o(.text)
    DMA1_Channel5_IRQHandler                 0x080002a7   Thumb Code     0  startup_stm32f10x_md.o(.text)
    DMA1_Channel6_IRQHandler                 0x080002a7   Thumb Code     0  startup_stm32f10x_md.o(.text)
    DMA1_Channel7_IRQHandler                 0x080002a7   Thumb Code     0  startup_stm32f10x_md.o(.text)
    EXTI15_10_IRQHandler                     0x080002a7   Thumb Code     0  startup_stm32f10x_md.o(.text)
    EXTI1_IRQHandler                         0x080002a7   Thumb Code     0  startup_stm32f10x_md.o(.text)
    EXTI2_IRQHandler                         0x080002a7   Thumb Code     0  startup_stm32f10x_md.o(.text)
    EXTI3_IRQHandler                         0x080002a7   Thumb Code     0  startup_stm32f10x_md.o(.text)
    EXTI4_IRQHandler                         0x080002a7   Thumb Code     0  startup_stm32f10x_md.o(.text)
    EXTI9_5_IRQHandler                       0x080002a7   Thumb Code     0  startup_stm32f10x_md.o(.text)
    FLASH_IRQHandler                         0x080002a7   Thumb Code     0  startup_stm32f10x_md.o(.text)
    I2C1_ER_IRQHandler                       0x080002a7   Thumb Code     0  startup_stm32f10x_md.o(.text)
    I2C1_EV_IRQHandler                       0x080002a7   Thumb Code     0  startup_stm32f10x_md.o(.text)
    I2C2_ER_IRQHandler                       0x080002a7   Thumb Code     0  startup_stm32f10x_md.o(.text)
    I2C2_EV_IRQHandler                       0x080002a7   Thumb Code     0  startup_stm32f10x_md.o(.text)
    PVD_IRQHandler                           0x080002a7   Thumb Code     0  startup_stm32f10x_md.o(.text)
    RCC_IRQHandler                           0x080002a7   Thumb Code     0  startup_stm32f10x_md.o(.text)
    RTCAlarm_IRQHandler                      0x080002a7   Thumb Code     0  startup_stm32f10x_md.o(.text)
    RTC_IRQHandler                           0x080002a7   Thumb Code     0  startup_stm32f10x_md.o(.text)
    SPI1_IRQHandler                          0x080002a7   Thumb Code     0  startup_stm32f10x_md.o(.text)
    SPI2_IRQHandler                          0x080002a7   Thumb Code     0  startup_stm32f10x_md.o(.text)
    TAMPER_IRQHandler                        0x080002a7   Thumb Code     0  startup_stm32f10x_md.o(.text)
    TIM1_BRK_IRQHandler                      0x080002a7   Thumb Code     0  startup_stm32f10x_md.o(.text)
    TIM1_CC_IRQHandler                       0x080002a7   Thumb Code     0  startup_stm32f10x_md.o(.text)
    TIM1_TRG_COM_IRQHandler                  0x080002a7   Thumb Code     0  startup_stm32f10x_md.o(.text)
    TIM1_UP_IRQHandler                       0x080002a7   Thumb Code     0  startup_stm32f10x_md.o(.text)
    TIM2_IRQHandler                          0x080002a7   Thumb Code     0  startup_stm32f10x_md.o(.text)
    TIM3_IRQHandler                          0x080002a7   Thumb Code     0  startup_stm32f10x_md.o(.text)
    TIM4_IRQHandler                          0x080002a7   Thumb Code     0  startup_stm32f10x_md.o(.text)
    USBWakeUp_IRQHandler                     0x080002a7   Thumb Code     0  startup_stm32f10x_md.o(.text)
    USB_HP_CAN1_TX_IRQHandler                0x080002a7   Thumb Code     0  startup_stm32f10x_md.o(.text)
    USB_LP_CAN1_RX0_IRQHandler               0x080002a7   Thumb Code     0  startup_stm32f10x_md.o(.text)
    WWDG_IRQHandler                          0x080002a7   Thumb Code     0  startup_stm32f10x_md.o(.text)
    __user_initial_stackheap                 0x080002a9   Thumb Code     0  startup_stm32f10x_md.o(.text)
    __aeabi_uldivmod                         0x080002cd   Thumb Code     0  lludivv7m.o(.text)
    _ll_udiv                                 0x080002cd   Thumb Code   238  lludivv7m.o(.text)
    __2sprintf                               0x080003bd   Thumb Code    34  noretval__2sprintf.o(.text)
    _printf_str                              0x080003e5   Thumb Code    82  _printf_str.o(.text)
    __printf                                 0x08000437   Thumb Code   352  __printf_ss_wp.o(.text)
    __0sscanf                                0x08000599   Thumb Code    52  __0sscanf.o(.text)
    _scanf_int                               0x080005d5   Thumb Code   332  _scanf_int.o(.text)
    strtok                                   0x08000721   Thumb Code     6  strtok.o(.text)
    strcpy                                   0x0800072d   Thumb Code    72  strcpy.o(.text)
    __aeabi_memcpy                           0x08000775   Thumb Code     0  rt_memcpy_v6.o(.text)
    __rt_memcpy                              0x08000775   Thumb Code   138  rt_memcpy_v6.o(.text)
    _memcpy_lastbytes                        0x080007db   Thumb Code     0  rt_memcpy_v6.o(.text)
    __aeabi_memclr                           0x080007ff   Thumb Code     0  rt_memclr.o(.text)
    __rt_memclr                              0x080007ff   Thumb Code    68  rt_memclr.o(.text)
    _memset                                  0x08000803   Thumb Code     0  rt_memclr.o(.text)
    __aeabi_memclr4                          0x08000843   Thumb Code     0  rt_memclr_w.o(.text)
    __aeabi_memclr8                          0x08000843   Thumb Code     0  rt_memclr_w.o(.text)
    __rt_memclr_w                            0x08000843   Thumb Code    78  rt_memclr_w.o(.text)
    _memset_w                                0x08000847   Thumb Code     0  rt_memclr_w.o(.text)
    strncpy                                  0x08000891   Thumb Code    86  strncpy.o(.text)
    __use_two_region_memory                  0x080008e7   Thumb Code     2  heapauxi.o(.text)
    __rt_heap_escrow$2region                 0x080008e9   Thumb Code     2  heapauxi.o(.text)
    __rt_heap_expand$2region                 0x080008eb   Thumb Code     2  heapauxi.o(.text)
    __aeabi_errno_addr                       0x080008ed   Thumb Code     8  rt_errno_addr_intlibspace.o(.text)
    __errno$intlibspace                      0x080008ed   Thumb Code     0  rt_errno_addr_intlibspace.o(.text)
    __rt_errno_addr$intlibspace              0x080008ed   Thumb Code     0  rt_errno_addr_intlibspace.o(.text)
    __read_errno                             0x080008f5   Thumb Code    10  _rserrno.o(.text)
    __set_errno                              0x080008ff   Thumb Code    12  _rserrno.o(.text)
    __lib_sel_fp_printf                      0x0800090b   Thumb Code     2  _printf_fp_dec.o(.text)
    _printf_fp_dec_real                      0x08000abd   Thumb Code   620  _printf_fp_dec.o(.text)
    _printf_char_common                      0x08000d33   Thumb Code    32  _printf_char_common.o(.text)
    _sputc                                   0x08000d59   Thumb Code    10  _sputc.o(.text)
    _printf_cs_common                        0x08000d63   Thumb Code    20  _printf_char.o(.text)
    _printf_char                             0x08000d77   Thumb Code    16  _printf_char.o(.text)
    _printf_string                           0x08000d87   Thumb Code     8  _printf_char.o(.text)
    _chval                                   0x08000d8f   Thumb Code    28  _chval.o(.text)
    _scanf_really_real                       0x08000ff9   Thumb Code   684  scanf_fp.o(.text)
    __vfscanf_char                           0x080012b1   Thumb Code    24  scanf_char.o(.text)
    _sgetc                                   0x080012d1   Thumb Code    30  _sgetc.o(.text)
    _sbackspace                              0x080012ef   Thumb Code    34  _sgetc.o(.text)
    __strtok_internal                        0x08001311   Thumb Code    64  strtok_int.o(.text)
    __aeabi_memcpy4                          0x08001355   Thumb Code     0  rt_memcpy_w.o(.text)
    __aeabi_memcpy8                          0x08001355   Thumb Code     0  rt_memcpy_w.o(.text)
    __rt_memcpy_w                            0x08001355   Thumb Code   100  rt_memcpy_w.o(.text)
    _memcpy_lastbytes_aligned                0x0800139d   Thumb Code     0  rt_memcpy_w.o(.text)
    __user_libspace                          0x080013b9   Thumb Code     8  libspace.o(.text)
    __user_perproc_libspace                  0x080013b9   Thumb Code     0  libspace.o(.text)
    __user_perthread_libspace                0x080013b9   Thumb Code     0  libspace.o(.text)
    __rt_ctype_table                         0x080013c1   Thumb Code    16  rt_ctype_table.o(.text)
    __rt_locale                              0x080013d1   Thumb Code     8  rt_locale_intlibspace.o(.text)
    _ll_udiv10                               0x080013d9   Thumb Code   138  lludiv10.o(.text)
    isspace                                  0x08001463   Thumb Code    18  isspace.o(.text)
    _printf_fp_infnan                        0x08001475   Thumb Code   112  _printf_fp_infnan.o(.text)
    __vfscanf                                0x080014f5   Thumb Code   878  _scanf.o(.text)
    _btod_etento                             0x08001869   Thumb Code   224  bigflt0.o(.text)
    strcspn                                  0x0800194d   Thumb Code    32  strcspn.o(.text)
    strspn                                   0x0800196d   Thumb Code    28  strspn.o(.text)
    __user_setup_stackheap                   0x08001989   Thumb Code    74  sys_stackheap_outer.o(.text)
    _scanf_really_hex_real                   0x080019d5   Thumb Code   786  scanf_hexfp.o(.text)
    _scanf_really_infnan                     0x08001cf5   Thumb Code   292  scanf_infnan.o(.text)
    exit                                     0x08001e29   Thumb Code    18  exit.o(.text)
    strcmp                                   0x08001e3d   Thumb Code   128  strcmpv7m.o(.text)
    __aeabi_llsl                             0x08001ebd   Thumb Code     0  llshl.o(.text)
    _ll_shift_l                              0x08001ebd   Thumb Code    38  llshl.o(.text)
    _sys_exit                                0x08001ee5   Thumb Code     8  sys_exit.o(.text)
    __I$use$semihosting                      0x08001ef1   Thumb Code     0  use_no_semi.o(.text)
    __use_no_semihosting_swi                 0x08001ef1   Thumb Code     2  use_no_semi.o(.text)
    __semihosting_library_function           0x08001ef3   Thumb Code     0  indicate_semi.o(.text)
    _btod_d2e                                0x08001ef3   Thumb Code    62  btod.o(CL$$btod_d2e)
    _d2e_denorm_low                          0x08001f31   Thumb Code    70  btod.o(CL$$btod_d2e_denorm_low)
    _d2e_norm_op1                            0x08001f77   Thumb Code    96  btod.o(CL$$btod_d2e_norm_op1)
    __btod_div_common                        0x08001fd7   Thumb Code   696  btod.o(CL$$btod_div_common)
    _e2d                                     0x08002311   Thumb Code   122  btod.o(CL$$btod_e2d)
    _e2e                                     0x08002395   Thumb Code   220  btod.o(CL$$btod_e2e)
    _btod_ediv                               0x08002471   Thumb Code    42  btod.o(CL$$btod_ediv)
    _btod_edivd                              0x0800249b   Thumb Code    42  btod.o(CL$$btod_edivd)
    _btod_emul                               0x080024c5   Thumb Code    42  btod.o(CL$$btod_emul)
    _btod_emuld                              0x080024ef   Thumb Code    42  btod.o(CL$$btod_emuld)
    __btod_mult_common                       0x08002519   Thumb Code   580  btod.o(CL$$btod_mult_common)
    A7680C_UART_Init                         0x0800275d   Thumb Code    48  a7680c.o(i.A7680C_UART_Init)
    A7680C_send_msg                          0x08002791   Thumb Code    62  a7680c.o(i.A7680C_send_msg)
    Alert_Handle                             0x080027dd   Thumb Code   182  main.o(i.Alert_Handle)
    ButtonLED_Init                           0x08002899   Thumb Code   162  button.o(i.ButtonLED_Init)
    Buzzer_Off                               0x08002955   Thumb Code    14  button.o(i.Buzzer_Off)
    Buzzer_On                                0x08002969   Thumb Code    48  button.o(i.Buzzer_On)
    DF_Play                                  0x0800299d   Thumb Code    16  dfplayer.o(i.DF_Play)
    DF_Send_CMD                              0x080029ad   Thumb Code    68  dfplayer.o(i.DF_Send_CMD)
    DF_Set_Volume                            0x080029f9   Thumb Code    16  dfplayer.o(i.DF_Set_Volume)
    DF_UART_Init                             0x08002a09   Thumb Code    60  dfplayer.o(i.DF_UART_Init)
    DelayMillis                              0x08002a45   Thumb Code    30  systick_time.o(i.DelayMillis)
    DelayMs                                  0x08002a69   Thumb Code    18  systick_time.o(i.DelayMs)
    ESP32_SPI_Init                           0x08002a7d   Thumb Code    92  esp32.o(i.ESP32_SPI_Init)
    ESP32_TxRx                               0x08002ae1   Thumb Code    80  esp32.o(i.ESP32_TxRx)
    ESP32_get_LBS                            0x08002b35   Thumb Code   126  esp32.o(i.ESP32_get_LBS)
    ESP32_process_data                       0x08002bc1   Thumb Code    84  esp32.o(i.ESP32_process_data)
    EXTI0_IRQHandler                         0x08002c1d   Thumb Code    66  main.o(i.EXTI0_IRQHandler)
    GPS_UART_Init                            0x08002c6d   Thumb Code    16  gps.o(i.GPS_UART_Init)
    GPS_process_data                         0x08002c7d   Thumb Code   604  gps.o(i.GPS_process_data)
    Ignore_Distance_Zone                     0x08002f21   Thumb Code    26  ultrasonic.o(i.Ignore_Distance_Zone)
    KF                                       0x08002f3d   Thumb Code   238  ultrasonic.o(i.KF)
    SysTick_Handler                          0x0800312d   Thumb Code    46  port.o(i.SysTick_Handler)
    SystemInit                               0x08003161   Thumb Code    78  system_stm32f10x.o(i.SystemInit)
    UART_RX                                  0x080031c1   Thumb Code    84  uart_drive.o(i.UART_RX)
    UART_SEND                                0x08003221   Thumb Code    28  uart_drive.o(i.UART_SEND)
    UART_SEND_SERIAL                         0x0800323d   Thumb Code    98  uart_drive.o(i.UART_SEND_SERIAL)
    UART_TX                                  0x080032ad   Thumb Code    76  uart_drive.o(i.UART_TX)
    UART_init                                0x08003305   Thumb Code   346  uart_drive.o(i.UART_init)
    USART1_IRQHandler                        0x08003479   Thumb Code    40  main.o(i.USART1_IRQHandler)
    USART2_IRQHandler                        0x080034a9   Thumb Code    20  main.o(i.USART2_IRQHandler)
    USART3_IRQHandler                        0x080034bd   Thumb Code   136  a7680c.o(i.USART3_IRQHandler)
    USART_BRR                                0x08003555   Thumb Code   192  uart_drive.o(i.USART_BRR)
    Ultrasonic_Init                          0x0800362d   Thumb Code    62  ultrasonic.o(i.Ultrasonic_Init)
    Ultrasonic_Measure                       0x08003675   Thumb Code    52  ultrasonic.o(i.Ultrasonic_Measure)
    __ARM_fpclassify                         0x080036a9   Thumb Code    40  fpclassify.o(i.__ARM_fpclassify)
    __mathlib_dbl_overflow                   0x080036f3   Thumb Code    14  dunder.o(i.__mathlib_dbl_overflow)
    __mathlib_dbl_underflow                  0x08003701   Thumb Code    10  dunder.o(i.__mathlib_dbl_underflow)
    __mathlib_narrow                         0x08003711   Thumb Code    16  narrow.o(i.__mathlib_narrow)
    __mathlib_tofloat                        0x08003721   Thumb Code   184  narrow.o(i.__mathlib_tofloat)
    __support_ldexp                          0x080037dd   Thumb Code    22  ldexp.o(i.__support_ldexp)
    _is_digit                                0x080037f3   Thumb Code    14  __printf_wp.o(i._is_digit)
    frexp                                    0x08003801   Thumb Code    80  frexp.o(i.frexp)
    get_alert_level                          0x08003859   Thumb Code    54  main.o(i.get_alert_level)
    get_channel                              0x0800388f   Thumb Code   132  timer_drive.o(i.get_channel)
    get_timer_address                        0x08003915   Thumb Code    74  timer_drive.o(i.get_timer_address)
    get_timer_pin                            0x0800396d   Thumb Code    74  timer_drive.o(i.get_timer_pin)
    init_GP                                  0x080039b9   Thumb Code   164  gp_drive.o(i.init_GP)
    ldexp                                    0x08003a6d   Thumb Code   116  ldexp.o(i.ldexp)
    main                                     0x08003ae1   Thumb Code   176  main.o(i.main)
    pvPortMalloc                             0x080046f1   Thumb Code   226  heap_2.o(i.pvPortMalloc)
    pvTaskIncrementMutexHeldCount            0x080047e5   Thumb Code    14  tasks.o(i.pvTaskIncrementMutexHeldCount)
    pxPortInitialiseStack                    0x080047f9   Thumb Code    30  port.o(i.pxPortInitialiseStack)
    sleep                                    0x0800481d   Thumb Code    26  main.o(i.sleep)
    systick_init                             0x08004837   Thumb Code    24  systick_time.o(i.systick_init)
    timer_capture_micro                      0x08004851   Thumb Code   256  timer_drive.o(i.timer_capture_micro)
    timer_get_capture_micro                  0x08004955   Thumb Code    96  timer_drive.o(i.timer_get_capture_micro)
    timer_pwm_micro                          0x080049b5   Thumb Code   254  timer_drive.o(i.timer_pwm_micro)
    ulTaskGenericNotifyTake                  0x08004ab9   Thumb Code   196  tasks.o(i.ulTaskGenericNotifyTake)
    uxListRemove                             0x08004b85   Thumb Code    40  list.o(i.uxListRemove)
    vApplicationGetIdleTaskMemory            0x08004bad   Thumb Code    14  tasks.o(i.vApplicationGetIdleTaskMemory)
    vApplicationGetTimerTaskMemory           0x08004bc5   Thumb Code    14  tasks.o(i.vApplicationGetTimerTaskMemory)
    vListInitialise                          0x08004bdd   Thumb Code    26  list.o(i.vListInitialise)
    vListInitialiseItem                      0x08004bf7   Thumb Code     6  list.o(i.vListInitialiseItem)
    vListInsert                              0x08004bfd   Thumb Code    52  list.o(i.vListInsert)
    vPortEnterCritical                       0x08004c31   Thumb Code    76  port.o(i.vPortEnterCritical)
    vPortExitCritical                        0x08004c85   Thumb Code    56  port.o(i.vPortExitCritical)
    vPortFree                                0x08004cc1   Thumb Code   152  heap_2.o(i.vPortFree)
    vPortSetupTimerInterrupt                 0x08004d61   Thumb Code    20  port.o(i.vPortSetupTimerInterrupt)
    vPortValidateInterruptPriority           0x08004d79   Thumb Code   106  port.o(i.vPortValidateInterruptPriority)
    vQueueWaitForMessageRestricted           0x08004df1   Thumb Code    74  queue.o(i.vQueueWaitForMessageRestricted)
    vTaskAlert                               0x08004e3d   Thumb Code    70  main.o(i.vTaskAlert)
    vTaskDelay                               0x08004e8d   Thumb Code    82  tasks.o(i.vTaskDelay)
    vTaskGenericNotifyGiveFromISR            0x08004ee9   Thumb Code   386  tasks.o(i.vTaskGenericNotifyGiveFromISR)
    vTaskInternalSetTimeOutState             0x08005085   Thumb Code    14  tasks.o(i.vTaskInternalSetTimeOutState)
    vTaskLedBlue                             0x0800509d   Thumb Code    72  main.o(i.vTaskLedBlue)
    vTaskLocationHandler                     0x080050e9   Thumb Code   132  main.o(i.vTaskLocationHandler)
    vTaskMissedYield                         0x080051e5   Thumb Code     8  tasks.o(i.vTaskMissedYield)
    vTaskPlaceOnEventList                    0x080051f1   Thumb Code    52  tasks.o(i.vTaskPlaceOnEventList)
    vTaskPlaceOnEventListRestricted          0x08005229   Thumb Code    98  tasks.o(i.vTaskPlaceOnEventListRestricted)
    vTaskPriorityDisinheritAfterTimeout      0x08005291   Thumb Code   256  tasks.o(i.vTaskPriorityDisinheritAfterTimeout)
    vTaskSendSMS                             0x0800539d   Thumb Code    20  main.o(i.vTaskSendSMS)
    vTaskStartScheduler                      0x080053b1   Thumb Code   106  tasks.o(i.vTaskStartScheduler)
    vTaskSuspendAll                          0x0800542d   Thumb Code    12  tasks.o(i.vTaskSuspendAll)
    vTaskSwitchContext                       0x0800543d   Thumb Code   130  tasks.o(i.vTaskSwitchContext)
    vTaskUltrasonicMeasure                   0x080054d5   Thumb Code    96  main.o(i.vTaskUltrasonicMeasure)
    xPortStartScheduler                      0x08005541   Thumb Code   228  port.o(i.xPortStartScheduler)
    xQueueCreateMutex                        0x08005639   Thumb Code    34  queue.o(i.xQueueCreateMutex)
    xQueueGenericCreate                      0x0800565b   Thumb Code   108  queue.o(i.xQueueGenericCreate)
    xQueueGenericCreateStatic                0x080056c7   Thumb Code   154  queue.o(i.xQueueGenericCreateStatic)
    xQueueGenericReset                       0x08005761   Thumb Code   214  queue.o(i.xQueueGenericReset)
    xQueueGenericSend                        0x0800583d   Thumb Code   420  queue.o(i.xQueueGenericSend)
    xQueueReceive                            0x080059e5   Thumb Code   356  queue.o(i.xQueueReceive)
    xQueueSemaphoreTake                      0x08005b4d   Thumb Code   398  queue.o(i.xQueueSemaphoreTake)
    xTaskCheckForTimeOut                     0x08005ce1   Thumb Code   136  tasks.o(i.xTaskCheckForTimeOut)
    xTaskCreate                              0x08005d71   Thumb Code    56  tasks.o(i.xTaskCreate)
    xTaskCreateStatic                        0x08005da9   Thumb Code    64  tasks.o(i.xTaskCreateStatic)
    xTaskDelayUntil                          0x08005de9   Thumb Code   202  tasks.o(i.xTaskDelayUntil)
    xTaskGenericNotify                       0x08005ec1   Thumb Code   460  tasks.o(i.xTaskGenericNotify)
    xTaskGetSchedulerState                   0x080060a1   Thumb Code    24  tasks.o(i.xTaskGetSchedulerState)
    xTaskGetTickCount                        0x080060c1   Thumb Code     6  tasks.o(i.xTaskGetTickCount)
    xTaskIncrementTick                       0x080060cd   Thumb Code   392  tasks.o(i.xTaskIncrementTick)
    xTaskPriorityDisinherit                  0x08006281   Thumb Code   214  tasks.o(i.xTaskPriorityDisinherit)
    xTaskPriorityInherit                     0x08006365   Thumb Code   212  tasks.o(i.xTaskPriorityInherit)
    xTaskRemoveFromEventList                 0x08006445   Thumb Code   282  tasks.o(i.xTaskRemoveFromEventList)
    xTaskResumeAll                           0x08006579   Thumb Code   382  tasks.o(i.xTaskResumeAll)
    xTimerCreateTimerTask                    0x0800671d   Thumb Code   100  timers.o(i.xTimerCreateTimerTask)
    _get_lc_numeric                          0x08006795   Thumb Code    44  lc_numeric_c.o(locale$$code)
    _get_lc_ctype                            0x080067c1   Thumb Code    44  lc_ctype_c.o(locale$$code)
    __aeabi_d2f                              0x080067ed   Thumb Code     0  d2f.o(x$fpl$d2f)
    _d2f                                     0x080067ed   Thumb Code    98  d2f.o(x$fpl$d2f)
    __aeabi_dadd                             0x08006851   Thumb Code     0  daddsub_clz.o(x$fpl$dadd)
    _dadd                                    0x08006851   Thumb Code   332  daddsub_clz.o(x$fpl$dadd)
    __fpl_dcheck_NaN1                        0x080069a1   Thumb Code    10  dcheck1.o(x$fpl$dcheck1)
    __fpl_dcmp_Inf                           0x080069b1   Thumb Code    24  dcmpi.o(x$fpl$dcmpinf)
    __aeabi_ddiv                             0x080069c9   Thumb Code     0  ddiv.o(x$fpl$ddiv)
    _ddiv                                    0x080069c9   Thumb Code   552  ddiv.o(x$fpl$ddiv)
    __aeabi_cdcmpeq                          0x08006c79   Thumb Code     0  deqf.o(x$fpl$deqf)
    _dcmpeq                                  0x08006c79   Thumb Code   120  deqf.o(x$fpl$deqf)
    __aeabi_d2uiz                            0x08006cf1   Thumb Code     0  dfixu.o(x$fpl$dfixu)
    _dfixu                                   0x08006cf1   Thumb Code    90  dfixu.o(x$fpl$dfixu)
    __aeabi_ui2d                             0x08006d4b   Thumb Code     0  dflt_clz.o(x$fpl$dfltu)
    _dfltu                                   0x08006d4b   Thumb Code    38  dflt_clz.o(x$fpl$dfltu)
    __aeabi_cdcmple                          0x08006d71   Thumb Code     0  dleqf.o(x$fpl$dleqf)
    _dcmple                                  0x08006d71   Thumb Code   120  dleqf.o(x$fpl$dleqf)
    __fpl_dcmple_InfNaN                      0x08006dd3   Thumb Code     0  dleqf.o(x$fpl$dleqf)
    __aeabi_dmul                             0x08006de9   Thumb Code     0  dmul.o(x$fpl$dmul)
    _dmul                                    0x08006de9   Thumb Code   332  dmul.o(x$fpl$dmul)
    __fpl_dnaninf                            0x08006f3d   Thumb Code   156  dnaninf.o(x$fpl$dnaninf)
    __fpl_dretinf                            0x08006fd9   Thumb Code    12  dretinf.o(x$fpl$dretinf)
    __aeabi_cdrcmple                         0x08006fe5   Thumb Code     0  drleqf.o(x$fpl$drleqf)
    _drcmple                                 0x08006fe5   Thumb Code   108  drleqf.o(x$fpl$drleqf)
    __aeabi_drsub                            0x08007051   Thumb Code     0  daddsub_clz.o(x$fpl$drsb)
    _drsb                                    0x08007051   Thumb Code    22  daddsub_clz.o(x$fpl$drsb)
    __aeabi_dsub                             0x08007069   Thumb Code     0  daddsub_clz.o(x$fpl$dsub)
    _dsub                                    0x08007069   Thumb Code   464  daddsub_clz.o(x$fpl$dsub)
    __fpl_fretinf                            0x0800723d   Thumb Code    10  fretinf.o(x$fpl$fretinf)
    __ieee_status                            0x08007247   Thumb Code     6  istatus.o(x$fpl$ieeestatus)
    _printf_fp_dec                           0x0800724d   Thumb Code     4  printf1.o(x$fpl$printf1)
    __fpl_return_NaN                         0x08007251   Thumb Code   100  retnan.o(x$fpl$retnan)
    __ARM_scalbn                             0x080072b5   Thumb Code    92  scalbn.o(x$fpl$scalbn)
    _scanf_real                              0x08007311   Thumb Code     4  scanf1.o(x$fpl$scanf1)
    _scanf_hex_real                          0x08007315   Thumb Code     4  scanf2.o(x$fpl$scanf2)
    _scanf_infnan                            0x08007319   Thumb Code     4  scanf2.o(x$fpl$scanf2)
    __fpl_cmpreturn                          0x0800731d   Thumb Code    48  trapv.o(x$fpl$trapveneer)
    __I$use$fp                               0x0800734c   Number         0  usenofp.o(x$fpl$usenofp)
    Region$$Table$$Base                      0x08007434   Number         0  anon$$obj.o(Region$$Table)
    Region$$Table$$Limit                     0x08007454   Number         0  anon$$obj.o(Region$$Table)
    __aeabi_HUGE_VAL                         0x08007454   Data           0  fpconst.o(c$$dinf)
    __aeabi_HUGE_VALL                        0x08007454   Data           0  fpconst.o(c$$dinf)
    __aeabi_INFINITY                         0x08007454   Data           0  fpconst.o(c$$dinf)
    __dInf                                   0x08007454   Data           0  fpconst.o(c$$dinf)
    __huge_val                               0x08007454   Data           0  fpconst.o(c$$dinf)
    __dbl_max                                0x0800745c   Data           0  fpconst.o(c$$dmax)
    __ctype                                  0x0800748d   Data           0  lc_ctype_c.o(locale$$data)
    millis_tick                              0x20000000   Data           2  main.o(.data)
    last_ticks                               0x20000002   Data           2  main.o(.data)
    pre_ticks                                0x20000004   Data           2  main.o(.data)
    xMutex                                   0x20000008   Data           4  main.o(.data)
    init_cmd                                 0x2000001d   Data         360  a7680c.o(.data)
    sms_cmd                                  0x20000185   Data         300  a7680c.o(.data)
    checksum                                 0x200002b4   Data           2  dfplayer.o(.data)
    pxCurrentTCB                             0x200002f4   Data           4  tasks.o(.data)
    obstacle_distance                        0x20000350   Data          12  main.o(.bss)
    location_msg                             0x2000035c   Data          60  main.o(.bss)
    gps                                      0x20000398   Data          88  main.o(.bss)
    ESP32_buf                                0x200003f0   Data          40  esp32.o(.bss)
    A7680C_buf                               0x20000418   Data          40  a7680c.o(.bss)
    GPS_buf                                  0x20000440   Data         100  gps.o(.bss)
    __libspace_start                         0x20001b48   Data          96  libspace.o(.bss)
    __temporary_stack_top$libspace           0x20001ba8   Data           0  libspace.o(.bss)



==============================================================================

Memory Map of the image

  Image Entry point : 0x080000ed

  Load Region LR_IROM1 (Base: 0x08000000, Size: 0x000078dc, Max: 0x00010000, ABSOLUTE, COMPRESSED[0x000075fc])

    Execution Region ER_IROM1 (Exec base: 0x08000000, Load base: 0x08000000, Size: 0x00007590, Max: 0x00010000, ABSOLUTE)

    Exec Addr    Load Addr    Size         Type   Attr      Idx    E Section Name        Object

    0x08000000   0x08000000   0x000000ec   Data   RO         1953    RESET               startup_stm32f10x_md.o
    0x080000ec   0x080000ec   0x00000008   Code   RO         2060  * !!!main             c_w.l(__main.o)
    0x080000f4   0x080000f4   0x00000034   Code   RO         2429    !!!scatter          c_w.l(__scatter.o)
    0x08000128   0x08000128   0x0000005a   Code   RO         2427    !!dczerorl2         c_w.l(__dczerorl2.o)
    0x08000182   0x08000182   0x00000002   PAD
    0x08000184   0x08000184   0x0000001c   Code   RO         2431    !!handler_zi        c_w.l(__scatter_zi.o)
    0x080001a0   0x080001a0   0x00000000   Code   RO         2038    .ARM.Collect$$_printf_percent$$00000000  c_w.l(_printf_percent.o)
    0x080001a0   0x080001a0   0x00000006   Code   RO         2037    .ARM.Collect$$_printf_percent$$00000003  c_w.l(_printf_f.o)
    0x080001a6   0x080001a6   0x00000006   Code   RO         2036    .ARM.Collect$$_printf_percent$$00000014  c_w.l(_printf_s.o)
    0x080001ac   0x080001ac   0x00000004   Code   RO         2114    .ARM.Collect$$_printf_percent$$00000017  c_w.l(_printf_percent_end.o)
    0x080001b0   0x080001b0   0x00000002   Code   RO         2253    .ARM.Collect$$libinit$$00000000  c_w.l(libinit.o)
    0x080001b2   0x080001b2   0x00000000   Code   RO         2255    .ARM.Collect$$libinit$$00000002  c_w.l(libinit2.o)
    0x080001b2   0x080001b2   0x00000000   Code   RO         2257    .ARM.Collect$$libinit$$00000004  c_w.l(libinit2.o)
    0x080001b2   0x080001b2   0x00000000   Code   RO         2260    .ARM.Collect$$libinit$$0000000A  c_w.l(libinit2.o)
    0x080001b2   0x080001b2   0x00000000   Code   RO         2262    .ARM.Collect$$libinit$$0000000C  c_w.l(libinit2.o)
    0x080001b2   0x080001b2   0x00000000   Code   RO         2264    .ARM.Collect$$libinit$$0000000E  c_w.l(libinit2.o)
    0x080001b2   0x080001b2   0x00000006   Code   RO         2265    .ARM.Collect$$libinit$$0000000F  c_w.l(libinit2.o)
    0x080001b8   0x080001b8   0x00000000   Code   RO         2267    .ARM.Collect$$libinit$$00000011  c_w.l(libinit2.o)
    0x080001b8   0x080001b8   0x0000000c   Code   RO         2268    .ARM.Collect$$libinit$$00000012  c_w.l(libinit2.o)
    0x080001c4   0x080001c4   0x00000000   Code   RO         2269    .ARM.Collect$$libinit$$00000013  c_w.l(libinit2.o)
    0x080001c4   0x080001c4   0x00000000   Code   RO         2271    .ARM.Collect$$libinit$$00000015  c_w.l(libinit2.o)
    0x080001c4   0x080001c4   0x0000000a   Code   RO         2272    .ARM.Collect$$libinit$$00000016  c_w.l(libinit2.o)
    0x080001ce   0x080001ce   0x00000000   Code   RO         2273    .ARM.Collect$$libinit$$00000017  c_w.l(libinit2.o)
    0x080001ce   0x080001ce   0x00000000   Code   RO         2275    .ARM.Collect$$libinit$$00000019  c_w.l(libinit2.o)
    0x080001ce   0x080001ce   0x00000000   Code   RO         2277    .ARM.Collect$$libinit$$0000001B  c_w.l(libinit2.o)
    0x080001ce   0x080001ce   0x00000000   Code   RO         2279    .ARM.Collect$$libinit$$0000001D  c_w.l(libinit2.o)
    0x080001ce   0x080001ce   0x00000000   Code   RO         2281    .ARM.Collect$$libinit$$0000001F  c_w.l(libinit2.o)
    0x080001ce   0x080001ce   0x00000000   Code   RO         2283    .ARM.Collect$$libinit$$00000021  c_w.l(libinit2.o)
    0x080001ce   0x080001ce   0x00000000   Code   RO         2285    .ARM.Collect$$libinit$$00000023  c_w.l(libinit2.o)
    0x080001ce   0x080001ce   0x00000000   Code   RO         2287    .ARM.Collect$$libinit$$00000025  c_w.l(libinit2.o)
    0x080001ce   0x080001ce   0x00000000   Code   RO         2291    .ARM.Collect$$libinit$$0000002C  c_w.l(libinit2.o)
    0x080001ce   0x080001ce   0x00000000   Code   RO         2293    .ARM.Collect$$libinit$$0000002E  c_w.l(libinit2.o)
    0x080001ce   0x080001ce   0x00000000   Code   RO         2295    .ARM.Collect$$libinit$$00000030  c_w.l(libinit2.o)
    0x080001ce   0x080001ce   0x00000000   Code   RO         2297    .ARM.Collect$$libinit$$00000032  c_w.l(libinit2.o)
    0x080001ce   0x080001ce   0x00000002   Code   RO         2298    .ARM.Collect$$libinit$$00000033  c_w.l(libinit2.o)
    0x080001d0   0x080001d0   0x00000002   Code   RO         2388    .ARM.Collect$$libshutdown$$00000000  c_w.l(libshutdown.o)
    0x080001d2   0x080001d2   0x00000000   Code   RO         2408    .ARM.Collect$$libshutdown$$00000002  c_w.l(libshutdown2.o)
    0x080001d2   0x080001d2   0x00000000   Code   RO         2410    .ARM.Collect$$libshutdown$$00000004  c_w.l(libshutdown2.o)
    0x080001d2   0x080001d2   0x00000000   Code   RO         2413    .ARM.Collect$$libshutdown$$00000007  c_w.l(libshutdown2.o)
    0x080001d2   0x080001d2   0x00000000   Code   RO         2416    .ARM.Collect$$libshutdown$$0000000A  c_w.l(libshutdown2.o)
    0x080001d2   0x080001d2   0x00000000   Code   RO         2418    .ARM.Collect$$libshutdown$$0000000C  c_w.l(libshutdown2.o)
    0x080001d2   0x080001d2   0x00000000   Code   RO         2421    .ARM.Collect$$libshutdown$$0000000F  c_w.l(libshutdown2.o)
    0x080001d2   0x080001d2   0x00000002   Code   RO         2422    .ARM.Collect$$libshutdown$$00000010  c_w.l(libshutdown2.o)
    0x080001d4   0x080001d4   0x00000000   Code   RO         2094    .ARM.Collect$$rtentry$$00000000  c_w.l(__rtentry.o)
    0x080001d4   0x080001d4   0x00000000   Code   RO         2142    .ARM.Collect$$rtentry$$00000002  c_w.l(__rtentry2.o)
    0x080001d4   0x080001d4   0x00000006   Code   RO         2154    .ARM.Collect$$rtentry$$00000004  c_w.l(__rtentry4.o)
    0x080001da   0x080001da   0x00000000   Code   RO         2144    .ARM.Collect$$rtentry$$00000009  c_w.l(__rtentry2.o)
    0x080001da   0x080001da   0x00000004   Code   RO         2145    .ARM.Collect$$rtentry$$0000000A  c_w.l(__rtentry2.o)
    0x080001de   0x080001de   0x00000000   Code   RO         2147    .ARM.Collect$$rtentry$$0000000C  c_w.l(__rtentry2.o)
    0x080001de   0x080001de   0x00000008   Code   RO         2148    .ARM.Collect$$rtentry$$0000000D  c_w.l(__rtentry2.o)
    0x080001e6   0x080001e6   0x00000002   Code   RO         2307    .ARM.Collect$$rtexit$$00000000  c_w.l(rtexit.o)
    0x080001e8   0x080001e8   0x00000000   Code   RO         2340    .ARM.Collect$$rtexit$$00000002  c_w.l(rtexit2.o)
    0x080001e8   0x080001e8   0x00000004   Code   RO         2341    .ARM.Collect$$rtexit$$00000003  c_w.l(rtexit2.o)
    0x080001ec   0x080001ec   0x00000006   Code   RO         2342    .ARM.Collect$$rtexit$$00000004  c_w.l(rtexit2.o)
    0x080001f2   0x080001f2   0x00000002   PAD
    0x080001f4   0x080001f4   0x00000096   Code   RO         1085    .emb_text           port.o
    0x0800028a   0x0800028a   0x00000002   PAD
    0x0800028c   0x0800028c   0x00000040   Code   RO         1954    .text               startup_stm32f10x_md.o
    0x080002cc   0x080002cc   0x000000ee   Code   RO         2006    .text               c_w.l(lludivv7m.o)
    0x080003ba   0x080003ba   0x00000002   PAD
    0x080003bc   0x080003bc   0x00000028   Code   RO         2010    .text               c_w.l(noretval__2sprintf.o)
    0x080003e4   0x080003e4   0x00000052   Code   RO         2014    .text               c_w.l(_printf_str.o)
    0x08000436   0x08000436   0x00000160   Code   RO         2031    .text               c_w.l(__printf_ss_wp.o)
    0x08000596   0x08000596   0x00000002   PAD
    0x08000598   0x08000598   0x0000003c   Code   RO         2039    .text               c_w.l(__0sscanf.o)
    0x080005d4   0x080005d4   0x0000014c   Code   RO         2041    .text               c_w.l(_scanf_int.o)
    0x08000720   0x08000720   0x0000000c   Code   RO         2045    .text               c_w.l(strtok.o)
    0x0800072c   0x0800072c   0x00000048   Code   RO         2048    .text               c_w.l(strcpy.o)
    0x08000774   0x08000774   0x0000008a   Code   RO         2050    .text               c_w.l(rt_memcpy_v6.o)
    0x080007fe   0x080007fe   0x00000044   Code   RO         2052    .text               c_w.l(rt_memclr.o)
    0x08000842   0x08000842   0x0000004e   Code   RO         2054    .text               c_w.l(rt_memclr_w.o)
    0x08000890   0x08000890   0x00000056   Code   RO         2056    .text               c_w.l(strncpy.o)
    0x080008e6   0x080008e6   0x00000006   Code   RO         2058    .text               c_w.l(heapauxi.o)
    0x080008ec   0x080008ec   0x00000008   Code   RO         2102    .text               c_w.l(rt_errno_addr_intlibspace.o)
    0x080008f4   0x080008f4   0x00000016   Code   RO         2104    .text               c_w.l(_rserrno.o)
    0x0800090a   0x0800090a   0x0000041e   Code   RO         2106    .text               c_w.l(_printf_fp_dec.o)
    0x08000d28   0x08000d28   0x00000030   Code   RO         2108    .text               c_w.l(_printf_char_common.o)
    0x08000d58   0x08000d58   0x0000000a   Code   RO         2110    .text               c_w.l(_sputc.o)
    0x08000d62   0x08000d62   0x0000002c   Code   RO         2112    .text               c_w.l(_printf_char.o)
    0x08000d8e   0x08000d8e   0x0000001c   Code   RO         2115    .text               c_w.l(_chval.o)
    0x08000daa   0x08000daa   0x00000002   PAD
    0x08000dac   0x08000dac   0x000004f8   Code   RO         2117    .text               c_w.l(scanf_fp.o)
    0x080012a4   0x080012a4   0x0000002c   Code   RO         2119    .text               c_w.l(scanf_char.o)
    0x080012d0   0x080012d0   0x00000040   Code   RO         2121    .text               c_w.l(_sgetc.o)
    0x08001310   0x08001310   0x00000044   Code   RO         2127    .text               c_w.l(strtok_int.o)
    0x08001354   0x08001354   0x00000064   Code   RO         2129    .text               c_w.l(rt_memcpy_w.o)
    0x080013b8   0x080013b8   0x00000008   Code   RO         2138    .text               c_w.l(libspace.o)
    0x080013c0   0x080013c0   0x00000010   Code   RO         2156    .text               c_w.l(rt_ctype_table.o)
    0x080013d0   0x080013d0   0x00000008   Code   RO         2163    .text               c_w.l(rt_locale_intlibspace.o)
    0x080013d8   0x080013d8   0x0000008a   Code   RO         2165    .text               c_w.l(lludiv10.o)
    0x08001462   0x08001462   0x00000012   Code   RO         2167    .text               c_w.l(isspace.o)
    0x08001474   0x08001474   0x00000080   Code   RO         2169    .text               c_w.l(_printf_fp_infnan.o)
    0x080014f4   0x080014f4   0x00000374   Code   RO         2173    .text               c_w.l(_scanf.o)
    0x08001868   0x08001868   0x000000e4   Code   RO         2177    .text               c_w.l(bigflt0.o)
    0x0800194c   0x0800194c   0x00000020   Code   RO         2205    .text               c_w.l(strcspn.o)
    0x0800196c   0x0800196c   0x0000001c   Code   RO         2207    .text               c_w.l(strspn.o)
    0x08001988   0x08001988   0x0000004a   Code   RO         2231    .text               c_w.l(sys_stackheap_outer.o)
    0x080019d2   0x080019d2   0x00000002   PAD
    0x080019d4   0x080019d4   0x00000320   Code   RO         2233    .text               c_w.l(scanf_hexfp.o)
    0x08001cf4   0x08001cf4   0x00000134   Code   RO         2235    .text               c_w.l(scanf_infnan.o)
    0x08001e28   0x08001e28   0x00000012   Code   RO         2240    .text               c_w.l(exit.o)
    0x08001e3a   0x08001e3a   0x00000002   PAD
    0x08001e3c   0x08001e3c   0x00000080   Code   RO         2246    .text               c_w.l(strcmpv7m.o)
    0x08001ebc   0x08001ebc   0x00000026   Code   RO         2311    .text               c_w.l(llshl.o)
    0x08001ee2   0x08001ee2   0x00000002   PAD
    0x08001ee4   0x08001ee4   0x0000000c   Code   RO         2337    .text               c_w.l(sys_exit.o)
    0x08001ef0   0x08001ef0   0x00000002   Code   RO         2375    .text               c_w.l(use_no_semi.o)
    0x08001ef2   0x08001ef2   0x00000000   Code   RO         2377    .text               c_w.l(indicate_semi.o)
    0x08001ef2   0x08001ef2   0x0000003e   Code   RO         2180    CL$$btod_d2e        c_w.l(btod.o)
    0x08001f30   0x08001f30   0x00000046   Code   RO         2182    CL$$btod_d2e_denorm_low  c_w.l(btod.o)
    0x08001f76   0x08001f76   0x00000060   Code   RO         2181    CL$$btod_d2e_norm_op1  c_w.l(btod.o)
    0x08001fd6   0x08001fd6   0x00000338   Code   RO         2190    CL$$btod_div_common  c_w.l(btod.o)
    0x0800230e   0x0800230e   0x00000002   PAD
    0x08002310   0x08002310   0x00000084   Code   RO         2188    CL$$btod_e2d        c_w.l(btod.o)
    0x08002394   0x08002394   0x000000dc   Code   RO         2187    CL$$btod_e2e        c_w.l(btod.o)
    0x08002470   0x08002470   0x0000002a   Code   RO         2184    CL$$btod_ediv       c_w.l(btod.o)
    0x0800249a   0x0800249a   0x0000002a   Code   RO         2186    CL$$btod_edivd      c_w.l(btod.o)
    0x080024c4   0x080024c4   0x0000002a   Code   RO         2183    CL$$btod_emul       c_w.l(btod.o)
    0x080024ee   0x080024ee   0x0000002a   Code   RO         2185    CL$$btod_emuld      c_w.l(btod.o)
    0x08002518   0x08002518   0x00000244   Code   RO         2189    CL$$btod_mult_common  c_w.l(btod.o)
    0x0800275c   0x0800275c   0x00000034   Code   RO          701    i.A7680C_UART_Init  a7680c.o
    0x08002790   0x08002790   0x0000004c   Code   RO          704    i.A7680C_send_msg   a7680c.o
    0x080027dc   0x080027dc   0x000000bc   Code   RO          398    i.Alert_Handle      main.o
    0x08002898   0x08002898   0x000000bc   Code   RO          563    i.ButtonLED_Init    button.o
    0x08002954   0x08002954   0x00000014   Code   RO          564    i.Buzzer_Off        button.o
    0x08002968   0x08002968   0x00000034   Code   RO          565    i.Buzzer_On         button.o
    0x0800299c   0x0800299c   0x00000010   Code   RO          773    i.DF_Play           dfplayer.o
    0x080029ac   0x080029ac   0x0000004c   Code   RO          776    i.DF_Send_CMD       dfplayer.o
    0x080029f8   0x080029f8   0x00000010   Code   RO          777    i.DF_Set_Volume     dfplayer.o
    0x08002a08   0x08002a08   0x0000003c   Code   RO          778    i.DF_UART_Init      dfplayer.o
    0x08002a44   0x08002a44   0x00000024   Code   RO            4    i.DelayMillis       systick_time.o
    0x08002a68   0x08002a68   0x00000012   Code   RO            5    i.DelayMs           systick_time.o
    0x08002a7a   0x08002a7a   0x00000002   PAD
    0x08002a7c   0x08002a7c   0x00000064   Code   RO          634    i.ESP32_SPI_Init    esp32.o
    0x08002ae0   0x08002ae0   0x00000054   Code   RO          635    i.ESP32_TxRx        esp32.o
    0x08002b34   0x08002b34   0x0000008c   Code   RO          636    i.ESP32_get_LBS     esp32.o
    0x08002bc0   0x08002bc0   0x0000005c   Code   RO          637    i.ESP32_process_data  esp32.o
    0x08002c1c   0x08002c1c   0x00000050   Code   RO          399    i.EXTI0_IRQHandler  main.o
    0x08002c6c   0x08002c6c   0x00000010   Code   RO          859    i.GPS_UART_Init     gps.o
    0x08002c7c   0x08002c7c   0x000002a4   Code   RO          860    i.GPS_process_data  gps.o
    0x08002f20   0x08002f20   0x0000001a   Code   RO          914    i.Ignore_Distance_Zone  ultrasonic.o
    0x08002f3a   0x08002f3a   0x00000002   PAD
    0x08002f3c   0x08002f3c   0x00000108   Code   RO          915    i.KF                ultrasonic.o
    0x08003044   0x08003044   0x00000008   Code   RO         1961    i.SetSysClock       system_stm32f10x.o
    0x0800304c   0x0800304c   0x000000e0   Code   RO         1962    i.SetSysClockTo72   system_stm32f10x.o
    0x0800312c   0x0800312c   0x00000034   Code   RO         1086    i.SysTick_Handler   port.o
    0x08003160   0x08003160   0x00000060   Code   RO         1964    i.SystemInit        system_stm32f10x.o
    0x080031c0   0x080031c0   0x00000060   Code   RO          321    i.UART_RX           uart_drive.o
    0x08003220   0x08003220   0x0000001c   Code   RO          322    i.UART_SEND         uart_drive.o
    0x0800323c   0x0800323c   0x00000070   Code   RO          323    i.UART_SEND_SERIAL  uart_drive.o
    0x080032ac   0x080032ac   0x00000058   Code   RO          324    i.UART_TX           uart_drive.o
    0x08003304   0x08003304   0x00000174   Code   RO          325    i.UART_init         uart_drive.o
    0x08003478   0x08003478   0x00000030   Code   RO          400    i.USART1_IRQHandler  main.o
    0x080034a8   0x080034a8   0x00000014   Code   RO          401    i.USART2_IRQHandler  main.o
    0x080034bc   0x080034bc   0x00000098   Code   RO          705    i.USART3_IRQHandler  a7680c.o
    0x08003554   0x08003554   0x000000d8   Code   RO          327    i.USART_BRR         uart_drive.o
    0x0800362c   0x0800362c   0x00000048   Code   RO          916    i.Ultrasonic_Init   ultrasonic.o
    0x08003674   0x08003674   0x00000034   Code   RO          917    i.Ultrasonic_Measure  ultrasonic.o
    0x080036a8   0x080036a8   0x00000028   Code   RO         2223    i.__ARM_fpclassify  m_ws.l(fpclassify.o)
    0x080036d0   0x080036d0   0x00000022   Code   RO          328    i.__NVIC_EnableIRQ  uart_drive.o
    0x080036f2   0x080036f2   0x0000000e   Code   RO         2360    i.__mathlib_dbl_overflow  m_ws.l(dunder.o)
    0x08003700   0x08003700   0x00000010   Code   RO         2362    i.__mathlib_dbl_underflow  m_ws.l(dunder.o)
    0x08003710   0x08003710   0x00000010   Code   RO         2225    i.__mathlib_narrow  m_ws.l(narrow.o)
    0x08003720   0x08003720   0x000000bc   Code   RO         2226    i.__mathlib_tofloat  m_ws.l(narrow.o)
    0x080037dc   0x080037dc   0x00000016   Code   RO         2326    i.__support_ldexp   m_ws.l(ldexp.o)
    0x080037f2   0x080037f2   0x0000000e   Code   RO         2026    i._is_digit         c_w.l(__printf_wp.o)
    0x08003800   0x08003800   0x00000058   Code   RO         2304    i.frexp             m_ws.l(frexp.o)
    0x08003858   0x08003858   0x00000036   Code   RO          402    i.get_alert_level   main.o
    0x0800388e   0x0800388e   0x00000084   Code   RO          135    i.get_channel       timer_drive.o
    0x08003912   0x08003912   0x00000002   PAD
    0x08003914   0x08003914   0x00000058   Code   RO          139    i.get_timer_address  timer_drive.o
    0x0800396c   0x0800396c   0x0000004a   Code   RO          140    i.get_timer_pin     timer_drive.o
    0x080039b6   0x080039b6   0x00000002   PAD
    0x080039b8   0x080039b8   0x000000b4   Code   RO           95    i.init_GP           gp_drive.o
    0x08003a6c   0x08003a6c   0x00000074   Code   RO         2327    i.ldexp             m_ws.l(ldexp.o)
    0x08003ae0   0x08003ae0   0x00000118   Code   RO          403    i.main              main.o
    0x08003bf8   0x08003bf8   0x000000b0   Code   RO         1392    i.prvAddCurrentTaskToDelayedList  tasks.o
    0x08003ca8   0x08003ca8   0x000000f4   Code   RO         1393    i.prvAddNewTaskToReadyList  tasks.o
    0x08003d9c   0x08003d9c   0x0000005c   Code   RO         1783    i.prvCheckForValidListAndQueue  timers.o
    0x08003df8   0x08003df8   0x00000048   Code   RO         1394    i.prvCheckTasksWaitingTermination  tasks.o
    0x08003e40   0x08003e40   0x0000002a   Code   RO         1168    i.prvCopyDataFromQueue  queue.o
    0x08003e6a   0x08003e6a   0x0000007e   Code   RO         1169    i.prvCopyDataToQueue  queue.o
    0x08003ee8   0x08003ee8   0x00000088   Code   RO         1395    i.prvCreateIdleTasks  tasks.o
    0x08003f70   0x08003f70   0x000000b8   Code   RO         1396    i.prvCreateStaticTask  tasks.o
    0x08004028   0x08004028   0x0000005e   Code   RO         1397    i.prvCreateTask     tasks.o
    0x08004086   0x08004086   0x00000050   Code   RO         1398    i.prvDeleteTCB      tasks.o
    0x080040d6   0x080040d6   0x00000014   Code   RO         1170    i.prvGetDisinheritPriorityAfterTimeout  queue.o
    0x080040ea   0x080040ea   0x00000002   PAD
    0x080040ec   0x080040ec   0x00000028   Code   RO         1784    i.prvGetNextExpireTime  timers.o
    0x08004114   0x08004114   0x00000038   Code   RO          969    i.prvHeapInit       heap_2.o
    0x0800414c   0x0800414c   0x00000028   Code   RO         1399    i.prvIdleTask       tasks.o
    0x08004174   0x08004174   0x0000001e   Code   RO         1171    i.prvInitialiseMutex  queue.o
    0x08004192   0x08004192   0x00000026   Code   RO         1172    i.prvInitialiseNewQueue  queue.o
    0x080041b8   0x080041b8   0x000000c2   Code   RO         1400    i.prvInitialiseNewTask  tasks.o
    0x0800427a   0x0800427a   0x00000002   PAD
    0x0800427c   0x0800427c   0x00000068   Code   RO         1401    i.prvInitialiseTaskLists  tasks.o
    0x080042e4   0x080042e4   0x00000058   Code   RO         1786    i.prvInsertTimerInActiveList  timers.o
    0x0800433c   0x0800433c   0x0000001a   Code   RO         1173    i.prvIsQueueEmpty   queue.o
    0x08004356   0x08004356   0x0000001e   Code   RO         1174    i.prvIsQueueFull    queue.o
    0x08004374   0x08004374   0x00000044   Code   RO         1787    i.prvProcessExpiredTimer  timers.o
    0x080043b8   0x080043b8   0x00000124   Code   RO         1788    i.prvProcessReceivedCommands  timers.o
    0x080044dc   0x080044dc   0x00000074   Code   RO         1789    i.prvProcessTimerOrBlockTask  timers.o
    0x08004550   0x08004550   0x00000028   Code   RO         1790    i.prvReloadTimer    timers.o
    0x08004578   0x08004578   0x00000030   Code   RO         1402    i.prvResetNextTaskUnblockTime  tasks.o
    0x080045a8   0x080045a8   0x0000002c   Code   RO         1791    i.prvSampleTimeNow  timers.o
    0x080045d4   0x080045d4   0x00000044   Code   RO         1792    i.prvSwitchTimerLists  timers.o
    0x08004618   0x08004618   0x00000040   Code   RO         1087    i.prvTaskExitError  port.o
    0x08004658   0x08004658   0x0000001a   Code   RO         1793    i.prvTimerTask      timers.o
    0x08004672   0x08004672   0x0000007e   Code   RO         1175    i.prvUnlockQueue    queue.o
    0x080046f0   0x080046f0   0x000000f4   Code   RO          971    i.pvPortMalloc      heap_2.o
    0x080047e4   0x080047e4   0x00000014   Code   RO         1404    i.pvTaskIncrementMutexHeldCount  tasks.o
    0x080047f8   0x080047f8   0x00000024   Code   RO         1088    i.pxPortInitialiseStack  port.o
    0x0800481c   0x0800481c   0x0000001a   Code   RO          404    i.sleep             main.o
    0x08004836   0x08004836   0x00000018   Code   RO            8    i.systick_init      systick_time.o
    0x0800484e   0x0800484e   0x00000002   PAD
    0x08004850   0x08004850   0x00000104   Code   RO          141    i.timer_capture_micro  timer_drive.o
    0x08004954   0x08004954   0x00000060   Code   RO          146    i.timer_get_capture_micro  timer_drive.o
    0x080049b4   0x080049b4   0x00000104   Code   RO          152    i.timer_pwm_micro   timer_drive.o
    0x08004ab8   0x08004ab8   0x000000cc   Code   RO         1405    i.ulTaskGenericNotifyTake  tasks.o
    0x08004b84   0x08004b84   0x00000028   Code   RO         1046    i.uxListRemove      list.o
    0x08004bac   0x08004bac   0x00000018   Code   RO         1413    i.vApplicationGetIdleTaskMemory  tasks.o
    0x08004bc4   0x08004bc4   0x00000018   Code   RO         1414    i.vApplicationGetTimerTaskMemory  tasks.o
    0x08004bdc   0x08004bdc   0x0000001a   Code   RO         1047    i.vListInitialise   list.o
    0x08004bf6   0x08004bf6   0x00000006   Code   RO         1048    i.vListInitialiseItem  list.o
    0x08004bfc   0x08004bfc   0x00000034   Code   RO         1049    i.vListInsert       list.o
    0x08004c30   0x08004c30   0x00000054   Code   RO         1090    i.vPortEnterCritical  port.o
    0x08004c84   0x08004c84   0x0000003c   Code   RO         1091    i.vPortExitCritical  port.o
    0x08004cc0   0x08004cc0   0x000000a0   Code   RO          972    i.vPortFree         heap_2.o
    0x08004d60   0x08004d60   0x00000018   Code   RO         1092    i.vPortSetupTimerInterrupt  port.o
    0x08004d78   0x08004d78   0x00000078   Code   RO         1093    i.vPortValidateInterruptPriority  port.o
    0x08004df0   0x08004df0   0x0000004a   Code   RO         1182    i.vQueueWaitForMessageRestricted  queue.o
    0x08004e3a   0x08004e3a   0x00000002   PAD
    0x08004e3c   0x08004e3c   0x00000050   Code   RO          405    i.vTaskAlert        main.o
    0x08004e8c   0x08004e8c   0x0000005c   Code   RO         1415    i.vTaskDelay        tasks.o
    0x08004ee8   0x08004ee8   0x0000019c   Code   RO         1418    i.vTaskGenericNotifyGiveFromISR  tasks.o
    0x08005084   0x08005084   0x00000018   Code   RO         1419    i.vTaskInternalSetTimeOutState  tasks.o
    0x0800509c   0x0800509c   0x0000004c   Code   RO          406    i.vTaskLedBlue      main.o
    0x080050e8   0x080050e8   0x000000fc   Code   RO          407    i.vTaskLocationHandler  main.o
    0x080051e4   0x080051e4   0x0000000c   Code   RO         1420    i.vTaskMissedYield  tasks.o
    0x080051f0   0x080051f0   0x00000038   Code   RO         1421    i.vTaskPlaceOnEventList  tasks.o
    0x08005228   0x08005228   0x00000068   Code   RO         1422    i.vTaskPlaceOnEventListRestricted  tasks.o
    0x08005290   0x08005290   0x0000010c   Code   RO         1424    i.vTaskPriorityDisinheritAfterTimeout  tasks.o
    0x0800539c   0x0800539c   0x00000014   Code   RO          408    i.vTaskSendSMS      main.o
    0x080053b0   0x080053b0   0x0000007c   Code   RO         1430    i.vTaskStartScheduler  tasks.o
    0x0800542c   0x0800542c   0x00000010   Code   RO         1432    i.vTaskSuspendAll   tasks.o
    0x0800543c   0x0800543c   0x00000098   Code   RO         1433    i.vTaskSwitchContext  tasks.o
    0x080054d4   0x080054d4   0x0000006c   Code   RO          409    i.vTaskUltrasonicMeasure  main.o
    0x08005540   0x08005540   0x000000f8   Code   RO         1094    i.xPortStartScheduler  port.o
    0x08005638   0x08005638   0x00000022   Code   RO         1185    i.xQueueCreateMutex  queue.o
    0x0800565a   0x0800565a   0x0000006c   Code   RO         1187    i.xQueueGenericCreate  queue.o
    0x080056c6   0x080056c6   0x0000009a   Code   RO         1188    i.xQueueGenericCreateStatic  queue.o
    0x08005760   0x08005760   0x000000dc   Code   RO         1190    i.xQueueGenericReset  queue.o
    0x0800583c   0x0800583c   0x000001a8   Code   RO         1191    i.xQueueGenericSend  queue.o
    0x080059e4   0x080059e4   0x00000168   Code   RO         1199    i.xQueueReceive     queue.o
    0x08005b4c   0x08005b4c   0x00000194   Code   RO         1201    i.xQueueSemaphoreTake  queue.o
    0x08005ce0   0x08005ce0   0x00000090   Code   RO         1435    i.xTaskCheckForTimeOut  tasks.o
    0x08005d70   0x08005d70   0x00000038   Code   RO         1436    i.xTaskCreate       tasks.o
    0x08005da8   0x08005da8   0x00000040   Code   RO         1437    i.xTaskCreateStatic  tasks.o
    0x08005de8   0x08005de8   0x000000d8   Code   RO         1438    i.xTaskDelayUntil   tasks.o
    0x08005ec0   0x08005ec0   0x000001e0   Code   RO         1439    i.xTaskGenericNotify  tasks.o
    0x080060a0   0x080060a0   0x00000020   Code   RO         1445    i.xTaskGetSchedulerState  tasks.o
    0x080060c0   0x080060c0   0x0000000c   Code   RO         1447    i.xTaskGetTickCount  tasks.o
    0x080060cc   0x080060cc   0x000001b4   Code   RO         1449    i.xTaskIncrementTick  tasks.o
    0x08006280   0x08006280   0x000000e4   Code   RO         1450    i.xTaskPriorityDisinherit  tasks.o
    0x08006364   0x08006364   0x000000e0   Code   RO         1451    i.xTaskPriorityInherit  tasks.o
    0x08006444   0x08006444   0x00000134   Code   RO         1452    i.xTaskRemoveFromEventList  tasks.o
    0x08006578   0x08006578   0x000001a4   Code   RO         1453    i.xTaskResumeAll    tasks.o
    0x0800671c   0x0800671c   0x00000078   Code   RO         1801    i.xTimerCreateTimerTask  timers.o
    0x08006794   0x08006794   0x0000002c   Code   RO         2203    locale$$code        c_w.l(lc_numeric_c.o)
    0x080067c0   0x080067c0   0x0000002c   Code   RO         2238    locale$$code        c_w.l(lc_ctype_c.o)
    0x080067ec   0x080067ec   0x00000062   Code   RO         2299    x$fpl$d2f           fz_ws.l(d2f.o)
    0x0800684e   0x0800684e   0x00000002   PAD
    0x08006850   0x08006850   0x00000150   Code   RO         2062    x$fpl$dadd          fz_ws.l(daddsub_clz.o)
    0x080069a0   0x080069a0   0x00000010   Code   RO         2354    x$fpl$dcheck1       fz_ws.l(dcheck1.o)
    0x080069b0   0x080069b0   0x00000018   Code   RO         2209    x$fpl$dcmpinf       fz_ws.l(dcmpi.o)
    0x080069c8   0x080069c8   0x000002b0   Code   RO         2069    x$fpl$ddiv          fz_ws.l(ddiv.o)
    0x08006c78   0x08006c78   0x00000078   Code   RO         2301    x$fpl$deqf          fz_ws.l(deqf.o)
    0x08006cf0   0x08006cf0   0x0000005a   Code   RO         2072    x$fpl$dfixu         fz_ws.l(dfixu.o)
    0x08006d4a   0x08006d4a   0x00000026   Code   RO         2076    x$fpl$dfltu         fz_ws.l(dflt_clz.o)
    0x08006d70   0x08006d70   0x00000078   Code   RO         2131    x$fpl$dleqf         fz_ws.l(dleqf.o)
    0x08006de8   0x08006de8   0x00000154   Code   RO         2082    x$fpl$dmul          fz_ws.l(dmul.o)
    0x08006f3c   0x08006f3c   0x0000009c   Code   RO         2133    x$fpl$dnaninf       fz_ws.l(dnaninf.o)
    0x08006fd8   0x08006fd8   0x0000000c   Code   RO         2135    x$fpl$dretinf       fz_ws.l(dretinf.o)
    0x08006fe4   0x08006fe4   0x0000006c   Code   RO         2084    x$fpl$drleqf        fz_ws.l(drleqf.o)
    0x08007050   0x08007050   0x00000016   Code   RO         2063    x$fpl$drsb          fz_ws.l(daddsub_clz.o)
    0x08007066   0x08007066   0x00000002   PAD
    0x08007068   0x08007068   0x000001d4   Code   RO         2064    x$fpl$dsub          fz_ws.l(daddsub_clz.o)
    0x0800723c   0x0800723c   0x0000000a   Code   RO         2321    x$fpl$fretinf       fz_ws.l(fretinf.o)
    0x08007246   0x08007246   0x00000006   Code   RO         2215    x$fpl$ieeestatus    fz_ws.l(istatus.o)
    0x0800724c   0x0800724c   0x00000004   Code   RO         2086    x$fpl$printf1       fz_ws.l(printf1.o)
    0x08007250   0x08007250   0x00000064   Code   RO         2389    x$fpl$retnan        fz_ws.l(retnan.o)
    0x080072b4   0x080072b4   0x0000005c   Code   RO         2323    x$fpl$scalbn        fz_ws.l(scalbn.o)
    0x08007310   0x08007310   0x00000004   Code   RO         2088    x$fpl$scanf1        fz_ws.l(scanf1.o)
    0x08007314   0x08007314   0x00000008   Code   RO         2217    x$fpl$scanf2        fz_ws.l(scanf2.o)
    0x0800731c   0x0800731c   0x00000030   Code   RO         2423    x$fpl$trapveneer    fz_ws.l(trapv.o)
    0x0800734c   0x0800734c   0x00000000   Code   RO         2137    x$fpl$usenofp       fz_ws.l(usenofp.o)
    0x0800734c   0x0800734c   0x00000009   Data   RO          411    .constdata          main.o
    0x08007355   0x08007355   0x00000003   PAD
    0x08007358   0x08007358   0x00000020   Data   RO          639    .constdata          esp32.o
    0x08007378   0x08007378   0x00000004   Data   RO          707    .constdata          a7680c.o
    0x0800737c   0x0800737c   0x0000000a   Data   RO          779    .constdata          dfplayer.o
    0x08007386   0x08007386   0x00000002   PAD
    0x08007388   0x08007388   0x00000018   Data   RO          919    .constdata          ultrasonic.o
    0x080073a0   0x080073a0   0x00000094   Data   RO         2178    .constdata          c_w.l(bigflt0.o)
    0x08007434   0x08007434   0x00000020   Data   RO         2425    Region$$Table       anon$$obj.o
    0x08007454   0x08007454   0x00000008   Data   RO         2211    c$$dinf             fz_ws.l(fpconst.o)
    0x0800745c   0x0800745c   0x00000008   Data   RO         2214    c$$dmax             fz_ws.l(fpconst.o)
    0x08007464   0x08007464   0x0000001c   Data   RO         2202    locale$$data        c_w.l(lc_numeric_c.o)
    0x08007480   0x08007480   0x00000110   Data   RO         2237    locale$$data        c_w.l(lc_ctype_c.o)


    Execution Region RW_IRAM1 (Exec base: 0x20000000, Load base: 0x08007590, Size: 0x000021a8, Max: 0x00005000, ABSOLUTE, COMPRESSED[0x0000006c])

    Exec Addr    Load Addr    Size         Type   Attr      Idx    E Section Name        Object

    0x20000000   COMPRESSED   0x0000001d   Data   RW          412    .data               main.o
    0x2000001d   COMPRESSED   0x00000297   Data   RW          708    .data               a7680c.o
    0x200002b4   COMPRESSED   0x00000002   Data   RW          780    .data               dfplayer.o
    0x200002b6   COMPRESSED   0x00000002   PAD
    0x200002b8   COMPRESSED   0x00000018   Data   RW          920    .data               ultrasonic.o
    0x200002d0   COMPRESSED   0x00000018   Data   RW          977    .data               heap_2.o
    0x200002e8   COMPRESSED   0x0000000c   Data   RW         1095    .data               port.o
    0x200002f4   COMPRESSED   0x00000040   Data   RW         1456    .data               tasks.o
    0x20000334   COMPRESSED   0x00000014   Data   RW         1811    .data               timers.o
    0x20000348   COMPRESSED   0x00000004   Data   RW         2046    .data               c_w.l(strtok.o)
    0x2000034c   COMPRESSED   0x00000004   PAD
    0x20000350        -       0x000000a0   Zero   RW          410    .bss                main.o
    0x200003f0        -       0x00000028   Zero   RW          638    .bss                esp32.o
    0x20000418        -       0x00000028   Zero   RW          706    .bss                a7680c.o
    0x20000440        -       0x00000064   Zero   RW          862    .bss                gps.o
    0x200004a4   COMPRESSED   0x00000004   PAD
    0x200004a8        -       0x00000048   Zero   RW          918    .bss                ultrasonic.o
    0x200004f0        -       0x00001000   Zero   RW          976    .bss                heap_2.o
    0x200014f0        -       0x00000570   Zero   RW         1455    .bss                tasks.o
    0x20001a60        -       0x000000e8   Zero   RW         1810    .bss                timers.o
    0x20001b48        -       0x00000060   Zero   RW         2139    .bss                c_w.l(libspace.o)
    0x20001ba8        -       0x00000200   Zero   RW         1952    HEAP                startup_stm32f10x_md.o
    0x20001da8        -       0x00000400   Zero   RW         1951    STACK               startup_stm32f10x_md.o


==============================================================================

Image component sizes


      Code (inc. data)   RO Data    RW Data    ZI Data      Debug   Object Name

       280         34          4        663         40       2419   a7680c.o
       260         36          0          0          0      26853   button.o
       168          8         10          2          0       2290   dfplayer.o
       416         34         32          0         40       2963   esp32.o
       180         16          0          0          0        722   gp_drive.o
       692         80          0          0        100       2609   gps.o
       460         40          0         24       4096      49151   heap_2.o
       124          0          0          0          0       2525   list.o
      1232        278          9         29        160      29825   main.o
       838         78          0         12          0       9969   port.o
      2216         20          0          0          0      61054   queue.o
        64         26        236          0       1536        820   startup_stm32f10x_md.o
       328         28          0          0          0       2125   system_stm32f10x.o
        78          6          0          0          0     209259   systick_time.o
      5524        480          0         64       1392      40205   tasks.o
       910         46          0          0          0       4648   timer_drive.o
       994        110          0         20        232      11040   timers.o
       946         88          0          0          0      30242   uart_drive.o
       414         36         24         24         72       2555   ultrasonic.o

    ----------------------------------------------------------------------
     16142       1444        352        840       7672     491274   Object Totals
         0          0         32          0          0          0   (incl. Generated)
        18          0          5          2          4          0   (incl. Padding)

    ----------------------------------------------------------------------

      Code (inc. data)   RO Data    RW Data    ZI Data      Debug   Library Member Name

        60          8          0          0          0         84   __0sscanf.o
        90          0          0          0          0          0   __dczerorl2.o
         8          0          0          0          0         68   __main.o
       352          0          0          0          0         88   __printf_ss_wp.o
        14          0          0          0          0         68   __printf_wp.o
         0          0          0          0          0          0   __rtentry.o
        12          0          0          0          0          0   __rtentry2.o
         6          0          0          0          0          0   __rtentry4.o
        52          8          0          0          0          0   __scatter.o
        28          0          0          0          0          0   __scatter_zi.o
        28          0          0          0          0         68   _chval.o
        44          0          0          0          0        108   _printf_char.o
        48          6          0          0          0         96   _printf_char_common.o
         6          0          0          0          0          0   _printf_f.o
      1054          0          0          0          0        216   _printf_fp_dec.o
       128         16          0          0          0         84   _printf_fp_infnan.o
         0          0          0          0          0          0   _printf_percent.o
         4          0          0          0          0          0   _printf_percent_end.o
         6          0          0          0          0          0   _printf_s.o
        82          0          0          0          0         80   _printf_str.o
        22          0          0          0          0        100   _rserrno.o
       884          6          0          0          0        100   _scanf.o
       332          0          0          0          0         96   _scanf_int.o
        64          0          0          0          0         84   _sgetc.o
        10          0          0          0          0         68   _sputc.o
       228          4        148          0          0         96   bigflt0.o
      2152        136          0          0          0        960   btod.o
        18          0          0          0          0         80   exit.o
         6          0          0          0          0        152   heapauxi.o
         0          0          0          0          0          0   indicate_semi.o
        18          0          0          0          0         76   isspace.o
        44         10        272          0          0         76   lc_ctype_c.o
        44         10         28          0          0         76   lc_numeric_c.o
         2          0          0          0          0          0   libinit.o
        30          0          0          0          0          0   libinit2.o
         2          0          0          0          0          0   libshutdown.o
         2          0          0          0          0          0   libshutdown2.o
         8          4          0          0         96         68   libspace.o
        38          0          0          0          0         68   llshl.o
       138          0          0          0          0         80   lludiv10.o
       238          0          0          0          0        100   lludivv7m.o
        40          6          0          0          0         84   noretval__2sprintf.o
        16          4          0          0          0         76   rt_ctype_table.o
         8          4          0          0          0         68   rt_errno_addr_intlibspace.o
         8          4          0          0          0         68   rt_locale_intlibspace.o
        68          0          0          0          0         68   rt_memclr.o
        78          0          0          0          0         80   rt_memclr_w.o
       138          0          0          0          0         68   rt_memcpy_v6.o
       100          0          0          0          0         80   rt_memcpy_w.o
         2          0          0          0          0          0   rtexit.o
        10          0          0          0          0          0   rtexit2.o
        44          8          0          0          0         84   scanf_char.o
      1272         16          0          0          0        168   scanf_fp.o
       800         14          0          0          0        100   scanf_hexfp.o
       308         16          0          0          0        100   scanf_infnan.o
       128          0          0          0          0         68   strcmpv7m.o
        72          0          0          0          0         80   strcpy.o
        32          0          0          0          0         80   strcspn.o
        86          0          0          0          0         76   strncpy.o
        28          0          0          0          0         80   strspn.o
        12          6          0          4          0         68   strtok.o
        68          4          0          0          0         84   strtok_int.o
        12          4          0          0          0         68   sys_exit.o
        74          0          0          0          0         80   sys_stackheap_outer.o
         2          0          0          0          0         68   use_no_semi.o
        98          4          0          0          0         92   d2f.o
       826         16          0          0          0        348   daddsub_clz.o
        16          4          0          0          0         68   dcheck1.o
        24          0          0          0          0         68   dcmpi.o
       688        140          0          0          0        208   ddiv.o
       120          4          0          0          0         92   deqf.o
        90          4          0          0          0         92   dfixu.o
        38          0          0          0          0         68   dflt_clz.o
       120          4          0          0          0         92   dleqf.o
       340         12          0          0          0        104   dmul.o
       156          4          0          0          0         92   dnaninf.o
        12          0          0          0          0         68   dretinf.o
       108          0          0          0          0         80   drleqf.o
         0          0         16          0          0          0   fpconst.o
        10          0          0          0          0         68   fretinf.o
         6          0          0          0          0         68   istatus.o
         4          0          0          0          0         68   printf1.o
       100          0          0          0          0         68   retnan.o
        92          0          0          0          0         68   scalbn.o
         4          0          0          0          0         68   scanf1.o
         8          0          0          0          0         84   scanf2.o
        48          0          0          0          0         68   trapv.o
         0          0          0          0          0          0   usenofp.o
        30          6          0          0          0        136   dunder.o
        40          0          0          0          0         68   fpclassify.o
        88          8          0          0          0         76   frexp.o
       138          0          0          0          0        160   ldexp.o
       204          4          0          0          0        168   narrow.o

    ----------------------------------------------------------------------
     13138        506        464          4        100       7676   Library Totals
        22          2          0          0          4          0   (incl. Padding)

    ----------------------------------------------------------------------

      Code (inc. data)   RO Data    RW Data    ZI Data      Debug   Library Name

      9708        294        448          4         96       5036   c_w.l
      2908        192         16          0          0       2032   fz_ws.l
       500         18          0          0          0        608   m_ws.l

    ----------------------------------------------------------------------
     13138        506        464          4        100       7676   Library Totals

    ----------------------------------------------------------------------

==============================================================================


      Code (inc. data)   RO Data    RW Data    ZI Data      Debug   

     29280       1950        816        844       7772     487766   Grand Totals
     29280       1950        816        108       7772     487766   ELF Image Totals (compressed)
     29280       1950        816        108          0          0   ROM Totals

==============================================================================

    Total RO  Size (Code + RO Data)                30096 (  29.39kB)
    Total RW  Size (RW Data + ZI Data)              8616 (   8.41kB)
    Total ROM Size (Code + RO Data + RW Data)      30204 (  29.50kB)

==============================================================================

