Component: ARM Compiler 5.06 update 6 (build 750) Tool: armlink [4d35ed]

==============================================================================

Section Cross References

    systick_time.o(i.DelayMs) refers to systick_time.o(i.DelayMillis) for DelayMillis
    systick_time.o(i.DelayUs) refers to systick_time.o(i.Delaymicro) for Delaymicro
    systick_time.o(i.systick_int) refers to systick_time.o(i.systick_init) for systick_init
    gp_drive.o(i.toggle_GP) refers to gp_drive.o(i.R_GP) for R_GP
    gp_drive.o(i.toggle_GP) refers to gp_drive.o(i.W_GP) for W_GP
    timer_drive.o(i.TDelay_Micro) refers to timer_drive.o(i.TDelay_Micros) for TDelay_Micros
    timer_drive.o(i.TDelay_Micros) refers to timer_drive.o(i.timer_start_micros) for timer_start_micros
    timer_drive.o(i.TDelay_Milli) refers to timer_drive.o(i.TDelay_Millis) for TDelay_Millis
    timer_drive.o(i.TDelay_Millis) refers to timer_drive.o(i.TDelay_Micros) for TDelay_Micros
    timer_drive.o(i.get_time_micros) refers to timer_drive.o(i.get_timer) for get_timer
    timer_drive.o(i.get_time_millis) refers to timer_drive.o(i.get_time_micros) for get_time_micros
    timer_drive.o(i.timer_capture_micro) refers to timer_drive.o(i.get_timer_address) for get_timer_address
    timer_drive.o(i.timer_capture_micro) refers to timer_drive.o(i.get_timer_pin) for get_timer_pin
    timer_drive.o(i.timer_capture_micro) refers to timer_drive.o(i.get_channel) for get_channel
    timer_drive.o(i.timer_capture_micro) refers to gp_drive.o(i.init_GP) for init_GP
    timer_drive.o(i.timer_capture_milli) refers to timer_drive.o(i.get_timer_address) for get_timer_address
    timer_drive.o(i.timer_capture_milli) refers to timer_drive.o(i.get_timer_pin) for get_timer_pin
    timer_drive.o(i.timer_capture_milli) refers to timer_drive.o(i.get_channel) for get_channel
    timer_drive.o(i.timer_capture_milli) refers to gp_drive.o(i.init_GP) for init_GP
    timer_drive.o(i.timer_channel_stop) refers to timer_drive.o(i.get_timer_address) for get_timer_address
    timer_drive.o(i.timer_channel_stop) refers to timer_drive.o(i.get_channel) for get_channel
    timer_drive.o(i.timer_compare_micro) refers to timer_drive.o(i.get_timer_address) for get_timer_address
    timer_drive.o(i.timer_compare_micro) refers to timer_drive.o(i.get_timer_pin) for get_timer_pin
    timer_drive.o(i.timer_compare_micro) refers to timer_drive.o(i.get_channel) for get_channel
    timer_drive.o(i.timer_compare_micro) refers to gp_drive.o(i.init_GP) for init_GP
    timer_drive.o(i.timer_compare_milli) refers to timer_drive.o(i.get_timer_address) for get_timer_address
    timer_drive.o(i.timer_compare_milli) refers to timer_drive.o(i.get_timer_pin) for get_timer_pin
    timer_drive.o(i.timer_compare_milli) refers to timer_drive.o(i.get_channel) for get_channel
    timer_drive.o(i.timer_compare_milli) refers to gp_drive.o(i.init_GP) for init_GP
    timer_drive.o(i.timer_get_capture_micro) refers to timer_drive.o(i.get_timer_address) for get_timer_address
    timer_drive.o(i.timer_get_capture_micro) refers to timer_drive.o(i.get_channel) for get_channel
    timer_drive.o(i.timer_get_capture_milli) refers to timer_drive.o(i.timer_get_capture_micro) for timer_get_capture_micro
    timer_drive.o(i.timer_irq_Rflag) refers to timer_drive.o(i.get_timer) for get_timer
    timer_drive.o(i.timer_irq_micro_start) refers to timer_drive.o(i.timer_start_micros) for timer_start_micros
    timer_drive.o(i.timer_irq_micro_start) refers to timer_drive.o(i.__NVIC_EnableIRQ) for __NVIC_EnableIRQ
    timer_drive.o(i.timer_irq_millis_start) refers to timer_drive.o(i.timer_start_millis) for timer_start_millis
    timer_drive.o(i.timer_irq_millis_start) refers to timer_drive.o(i.__NVIC_EnableIRQ) for __NVIC_EnableIRQ
    timer_drive.o(i.timer_irq_stop) refers to timer_drive.o(i.get_timer) for get_timer
    timer_drive.o(i.timer_irq_stop) refers to timer_drive.o(i.__NVIC_DisableIRQ) for __NVIC_DisableIRQ
    timer_drive.o(i.timer_pwm_micro) refers to timer_drive.o(i.get_timer_address) for get_timer_address
    timer_drive.o(i.timer_pwm_micro) refers to timer_drive.o(i.get_timer_pin) for get_timer_pin
    timer_drive.o(i.timer_pwm_micro) refers to timer_drive.o(i.get_channel) for get_channel
    timer_drive.o(i.timer_pwm_micro) refers to gp_drive.o(i.init_GP) for init_GP
    timer_drive.o(i.timer_pwm_milli) refers to timer_drive.o(i.get_timer_address) for get_timer_address
    timer_drive.o(i.timer_pwm_milli) refers to timer_drive.o(i.get_timer_pin) for get_timer_pin
    timer_drive.o(i.timer_pwm_milli) refers to timer_drive.o(i.get_channel) for get_channel
    timer_drive.o(i.timer_pwm_milli) refers to gp_drive.o(i.init_GP) for init_GP
    timer_drive.o(i.timer_start_micros) refers to timer_drive.o(i.get_timer) for get_timer
    timer_drive.o(i.timer_start_millis) refers to timer_drive.o(i.get_timer) for get_timer
    timer_drive.o(i.timer_stop) refers to timer_drive.o(i.get_timer) for get_timer
[...]
    .constdata                               0x08007418   Section      148  bigflt0.o(.constdata)
    tenpwrs_x                                0x08007418   Data          60  bigflt0.o(.constdata)
    tenpwrs_i                                0x08007454   Data          64  bigflt0.o(.constdata)
    c$$dinf                                  0x080074cc   Section        8  fpconst.o(c$$dinf)
    c$$dmax                                  0x080074d4   Section        8  fpconst.o(c$$dmax)
    locale$$data                             0x080074dc   Section       28  lc_numeric_c.o(locale$$data)
    __lcnum_c_name                           0x080074e0   Data           2  lc_numeric_c.o(locale$$data)
    __lcnum_c_start                          0x080074e8   Data           0  lc_numeric_c.o(locale$$data)
    __lcnum_c_point                          0x080074f4   Data           0  lc_numeric_c.o(locale$$data)
    __lcnum_c_thousands                      0x080074f6   Data           0  lc_numeric_c.o(locale$$data)
    __lcnum_c_grouping                       0x080074f7   Data           0  lc_numeric_c.o(locale$$data)
    locale$$data                             0x080074f8   Section      272  lc_ctype_c.o(locale$$data)
    __lcnum_c_end                            0x080074f8   Data           0  lc_numeric_c.o(locale$$data)
    __lcctype_c_name                         0x080074fc   Data           2  lc_ctype_c.o(locale$$data)
    __lcctype_c_start                        0x08007504   Data           0  lc_ctype_c.o(locale$$data)
    __lcctype_c_end                          0x08007608   Data           0  lc_ctype_c.o(locale$$data)
    .data                                    0x20000000   Section       24  main.o(.data)
    pxAlert                                  0x2000000c   Data           4  main.o(.data)
    pxLocationHandler                        0x20000010   Data           4  main.o(.data)
    pxSendSMS                                0x20000014   Data           4  main.o(.data)
    .data                                    0x20000018   Section      663  a7680c.o(.data)
    i                                        0x200002ac   Data           1  a7680c.o(.data)
    flag_lbs                                 0x200002ad   Data           1  a7680c.o(.data)
    not_end                                  0x200002ae   Data           1  a7680c.o(.data)
    .data                                    0x200002b0   Section        2  dfplayer.o(.data)
    .data                                    0x200002b2   Section        1  gps.o(.data)
    count                                    0x200002b2   Data           1  gps.o(.data)
    .data                                    0x200002b8   Section       24  ultrasonic.o(.data)
    Q                                        0x200002b8   Data          24  ultrasonic.o(.data)
    .data                                    0x200002d0   Section       24  heap_2.o(.data)
    xStart                                   0x200002d0   Data           8  heap_2.o(.data)
    xEnd                                     0x200002d8   Data           8  heap_2.o(.data)
    xFreeBytesRemaining                      0x200002e0   Data           4  heap_2.o(.data)
    xHeapHasBeenInitialised                  0x200002e4   Data           4  heap_2.o(.data)
    .data                                    0x200002e8   Section       12  port.o(.data)
    uxCriticalNesting                        0x200002e8   Data           4  port.o(.data)
    ucMaxSysCallPriority                     0x200002ec   Data           1  port.o(.data)
    ulMaxPRIGROUPValue                       0x200002f0   Data           4  port.o(.data)
    .data                                    0x200002f4   Section       64  tasks.o(.data)
    pxDelayedTaskList                        0x200002f8   Data           4  tasks.o(.data)
    pxOverflowDelayedTaskList                0x200002fc   Data           4  tasks.o(.data)
    uxDeletedTasksWaitingCleanUp             0x20000300   Data           4  tasks.o(.data)
    uxCurrentNumberOfTasks                   0x20000304   Data           4  tasks.o(.data)
    xTickCount                               0x20000308   Data           4  tasks.o(.data)
    uxTopReadyPriority                       0x2000030c   Data           4  tasks.o(.data)
    xSchedulerRunning                        0x20000310   Data           4  tasks.o(.data)
    xPendedTicks                             0x20000314   Data           4  tasks.o(.data)
    xYieldPendings                           0x20000318   Data           4  tasks.o(.data)
    xNumOfOverflows                          0x2000031c   Data           4  tasks.o(.data)
    uxTaskNumber                             0x20000320   Data           4  tasks.o(.data)
    xNextTaskUnblockTime                     0x20000324   Data           4  tasks.o(.data)
    xIdleTaskHandles                         0x20000328   Data           4  tasks.o(.data)
    uxTopUsedPriority                        0x2000032c   Data           4  tasks.o(.data)
    uxSchedulerSuspended                     0x20000330   Data           4  tasks.o(.data)
    .data                                    0x20000334   Section       20  timers.o(.data)
    pxCurrentTimerList                       0x20000334   Data           4  timers.o(.data)
    pxOverflowTimerList                      0x20000338   Data           4  timers.o(.data)
    xTimerQueue                              0x2000033c   Data           4  timers.o(.data)
    xTimerTaskHandle                         0x20000340   Data           4  timers.o(.data)
    xLastTime                                0x20000344   Data           4  timers.o(.data)
    .data                                    0x20000348   Section        4  strtok.o(.data)
    _strtok_saves1                           0x20000348   Data           4  strtok.o(.data)
    .bss                                     0x20000350   Section      160  main.o(.bss)
    .bss                                     0x200003f0   Section       40  esp32.o(.bss)
    .bss                                     0x20000418   Section       40  a7680c.o(.bss)
    .bss                                     0x20000440   Section      100  gps.o(.bss)
    .bss                                     0x200004a8   Section       72  ultrasonic.o(.bss)
    P                                        0x200004a8   Data          24  ultrasonic.o(.bss)
    U_hat                                    0x200004c0   Data          24  ultrasonic.o(.bss)
    K                                        0x200004d8   Data          24  ultrasonic.o(.bss)
    .bss                                     0x200004f0   Section     4096  heap_2.o(.bss)
    ucHeap                                   0x200004f0   Data        4096  heap_2.o(.bss)
    .bss                                     0x200014f0   Section     1392  tasks.o(.bss)
    pxReadyTasksLists                        0x200014f0   Data         100  tasks.o(.bss)
    xDelayedTaskList1                        0x20001554   Data          20  tasks.o(.bss)
    xDelayedTaskList2                        0x20001568   Data          20  tasks.o(.bss)
    xPendingReadyList                        0x2000157c   Data          20  tasks.o(.bss)
    xTasksWaitingTermination                 0x20001590   Data          20  tasks.o(.bss)
    xSuspendedTaskList                       0x200015a4   Data          20  tasks.o(.bss)
    xIdleTaskTCB                             0x200015b8   Data          84  tasks.o(.bss)
    uxIdleTaskStack                          0x2000160c   Data         512  tasks.o(.bss)
    xTimerTaskTCB                            0x2000180c   Data          84  tasks.o(.bss)
    uxTimerTaskStack                         0x20001860   Data         512  tasks.o(.bss)
    .bss                                     0x20001a60   Section      232  timers.o(.bss)
    xActiveTimerList1                        0x20001a60   Data          20  timers.o(.bss)
    xActiveTimerList2                        0x20001a74   Data          20  timers.o(.bss)
    xStaticTimerQueue                        0x20001a88   Data          72  timers.o(.bss)
    ucStaticTimerQueueStorage                0x20001ad0   Data         120  timers.o(.bss)
    .bss                                     0x20001b48   Section       96  libspace.o(.bss)
    HEAP                                     0x20001ba8   Section      512  startup_stm32f10x_md.o(HEAP)
    Heap_Mem                                 0x20001ba8   Data         512  startup_stm32f10x_md.o(HEAP)
    STACK                                    0x20001da8   Section     1024  startup_stm32f10x_md.o(STACK)
    Stack_Mem                                0x20001da8   Data        1024  startup_stm32f10x_md.o(STACK)
    __initial_sp                             0x200021a8   Data           0  startup_stm32f10x_md.o(STACK)

    Global Symbols

    Symbol Name                              Value     Ov Type        Size  Object(Section)

    BuildAttributes$$THM_ISAv4$P$D$K$B$S$PE$A:L22UL41UL21$X:L11$S22US41US21$IEEE1$IW$USESV6$~STKCKD$USESV7$~SHL$OTIME$ROPI$IEEEX$EBA8$UX$STANDARDLIB$REQ8$PRES8$EABIv2 0x00000000   Number         0  anon$$obj.o ABSOLUTE
    __ARM_use_no_argv                        0x00000000   Number         0  main.o ABSOLUTE
    _printf_flags                            0x00000000   Number         0  printf_stubs.o ABSOLUTE
    _printf_return_value                     0x00000000   Number         0  printf_stubs.o ABSOLUTE
    _printf_sizespec                         0x00000000   Number         0  printf_stubs.o ABSOLUTE
    _printf_widthprec                        0x00000000   Number         0  printf_stubs.o ABSOLUTE
    __ARM_exceptions_init                     - Undefined Weak Reference
    __alloca_initialize                       - Undefined Weak Reference
    __arm_preinit_                            - Undefined Weak Reference
    __cpp_initialize__aeabi_                  - Undefined Weak Reference
    __cxa_finalize                            - Undefined Weak Reference
    __sigvec_lookup                           - Undefined Weak Reference
    _atexit_init                              - Undefined Weak Reference
    _call_atexit_fns                          - Undefined Weak Reference
    _clock_init                               - Undefined Weak Reference
    _fp_trap_init                             - Undefined Weak Reference
    _fp_trap_shutdown                         - Undefined Weak Reference
    _get_lc_collate                           - Undefined Weak Reference
    _get_lc_monetary                          - Undefined Weak Reference
    _get_lc_time                              - Undefined Weak Reference
    _getenv_init                              - Undefined Weak Reference
    _handle_redirection                       - Undefined Weak Reference
    _init_alloc                               - Undefined Weak Reference
    _init_user_alloc                          - Undefined Weak Reference
    _initio                                   - Undefined Weak Reference
    _printf_mbtowc                            - Undefined Weak Reference
    _printf_post_padding                      - Undefined Weak Reference
    _printf_pre_padding                       - Undefined Weak Reference
    _rand_init                                - Undefined Weak Reference
    _scanf_longlong                           - Undefined Weak Reference
    _scanf_mbtowc                             - Undefined Weak Reference
    _scanf_string                             - Undefined Weak Reference
    _scanf_wctomb                             - Undefined Weak Reference
    _scanf_wstring                            - Undefined Weak Reference
    _signal_finish                            - Undefined Weak Reference
    _signal_init                              - Undefined Weak Reference
    _terminate_alloc                          - Undefined Weak Reference
    _terminate_user_alloc                     - Undefined Weak Reference
    _terminateio                              - Undefined Weak Reference
    __Vectors_Size                           0x000000ec   Number         0  startup_stm32f10x_md.o ABSOLUTE
    __Vectors                                0x08000000   Data           4  startup_stm32f10x_md.o(RESET)
    __Vectors_End                            0x080000ec   Data           0  startup_stm32f10x_md.o(RESET)
    __main                                   0x080000ed   Thumb Code     8  __main.o(!!!main)
    __scatterload                            0x080000f5   Thumb Code     0  __scatter.o(!!!scatter)
    __scatterload_rt2                        0x080000f5   Thumb Code    44  __scatter.o(!!!scatter)
    __scatterload_rt2_thumb_only             0x080000f5   Thumb Code     0  __scatter.o(!!!scatter)
    __scatterload_null                       0x08000103   Thumb Code     0  __scatter.o(!!!scatter)
    __decompress                             0x08000129   Thumb Code    90  __dczerorl2.o(!!dczerorl2)
    __decompress1                            0x08000129   Thumb Code     0  __dczerorl2.o(!!dczerorl2)
    __scatterload_zeroinit                   0x08000185   Thumb Code    28  __scatter_zi.o(!!handler_zi)
    _printf_f                                0x080001a1   Thumb Code     0  _printf_f.o(.ARM.Collect$$_printf_percent$$00000003)
    _printf_percent                          0x080001a1   Thumb Code     0  _printf_percent.o(.ARM.Collect$$_printf_percent$$00000000)
    _printf_s                                0x080001a7   Thumb Code     0  _printf_s.o(.ARM.Collect$$_printf_percent$$00000014)
    _printf_percent_end                      0x080001ad   Thumb Code     0  _printf_percent_end.o(.ARM.Collect$$_printf_percent$$00000017)
    __rt_lib_init                            0x080001b1   Thumb Code     0  libinit.o(.ARM.Collect$$libinit$$00000000)
    __rt_lib_init_fp_1                       0x080001b3   Thumb Code     0  libinit2.o(.ARM.Collect$$libinit$$00000002)
    __rt_lib_init_heap_1                     0x080001b3   Thumb Code     0  libinit2.o(.ARM.Collect$$libinit$$0000000A)
    __rt_lib_init_lc_common                  0x080001b3   Thumb Code     0  libinit2.o(.ARM.Collect$$libinit$$0000000F)
    __rt_lib_init_preinit_1                  0x080001b3   Thumb Code     0  libinit2.o(.ARM.Collect$$libinit$$00000004)
    __rt_lib_init_rand_1                     0x080001b3   Thumb Code     0  libinit2.o(.ARM.Collect$$libinit$$0000000E)
    __rt_lib_init_user_alloc_1               0x080001b3   Thumb Code     0  libinit2.o(.ARM.Collect$$libinit$$0000000C)
    __rt_lib_init_lc_collate_1               0x080001b9   Thumb Code     0  libinit2.o(.ARM.Collect$$libinit$$00000011)
    __rt_lib_init_lc_ctype_2                 0x080001b9   Thumb Code     0  libinit2.o(.ARM.Collect$$libinit$$00000012)
    __rt_lib_init_lc_ctype_1                 0x080001c5   Thumb Code     0  libinit2.o(.ARM.Collect$$libinit$$00000013)
    __rt_lib_init_lc_monetary_1              0x080001c5   Thumb Code     0  libinit2.o(.ARM.Collect$$libinit$$00000015)
    __rt_lib_init_lc_numeric_2               0x080001c5   Thumb Code     0  libinit2.o(.ARM.Collect$$libinit$$00000016)
    __rt_lib_init_alloca_1                   0x080001cf   Thumb Code     0  libinit2.o(.ARM.Collect$$libinit$$0000002E)
    __rt_lib_init_argv_1                     0x080001cf   Thumb Code     0  libinit2.o(.ARM.Collect$$libinit$$0000002C)
    __rt_lib_init_atexit_1                   0x080001cf   Thumb Code     0  libinit2.o(.ARM.Collect$$libinit$$0000001B)
    __rt_lib_init_clock_1                    0x080001cf   Thumb Code     0  libinit2.o(.ARM.Collect$$libinit$$00000021)
    __rt_lib_init_cpp_1                      0x080001cf   Thumb Code     0  libinit2.o(.ARM.Collect$$libinit$$00000032)
    __rt_lib_init_exceptions_1               0x080001cf   Thumb Code     0  libinit2.o(.ARM.Collect$$libinit$$00000030)
    __rt_lib_init_fp_trap_1                  0x080001cf   Thumb Code     0  libinit2.o(.ARM.Collect$$libinit$$0000001F)
    __rt_lib_init_getenv_1                   0x080001cf   Thumb Code     0  libinit2.o(.ARM.Collect$$libinit$$00000023)
    __rt_lib_init_lc_numeric_1               0x080001cf   Thumb Code     0  libinit2.o(.ARM.Collect$$libinit$$00000017)
    __rt_lib_init_lc_time_1                  0x080001cf   Thumb Code     0  libinit2.o(.ARM.Collect$$libinit$$00000019)
    __rt_lib_init_return                     0x080001cf   Thumb Code     0  libinit2.o(.ARM.Collect$$libinit$$00000033)
    __rt_lib_init_signal_1                   0x080001cf   Thumb Code     0  libinit2.o(.ARM.Collect$$libinit$$0000001D)
    __rt_lib_init_stdio_1                    0x080001cf   Thumb Code     0  libinit2.o(.ARM.Collect$$libinit$$00000025)
    __rt_lib_shutdown                        0x080001d1   Thumb Code     0  libshutdown.o(.ARM.Collect$$libshutdown$$00000000)
    __rt_lib_shutdown_cpp_1                  0x080001d3   Thumb Code     0  libshutdown2.o(.ARM.Collect$$libshutdown$$00000002)
    __rt_lib_shutdown_fp_trap_1              0x080001d3   Thumb Code     0  libshutdown2.o(.ARM.Collect$$libshutdown$$00000007)
    __rt_lib_shutdown_heap_1                 0x080001d3   Thumb Code     0  libshutdown2.o(.ARM.Collect$$libshutdown$$0000000F)
    __rt_lib_shutdown_return                 0x080001d3   Thumb Code     0  libshutdown2.o(.ARM.Collect$$libshutdown$$00000010)
    __rt_lib_shutdown_signal_1               0x080001d3   Thumb Code     0  libshutdown2.o(.ARM.Collect$$libshutdown$$0000000A)
    __rt_lib_shutdown_stdio_1                0x080001d3   Thumb Code     0  libshutdown2.o(.ARM.Collect$$libshutdown$$00000004)
    __rt_lib_shutdown_user_alloc_1           0x080001d3   Thumb Code     0  libshutdown2.o(.ARM.Collect$$libshutdown$$0000000C)
    __rt_entry                               0x080001d5   Thumb Code     0  __rtentry.o(.ARM.Collect$$rtentry$$00000000)
    __rt_entry_presh_1                       0x080001d5   Thumb Code     0  __rtentry2.o(.ARM.Collect$$rtentry$$00000002)
    __rt_entry_sh                            0x080001d5   Thumb Code     0  __rtentry4.o(.ARM.Collect$$rtentry$$00000004)
    __rt_entry_li                            0x080001db   Thumb Code     0  __rtentry2.o(.ARM.Collect$$rtentry$$0000000A)
    __rt_entry_postsh_1                      0x080001db   Thumb Code     0  __rtentry2.o(.ARM.Collect$$rtentry$$00000009)
    __rt_entry_main                          0x080001df   Thumb Code     0  __rtentry2.o(.ARM.Collect$$rtentry$$0000000D)
    __rt_entry_postli_1                      0x080001df   Thumb Code     0  __rtentry2.o(.ARM.Collect$$rtentry$$0000000C)
    __rt_exit                                0x080001e7   Thumb Code     0  rtexit.o(.ARM.Collect$$rtexit$$00000000)
    __rt_exit_ls                             0x080001e9   Thumb Code     0  rtexit2.o(.ARM.Collect$$rtexit$$00000003)
    __rt_exit_prels_1                        0x080001e9   Thumb Code     0  rtexit2.o(.ARM.Collect$$rtexit$$00000002)
    __rt_exit_exit                           0x080001ed   Thumb Code     0  rtexit2.o(.ARM.Collect$$rtexit$$00000004)
    SVC_Handler                              0x080001f5   Thumb Code    32  port.o(.emb_text)
    __asm___6_port_c_39a90d8d__prvStartFirstTask 0x08000219   Thumb Code    28  port.o(.emb_text)
    PendSV_Handler                           0x08000239   Thumb Code    72  port.o(.emb_text)
    vPortGetIPSR                             0x08000285   Thumb Code     6  port.o(.emb_text)
    Reset_Handler                            0x0800028d   Thumb Code     8  startup_stm32f10x_md.o(.text)
    NMI_Handler                              0x08000295   Thumb Code     2  startup_stm32f10x_md.o(.text)
    HardFault_Handler                        0x08000297   Thumb Code     2  startup_stm32f10x_md.o(.text)
    MemManage_Handler                        0x08000299   Thumb Code     2  startup_stm32f10x_md.o(.text)
    BusFault_Handler                         0x0800029b   Thumb Code     2  startup_stm32f10x_md.o(.text)
    UsageFault_Handler                       0x0800029d   Thumb Code     2  startup_stm32f10x_md.o(.text)
    DebugMon_Handler                         0x080002a1   Thumb Code     2  startup_stm32f10x_md.o(.text)
    ADC1_2_IRQHandler                        0x080002a7   Thumb Code     0  startup_stm32f10x_md.o(.text)
    CAN1_RX1_IRQHandler                      0x080002a7   Thumb Code     0  startup_stm32f10x_md.o(.text)
    CAN1_SCE_IRQHandler                      0x080002a7   Thumb Code     0  startup_stm32f10x_md.o(.text)
    DMA1_Channel1_IRQHandler                 0x080002a7   Thumb Code     0  startup_stm32f10x_md.o(.text)
    DMA1_Channel2_IRQHandler                 0x080002a7   Thumb Code     0  startup_stm32f10x_md.o(.text)
    DMA1_Channel3_IRQHandler                 0x080002a7   Thumb Code     0  startup_stm32f10x_md.o(.text)
    DMA1_Channel4_IRQHandler                 0x080002a7   Thumb Code     0  startup_stm32f10x_md.o(.text)
    DMA1_Channel5_IRQHandler                 0x080002a7   Thumb Code     0  startup_stm32f10x_md.o(.text)
    DMA1_Channel6_IRQHandler                 0x080002a7   Thumb Code     0  startup_stm32f10x_md.o(.text)
    DMA1_Channel7_IRQHandler                 0x080002a7   Thumb Code     0  startup_stm32f10x_md.o(.text)
    EXTI1_IRQHandler                         0x080002a7   Thumb Code     0  startup_stm32f10x_md.o(.text)
    EXTI2_IRQHandler                         0x080002a7   Thumb Code     0  startup_stm32f10x_md.o(.text)
    EXTI3_IRQHandler                         0x080002a7   Thumb Code     0  startup_stm32f10x_md.o(.text)
    EXTI4_IRQHandler                         0x080002a7   Thumb Code     0  startup_stm32f10x_md.o(.text)
    EXTI9_5_IRQHandler                       0x080002a7   Thumb Code     0  startup_stm32f10x_md.o(.text)
    FLASH_IRQHandler                         0x080002a7   Thumb Code     0  startup_stm32f10x_md.o(.text)
    I2C1_ER_IRQHandler                       0x080002a7   Thumb Code     0  startup_stm32f10x_md.o(.text)
    I2C1_EV_IRQHandler                       0x080002a7   Thumb Code     0  startup_stm32f10x_md.o(.text)
    I2C2_ER_IRQHandler                       0x080002a7   Thumb Code     0  startup_stm32f10x_md.o(.text)
    I2C2_EV_IRQHandler                       0x080002a7   Thumb Code     0  startup_stm32f10x_md.o(.text)
    PVD_IRQHandler                           0x080002a7   Thumb Code     0  startup_stm32f10x_md.o(.text)
    RCC_IRQHandler                           0x080002a7   Thumb Code     0  startup_stm32f10x_md.o(.text)
    RTCAlarm_IRQHandler                      0x080002a7   Thumb Code     0  startup_stm32f10x_md.o(.text)
    RTC_IRQHandler                           0x080002a7   Thumb Code     0  startup_stm32f10x_md.o(.text)
    SPI1_IRQHandler                          0x080002a7   Thumb Code     0  startup_stm32f10x_md.o(.text)
    SPI2_IRQHandler                          0x080002a7   Thumb Code     0  startup_stm32f10x_md.o(.text)
    TAMPER_IRQHandler                        0x080002a7   Thumb Code     0  startup_stm32f10x_md.o(.text)
    TIM1_BRK_IRQHandler                      0x080002a7   Thumb Code     0  startup_stm32f10x_md.o(.text)
    TIM1_CC_IRQHandler                       0x080002a7   Thumb Code     0  startup_stm32f10x_md.o(.text)
    TIM1_TRG_COM_IRQHandler                  0x080002a7   Thumb Code     0  startup_stm32f10x_md.o(.text)
    TIM1_UP_IRQHandler                       0x080002a7   Thumb Code     0  startup_stm32f10x_md.o(.text)
    TIM2_IRQHandler                          0x080002a7   Thumb Code     0  startup_stm32f10x_md.o(.text)
    TIM3_IRQHandler                          0x080002a7   Thumb Code     0  startup_stm32f10x_md.o(.text)
    TIM4_IRQHandler                          0x080002a7   Thumb Code     0  startup_stm32f10x_md.o(.text)
    USART2_IRQHandler                        0x080002a7   Thumb Code     0  startup_stm32f10x_md.o(.text)
    USBWakeUp_IRQHandler                     0x080002a7   Thumb Code     0  startup_stm32f10x_md.o(.text)
    USB_HP_CAN1_TX_IRQHandler                0x080002a7   Thumb Code     0  startup_stm32f10x_md.o(.text)
    USB_LP_CAN1_RX0_IRQHandler               0x080002a7   Thumb Code     0  startup_stm32f10x_md.o(.text)
    WWDG_IRQHandler                          0x080002a7   Thumb Code     0  startup_stm32f10x_md.o(.text)
    __user_initial_stackheap                 0x080002a9   Thumb Code     0  startup_stm32f10x_md.o(.text)
    __2sprintf                               0x080002cd   Thumb Code    34  noretval__2sprintf.o(.text)
    _printf_str                              0x080002f5   Thumb Code    82  _printf_str.o(.text)
    __printf                                 0x08000347   Thumb Code   352  __printf_ss_wp.o(.text)
    __0sscanf                                0x080004a9   Thumb Code    52  __0sscanf.o(.text)
    _scanf_int                               0x080004e5   Thumb Code   332  _scanf_int.o(.text)
    strtok                                   0x08000631   Thumb Code     6  strtok.o(.text)
    strcpy                                   0x0800063d   Thumb Code    72  strcpy.o(.text)
    __aeabi_memcpy                           0x08000685   Thumb Code     0  rt_memcpy_v6.o(.text)
    __rt_memcpy                              0x08000685   Thumb Code   138  rt_memcpy_v6.o(.text)
    _memcpy_lastbytes                        0x080006eb   Thumb Code     0  rt_memcpy_v6.o(.text)
    __aeabi_memclr                           0x0800070f   Thumb Code     0  rt_memclr.o(.text)
    __rt_memclr                              0x0800070f   Thumb Code    68  rt_memclr.o(.text)
    _memset                                  0x08000713   Thumb Code     0  rt_memclr.o(.text)
    __aeabi_memclr4                          0x08000753   Thumb Code     0  rt_memclr_w.o(.text)
    __aeabi_memclr8                          0x08000753   Thumb Code     0  rt_memclr_w.o(.text)
    __rt_memclr_w                            0x08000753   Thumb Code    78  rt_memclr_w.o(.text)
    _memset_w                                0x08000757   Thumb Code     0  rt_memclr_w.o(.text)
    strncpy                                  0x080007a1   Thumb Code    86  strncpy.o(.text)
    __use_two_region_memory                  0x080007f7   Thumb Code     2  heapauxi.o(.text)
    __rt_heap_escrow$2region                 0x080007f9   Thumb Code     2  heapauxi.o(.text)
    __rt_heap_expand$2region                 0x080007fb   Thumb Code     2  heapauxi.o(.text)
    __lib_sel_fp_printf                      0x080007fd   Thumb Code     2  _printf_fp_dec.o(.text)
    _printf_fp_dec_real                      0x080009af   Thumb Code   620  _printf_fp_dec.o(.text)
    _printf_char_common                      0x08000c27   Thumb Code    32  _printf_char_common.o(.text)
    _sputc                                   0x08000c4d   Thumb Code    10  _sputc.o(.text)
    _printf_cs_common                        0x08000c57   Thumb Code    20  _printf_char.o(.text)
    _printf_char                             0x08000c6b   Thumb Code    16  _printf_char.o(.text)
    _printf_string                           0x08000c7b   Thumb Code     8  _printf_char.o(.text)
    _chval                                   0x08000c83   Thumb Code    28  _chval.o(.text)
    _scanf_really_real                       0x08000eed   Thumb Code   684  scanf_fp.o(.text)
    __vfscanf_char                           0x080011a5   Thumb Code    24  scanf_char.o(.text)
    _sgetc                                   0x080011c5   Thumb Code    30  _sgetc.o(.text)
    _sbackspace                              0x080011e3   Thumb Code    34  _sgetc.o(.text)
    __strtok_internal                        0x08001205   Thumb Code    64  strtok_int.o(.text)
    __aeabi_memcpy4                          0x08001249   Thumb Code     0  rt_memcpy_w.o(.text)
    __aeabi_memcpy8                          0x08001249   Thumb Code     0  rt_memcpy_w.o(.text)
    __rt_memcpy_w                            0x08001249   Thumb Code   100  rt_memcpy_w.o(.text)
    _memcpy_lastbytes_aligned                0x08001291   Thumb Code     0  rt_memcpy_w.o(.text)
    __rt_locale                              0x080012ad   Thumb Code     8  rt_locale_intlibspace.o(.text)
    __aeabi_errno_addr                       0x080012b5   Thumb Code     8  rt_errno_addr_intlibspace.o(.text)
    __errno$intlibspace                      0x080012b5   Thumb Code     0  rt_errno_addr_intlibspace.o(.text)
    __rt_errno_addr$intlibspace              0x080012b5   Thumb Code     0  rt_errno_addr_intlibspace.o(.text)
    _ll_udiv10                               0x080012bd   Thumb Code   138  lludiv10.o(.text)
    isspace                                  0x08001347   Thumb Code    18  isspace.o(.text)
    _printf_fp_infnan                        0x08001359   Thumb Code   112  _printf_fp_infnan.o(.text)
    __vfscanf                                0x080013d9   Thumb Code   878  _scanf.o(.text)
    _btod_etento                             0x0800174d   Thumb Code   224  bigflt0.o(.text)
    strcspn                                  0x08001831   Thumb Code    32  strcspn.o(.text)
    strspn                                   0x08001851   Thumb Code    28  strspn.o(.text)
    __user_libspace                          0x0800186d   Thumb Code     8  libspace.o(.text)
    __user_perproc_libspace                  0x0800186d   Thumb Code     0  libspace.o(.text)
    __user_perthread_libspace                0x0800186d   Thumb Code     0  libspace.o(.text)
    __user_setup_stackheap                   0x08001875   Thumb Code    74  sys_stackheap_outer.o(.text)
    __rt_ctype_table                         0x080018c1   Thumb Code    16  rt_ctype_table.o(.text)
    __read_errno                             0x080018d1   Thumb Code    10  _rserrno.o(.text)
    __set_errno                              0x080018db   Thumb Code    12  _rserrno.o(.text)
    _scanf_really_hex_real                   0x080018e9   Thumb Code   786  scanf_hexfp.o(.text)
    _scanf_really_infnan                     0x08001c09   Thumb Code   292  scanf_infnan.o(.text)
    exit                                     0x08001d3d   Thumb Code    18  exit.o(.text)
    strcmp                                   0x08001d51   Thumb Code   128  strcmpv7m.o(.text)
    __aeabi_llsl                             0x08001dd1   Thumb Code     0  llshl.o(.text)
    _ll_shift_l                              0x08001dd1   Thumb Code    38  llshl.o(.text)
    _sys_exit                                0x08001df9   Thumb Code     8  sys_exit.o(.text)
    __I$use$semihosting                      0x08001e05   Thumb Code     0  use_no_semi.o(.text)
    __use_no_semihosting_swi                 0x08001e05   Thumb Code     2  use_no_semi.o(.text)
    __semihosting_library_function           0x08001e07   Thumb Code     0  indicate_semi.o(.text)
    _btod_d2e                                0x08001e07   Thumb Code    62  btod.o(CL$$btod_d2e)
    _d2e_denorm_low                          0x08001e45   Thumb Code    70  btod.o(CL$$btod_d2e_denorm_low)
    _d2e_norm_op1                            0x08001e8b   Thumb Code    96  btod.o(CL$$btod_d2e_norm_op1)
    __btod_div_common                        0x08001eeb   Thumb Code   696  btod.o(CL$$btod_div_common)
    _e2d                                     0x08002225   Thumb Code   122  btod.o(CL$$btod_e2d)
    _e2e                                     0x080022a9   Thumb Code   220  btod.o(CL$$btod_e2e)
    _btod_ediv                               0x08002385   Thumb Code    42  btod.o(CL$$btod_ediv)
    _btod_edivd                              0x080023af   Thumb Code    42  btod.o(CL$$btod_edivd)
    _btod_emul                               0x080023d9   Thumb Code    42  btod.o(CL$$btod_emul)
    _btod_emuld                              0x08002403   Thumb Code    42  btod.o(CL$$btod_emuld)
    __btod_mult_common                       0x0800242d   Thumb Code   580  btod.o(CL$$btod_mult_common)
    A7680C_UART_Init                         0x08002671   Thumb Code    48  a7680c.o(i.A7680C_UART_Init)
    A7680C_get_LBS                           0x080026a5   Thumb Code    36  a7680c.o(i.A7680C_get_LBS)
    A7680C_process_data                      0x080026e5   Thumb Code    94  a7680c.o(i.A7680C_process_data)
    A7680C_send_msg                          0x08002751   Thumb Code    62  a7680c.o(i.A7680C_send_msg)
    Alert_Handle                             0x0800279d   Thumb Code   200  dfplayer.o(i.Alert_Handle)
    Button_Init                              0x0800286d   Thumb Code   328  button.o(i.Button_Init)
    DF_Play                                  0x080029d1   Thumb Code    16  dfplayer.o(i.DF_Play)
    DF_Send_CMD                              0x080029e1   Thumb Code    68  dfplayer.o(i.DF_Send_CMD)
    DF_Set_Volume                            0x08002a2d   Thumb Code    16  dfplayer.o(i.DF_Set_Volume)
    DF_UART_Init                             0x08002a3d   Thumb Code    84  dfplayer.o(i.DF_UART_Init)
    DelayMillis                              0x08002a95   Thumb Code    30  systick_time.o(i.DelayMillis)
    DelayMs                                  0x08002ab9   Thumb Code    18  systick_time.o(i.DelayMs)
    ESP32_SPI_Init                           0x08002acd   Thumb Code    92  esp32.o(i.ESP32_SPI_Init)
    ESP32_TxRx                               0x08002b31   Thumb Code    80  esp32.o(i.ESP32_TxRx)
    ESP32_get_LBS                            0x08002b85   Thumb Code   126  esp32.o(i.ESP32_get_LBS)
    ESP32_process_data                       0x08002c11   Thumb Code    84  esp32.o(i.ESP32_process_data)
    EXTI0_IRQHandler                         0x08002c6d   Thumb Code    66  main.o(i.EXTI0_IRQHandler)
    EXTI15_10_IRQHandler                     0x08002cbd   Thumb Code    48  main.o(i.EXTI15_10_IRQHandler)
    GPS_UART_Init                            0x08002cf9   Thumb Code    16  gps.o(i.GPS_UART_Init)
    GPS_process_data                         0x08002d09   Thumb Code   604  gps.o(i.GPS_process_data)
    Ignore_Distance_Zone                     0x08002fad   Thumb Code    26  ultrasonic.o(i.Ignore_Distance_Zone)
    KF                                       0x08002fc9   Thumb Code   238  ultrasonic.o(i.KF)
    SysTick_Handler                          0x080031b9   Thumb Code    46  port.o(i.SysTick_Handler)
    SystemInit                               0x080031ed   Thumb Code    78  system_stm32f10x.o(i.SystemInit)
    UART_RX                                  0x0800324d   Thumb Code    84  uart_drive.o(i.UART_RX)
    UART_SEND                                0x080032ad   Thumb Code    28  uart_drive.o(i.UART_SEND)
    UART_SEND_SERIAL                         0x080032c9   Thumb Code    98  uart_drive.o(i.UART_SEND_SERIAL)
    UART_TX                                  0x08003339   Thumb Code    76  uart_drive.o(i.UART_TX)
    UART_init                                0x08003391   Thumb Code   346  uart_drive.o(i.UART_init)
    USART1_IRQHandler                        0x08003505   Thumb Code    40  gps.o(i.USART1_IRQHandler)
    USART3_IRQHandler                        0x08003535   Thumb Code   136  a7680c.o(i.USART3_IRQHandler)
    USART_BRR                                0x080035cd   Thumb Code   192  uart_drive.o(i.USART_BRR)
    Ultrasonic_Init                          0x080036a5   Thumb Code    62  ultrasonic.o(i.Ultrasonic_Init)
    Ultrasonic_Measure                       0x080036ed   Thumb Code    52  ultrasonic.o(i.Ultrasonic_Measure)
    __ARM_fpclassify                         0x08003721   Thumb Code    40  fpclassify.o(i.__ARM_fpclassify)
    __mathlib_dbl_overflow                   0x0800378d   Thumb Code    14  dunder.o(i.__mathlib_dbl_overflow)
    __mathlib_dbl_underflow                  0x0800379d   Thumb Code    10  dunder.o(i.__mathlib_dbl_underflow)
    __mathlib_narrow                         0x080037ad   Thumb Code    16  narrow.o(i.__mathlib_narrow)
    __mathlib_tofloat                        0x080037bd   Thumb Code   184  narrow.o(i.__mathlib_tofloat)
    __support_ldexp                          0x08003879   Thumb Code    22  ldexp.o(i.__support_ldexp)
    _is_digit                                0x0800388f   Thumb Code    14  __printf_wp.o(i._is_digit)
    frexp                                    0x0800389d   Thumb Code    80  frexp.o(i.frexp)
    get_alert_level                          0x080038f5   Thumb Code    54  dfplayer.o(i.get_alert_level)
    get_channel                              0x0800392b   Thumb Code   132  timer_drive.o(i.get_channel)
    get_timer_address                        0x080039b1   Thumb Code    74  timer_drive.o(i.get_timer_address)
    get_timer_pin                            0x08003a09   Thumb Code    74  timer_drive.o(i.get_timer_pin)
    init_GP                                  0x08003a55   Thumb Code   164  gp_drive.o(i.init_GP)
    ldexp                                    0x08003b09   Thumb Code   116  ldexp.o(i.ldexp)
    main                                     0x08003b7d   Thumb Code   156  main.o(i.main)
    pvPortMalloc                             0x08004769   Thumb Code   226  heap_2.o(i.pvPortMalloc)
    pvTaskIncrementMutexHeldCount            0x0800485d   Thumb Code    14  tasks.o(i.pvTaskIncrementMutexHeldCount)
    pxPortInitialiseStack                    0x08004871   Thumb Code    30  port.o(i.pxPortInitialiseStack)
    systick_init                             0x08004895   Thumb Code    24  systick_time.o(i.systick_init)
    timer_capture_micro                      0x080048ad   Thumb Code   256  timer_drive.o(i.timer_capture_micro)
    timer_get_capture_micro                  0x080049b1   Thumb Code    96  timer_drive.o(i.timer_get_capture_micro)
    timer_pwm_micro                          0x08004a11   Thumb Code   254  timer_drive.o(i.timer_pwm_micro)
    ulTaskGenericNotifyTake                  0x08004b15   Thumb Code   196  tasks.o(i.ulTaskGenericNotifyTake)
    uxListRemove                             0x08004be1   Thumb Code    40  list.o(i.uxListRemove)
    vApplicationGetIdleTaskMemory            0x08004c09   Thumb Code    14  tasks.o(i.vApplicationGetIdleTaskMemory)
    vApplicationGetTimerTaskMemory           0x08004c21   Thumb Code    14  tasks.o(i.vApplicationGetTimerTaskMemory)
    vListInitialise                          0x08004c39   Thumb Code    26  list.o(i.vListInitialise)
    vListInitialiseItem                      0x08004c53   Thumb Code     6  list.o(i.vListInitialiseItem)
    vListInsert                              0x08004c59   Thumb Code    52  list.o(i.vListInsert)
    vPortEnterCritical                       0x08004c8d   Thumb Code    76  port.o(i.vPortEnterCritical)
    vPortExitCritical                        0x08004ce1   Thumb Code    56  port.o(i.vPortExitCritical)
    vPortFree                                0x08004d1d   Thumb Code   152  heap_2.o(i.vPortFree)
    vPortSetupTimerInterrupt                 0x08004dbd   Thumb Code    20  port.o(i.vPortSetupTimerInterrupt)
    vPortValidateInterruptPriority           0x08004dd5   Thumb Code   106  port.o(i.vPortValidateInterruptPriority)
    vQueueWaitForMessageRestricted           0x08004e4d   Thumb Code    74  queue.o(i.vQueueWaitForMessageRestricted)
    vTaskAlert                               0x08004e99   Thumb Code    68  main.o(i.vTaskAlert)
    vTaskDelay                               0x08004ee5   Thumb Code    82  tasks.o(i.vTaskDelay)
    vTaskGenericNotifyGiveFromISR            0x08004f41   Thumb Code   386  tasks.o(i.vTaskGenericNotifyGiveFromISR)
    vTaskInternalSetTimeOutState             0x080050dd   Thumb Code    14  tasks.o(i.vTaskInternalSetTimeOutState)
    vTaskLocationHandler                     0x080050f5   Thumb Code   190  main.o(i.vTaskLocationHandler)
    vTaskMissedYield                         0x08005231   Thumb Code     8  tasks.o(i.vTaskMissedYield)
    vTaskPlaceOnEventList                    0x0800523d   Thumb Code    52  tasks.o(i.vTaskPlaceOnEventList)
    vTaskPlaceOnEventListRestricted          0x08005275   Thumb Code    98  tasks.o(i.vTaskPlaceOnEventListRestricted)
    vTaskPriorityDisinheritAfterTimeout      0x080052dd   Thumb Code   256  tasks.o(i.vTaskPriorityDisinheritAfterTimeout)
    vTaskSendSMS                             0x080053e9   Thumb Code    42  main.o(i.vTaskSendSMS)
    vTaskStartScheduler                      0x08005419   Thumb Code   106  tasks.o(i.vTaskStartScheduler)
    vTaskSuspendAll                          0x08005495   Thumb Code    12  tasks.o(i.vTaskSuspendAll)
    vTaskSwitchContext                       0x080054a5   Thumb Code   130  tasks.o(i.vTaskSwitchContext)
    vTaskUltrasonicMeasure                   0x0800553d   Thumb Code   102  main.o(i.vTaskUltrasonicMeasure)
    xPortStartScheduler                      0x080055b5   Thumb Code   228  port.o(i.xPortStartScheduler)
    xQueueCreateMutex                        0x080056ad   Thumb Code    34  queue.o(i.xQueueCreateMutex)
    xQueueGenericCreate                      0x080056cf   Thumb Code   108  queue.o(i.xQueueGenericCreate)
    xQueueGenericCreateStatic                0x0800573b   Thumb Code   154  queue.o(i.xQueueGenericCreateStatic)
    xQueueGenericReset                       0x080057d5   Thumb Code   214  queue.o(i.xQueueGenericReset)
    xQueueGenericSend                        0x080058b1   Thumb Code   420  queue.o(i.xQueueGenericSend)
    xQueueReceive                            0x08005a59   Thumb Code   356  queue.o(i.xQueueReceive)
    xQueueSemaphoreTake                      0x08005bc1   Thumb Code   398  queue.o(i.xQueueSemaphoreTake)
    xTaskCheckForTimeOut                     0x08005d55   Thumb Code   136  tasks.o(i.xTaskCheckForTimeOut)
    xTaskCreate                              0x08005de5   Thumb Code    56  tasks.o(i.xTaskCreate)
    xTaskCreateStatic                        0x08005e1d   Thumb Code    64  tasks.o(i.xTaskCreateStatic)
    xTaskDelayUntil                          0x08005e5d   Thumb Code   202  tasks.o(i.xTaskDelayUntil)
    xTaskGenericNotify                       0x08005f35   Thumb Code   460  tasks.o(i.xTaskGenericNotify)
    xTaskGetSchedulerState                   0x08006115   Thumb Code    24  tasks.o(i.xTaskGetSchedulerState)
    xTaskGetTickCount                        0x08006135   Thumb Code     6  tasks.o(i.xTaskGetTickCount)
    xTaskIncrementTick                       0x08006141   Thumb Code   392  tasks.o(i.xTaskIncrementTick)
    xTaskPriorityDisinherit                  0x080062f5   Thumb Code   214  tasks.o(i.xTaskPriorityDisinherit)
    xTaskPriorityInherit                     0x080063d9   Thumb Code   212  tasks.o(i.xTaskPriorityInherit)
    xTaskRemoveFromEventList                 0x080064b9   Thumb Code   282  tasks.o(i.xTaskRemoveFromEventList)
    xTaskResumeAll                           0x080065ed   Thumb Code   382  tasks.o(i.xTaskResumeAll)
    xTimerCreateTimerTask                    0x08006791   Thumb Code   100  timers.o(i.xTimerCreateTimerTask)
    _get_lc_numeric                          0x08006809   Thumb Code    44  lc_numeric_c.o(locale$$code)
    _get_lc_ctype                            0x08006835   Thumb Code    44  lc_ctype_c.o(locale$$code)
    __aeabi_d2f                              0x08006861   Thumb Code     0  d2f.o(x$fpl$d2f)
    _d2f                                     0x08006861   Thumb Code    98  d2f.o(x$fpl$d2f)
    __aeabi_dadd                             0x080068c5   Thumb Code     0  daddsub_clz.o(x$fpl$dadd)
    _dadd                                    0x080068c5   Thumb Code   332  daddsub_clz.o(x$fpl$dadd)
    __fpl_dcheck_NaN1                        0x08006a15   Thumb Code    10  dcheck1.o(x$fpl$dcheck1)
    __fpl_dcmp_Inf                           0x08006a25   Thumb Code    24  dcmpi.o(x$fpl$dcmpinf)
    __aeabi_ddiv                             0x08006a3d   Thumb Code     0  ddiv.o(x$fpl$ddiv)
    _ddiv                                    0x08006a3d   Thumb Code   552  ddiv.o(x$fpl$ddiv)
    __aeabi_cdcmpeq                          0x08006ced   Thumb Code     0  deqf.o(x$fpl$deqf)
    _dcmpeq                                  0x08006ced   Thumb Code   120  deqf.o(x$fpl$deqf)
    __aeabi_d2uiz                            0x08006d65   Thumb Code     0  dfixu.o(x$fpl$dfixu)
    _dfixu                                   0x08006d65   Thumb Code    90  dfixu.o(x$fpl$dfixu)
    __aeabi_ui2d                             0x08006dbf   Thumb Code     0  dflt_clz.o(x$fpl$dfltu)
    _dfltu                                   0x08006dbf   Thumb Code    38  dflt_clz.o(x$fpl$dfltu)
    __aeabi_cdcmple                          0x08006de5   Thumb Code     0  dleqf.o(x$fpl$dleqf)
    _dcmple                                  0x08006de5   Thumb Code   120  dleqf.o(x$fpl$dleqf)
    __fpl_dcmple_InfNaN                      0x08006e47   Thumb Code     0  dleqf.o(x$fpl$dleqf)
    __aeabi_dmul                             0x08006e5d   Thumb Code     0  dmul.o(x$fpl$dmul)
    _dmul                                    0x08006e5d   Thumb Code   332  dmul.o(x$fpl$dmul)
    __fpl_dnaninf                            0x08006fb1   Thumb Code   156  dnaninf.o(x$fpl$dnaninf)
    __fpl_dretinf                            0x0800704d   Thumb Code    12  dretinf.o(x$fpl$dretinf)
    __aeabi_cdrcmple                         0x08007059   Thumb Code     0  drleqf.o(x$fpl$drleqf)
    _drcmple                                 0x08007059   Thumb Code   108  drleqf.o(x$fpl$drleqf)
    __aeabi_drsub                            0x080070c5   Thumb Code     0  daddsub_clz.o(x$fpl$drsb)
    _drsb                                    0x080070c5   Thumb Code    22  daddsub_clz.o(x$fpl$drsb)
    __aeabi_dsub                             0x080070dd   Thumb Code     0  daddsub_clz.o(x$fpl$dsub)
    _dsub                                    0x080070dd   Thumb Code   464  daddsub_clz.o(x$fpl$dsub)
    __fpl_fretinf                            0x080072b1   Thumb Code    10  fretinf.o(x$fpl$fretinf)
    __ieee_status                            0x080072bb   Thumb Code     6  istatus.o(x$fpl$ieeestatus)
    _printf_fp_dec                           0x080072c1   Thumb Code     4  printf1.o(x$fpl$printf1)
    __fpl_return_NaN                         0x080072c5   Thumb Code   100  retnan.o(x$fpl$retnan)
    __ARM_scalbn                             0x08007329   Thumb Code    92  scalbn.o(x$fpl$scalbn)
    _scanf_real                              0x08007385   Thumb Code     4  scanf1.o(x$fpl$scanf1)
    _scanf_hex_real                          0x08007389   Thumb Code     4  scanf2.o(x$fpl$scanf2)
    _scanf_infnan                            0x0800738d   Thumb Code     4  scanf2.o(x$fpl$scanf2)
    __fpl_cmpreturn                          0x08007391   Thumb Code    48  trapv.o(x$fpl$trapveneer)
    __I$use$fp                               0x080073c0   Number         0  usenofp.o(x$fpl$usenofp)
    Region$$Table$$Base                      0x080074ac   Number         0  anon$$obj.o(Region$$Table)
    Region$$Table$$Limit                     0x080074cc   Number         0  anon$$obj.o(Region$$Table)
    __aeabi_HUGE_VAL                         0x080074cc   Data           0  fpconst.o(c$$dinf)
    __aeabi_HUGE_VALL                        0x080074cc   Data           0  fpconst.o(c$$dinf)
    __aeabi_INFINITY                         0x080074cc   Data           0  fpconst.o(c$$dinf)
    __dInf                                   0x080074cc   Data           0  fpconst.o(c$$dinf)
    __huge_val                               0x080074cc   Data           0  fpconst.o(c$$dinf)
    __dbl_max                                0x080074d4   Data           0  fpconst.o(c$$dmax)
    __ctype                                  0x08007505   Data           0  lc_ctype_c.o(locale$$data)
    millis_tick                              0x20000000   Data           2  main.o(.data)
    last_ticks                               0x20000002   Data           2  main.o(.data)
    pre_ticks                                0x20000004   Data           2  main.o(.data)
    ultrasonic_stop_flag                     0x20000006   Data           1  main.o(.data)
    is_located_flag                          0x20000007   Data           1  main.o(.data)
    xMutex                                   0x20000008   Data           4  main.o(.data)
    init_cmd                                 0x20000018   Data         360  a7680c.o(.data)
    sms_cmd                                  0x20000180   Data         300  a7680c.o(.data)
    checksum                                 0x200002b0   Data           2  dfplayer.o(.data)
    pxCurrentTCB                             0x200002f4   Data           4  tasks.o(.data)
    obstacle_distance                        0x20000350   Data          12  main.o(.bss)
    location_msg                             0x2000035c   Data          60  main.o(.bss)
    gps                                      0x20000398   Data          88  main.o(.bss)
    ESP32_buf                                0x200003f0   Data          40  esp32.o(.bss)
    A7680C_buf                               0x20000418   Data          40  a7680c.o(.bss)
    GPS_buf                                  0x20000440   Data         100  gps.o(.bss)
    __libspace_start                         0x20001b48   Data          96  libspace.o(.bss)
    __temporary_stack_top$libspace           0x20001ba8   Data           0  libspace.o(.bss)



==============================================================================

Memory Map of the image

  Image Entry point : 0x080000ed

  Load Region LR_IROM1 (Base: 0x08000000, Size: 0x00007954, Max: 0x00010000, ABSOLUTE, COMPRESSED[0x00007674])

    Execution Region ER_IROM1 (Exec base: 0x08000000, Load base: 0x08000000, Size: 0x00007608, Max: 0x00010000, ABSOLUTE)

    Exec Addr    Load Addr    Size         Type   Attr      Idx    E Section Name        Object

    0x08000000   0x08000000   0x000000ec   Data   RO         1911    RESET               startup_stm32f10x_md.o
    0x080000ec   0x080000ec   0x00000008   Code   RO         2014  * !!!main             c_w.l(__main.o)
    0x080000f4   0x080000f4   0x00000034   Code   RO         2363    !!!scatter          c_w.l(__scatter.o)
    0x08000128   0x08000128   0x0000005a   Code   RO         2361    !!dczerorl2         c_w.l(__dczerorl2.o)
    0x08000182   0x08000182   0x00000002   PAD
    0x08000184   0x08000184   0x0000001c   Code   RO         2365    !!handler_zi        c_w.l(__scatter_zi.o)
    0x080001a0   0x080001a0   0x00000000   Code   RO         1994    .ARM.Collect$$_printf_percent$$00000000  c_w.l(_printf_percent.o)
    0x080001a0   0x080001a0   0x00000006   Code   RO         1993    .ARM.Collect$$_printf_percent$$00000003  c_w.l(_printf_f.o)
    0x080001a6   0x080001a6   0x00000006   Code   RO         1992    .ARM.Collect$$_printf_percent$$00000014  c_w.l(_printf_s.o)
    0x080001ac   0x080001ac   0x00000004   Code   RO         2053    .ARM.Collect$$_printf_percent$$00000017  c_w.l(_printf_percent_end.o)
    0x080001b0   0x080001b0   0x00000002   Code   RO         2184    .ARM.Collect$$libinit$$00000000  c_w.l(libinit.o)
    0x080001b2   0x080001b2   0x00000000   Code   RO         2186    .ARM.Collect$$libinit$$00000002  c_w.l(libinit2.o)
    0x080001b2   0x080001b2   0x00000000   Code   RO         2188    .ARM.Collect$$libinit$$00000004  c_w.l(libinit2.o)
    0x080001b2   0x080001b2   0x00000000   Code   RO         2191    .ARM.Collect$$libinit$$0000000A  c_w.l(libinit2.o)
    0x080001b2   0x080001b2   0x00000000   Code   RO         2193    .ARM.Collect$$libinit$$0000000C  c_w.l(libinit2.o)
    0x080001b2   0x080001b2   0x00000000   Code   RO         2195    .ARM.Collect$$libinit$$0000000E  c_w.l(libinit2.o)
    0x080001b2   0x080001b2   0x00000006   Code   RO         2196    .ARM.Collect$$libinit$$0000000F  c_w.l(libinit2.o)
    0x080001b8   0x080001b8   0x00000000   Code   RO         2198    .ARM.Collect$$libinit$$00000011  c_w.l(libinit2.o)
    0x080001b8   0x080001b8   0x0000000c   Code   RO         2199    .ARM.Collect$$libinit$$00000012  c_w.l(libinit2.o)
    0x080001c4   0x080001c4   0x00000000   Code   RO         2200    .ARM.Collect$$libinit$$00000013  c_w.l(libinit2.o)
    0x080001c4   0x080001c4   0x00000000   Code   RO         2202    .ARM.Collect$$libinit$$00000015  c_w.l(libinit2.o)
    0x080001c4   0x080001c4   0x0000000a   Code   RO         2203    .ARM.Collect$$libinit$$00000016  c_w.l(libinit2.o)
    0x080001ce   0x080001ce   0x00000000   Code   RO         2204    .ARM.Collect$$libinit$$00000017  c_w.l(libinit2.o)
    0x080001ce   0x080001ce   0x00000000   Code   RO         2206    .ARM.Collect$$libinit$$00000019  c_w.l(libinit2.o)
    0x080001ce   0x080001ce   0x00000000   Code   RO         2208    .ARM.Collect$$libinit$$0000001B  c_w.l(libinit2.o)
    0x080001ce   0x080001ce   0x00000000   Code   RO         2210    .ARM.Collect$$libinit$$0000001D  c_w.l(libinit2.o)
    0x080001ce   0x080001ce   0x00000000   Code   RO         2212    .ARM.Collect$$libinit$$0000001F  c_w.l(libinit2.o)
    0x080001ce   0x080001ce   0x00000000   Code   RO         2214    .ARM.Collect$$libinit$$00000021  c_w.l(libinit2.o)
    0x080001ce   0x080001ce   0x00000000   Code   RO         2216    .ARM.Collect$$libinit$$00000023  c_w.l(libinit2.o)
    0x080001ce   0x080001ce   0x00000000   Code   RO         2218    .ARM.Collect$$libinit$$00000025  c_w.l(libinit2.o)
    0x080001ce   0x080001ce   0x00000000   Code   RO         2222    .ARM.Collect$$libinit$$0000002C  c_w.l(libinit2.o)
    0x080001ce   0x080001ce   0x00000000   Code   RO         2224    .ARM.Collect$$libinit$$0000002E  c_w.l(libinit2.o)
    0x080001ce   0x080001ce   0x00000000   Code   RO         2226    .ARM.Collect$$libinit$$00000030  c_w.l(libinit2.o)
    0x080001ce   0x080001ce   0x00000000   Code   RO         2228    .ARM.Collect$$libinit$$00000032  c_w.l(libinit2.o)
    0x080001ce   0x080001ce   0x00000002   Code   RO         2229    .ARM.Collect$$libinit$$00000033  c_w.l(libinit2.o)
    0x080001d0   0x080001d0   0x00000002   Code   RO         2305    .ARM.Collect$$libshutdown$$00000000  c_w.l(libshutdown.o)
    0x080001d2   0x080001d2   0x00000000   Code   RO         2318    .ARM.Collect$$libshutdown$$00000002  c_w.l(libshutdown2.o)
    0x080001d2   0x080001d2   0x00000000   Code   RO         2320    .ARM.Collect$$libshutdown$$00000004  c_w.l(libshutdown2.o)
    0x080001d2   0x080001d2   0x00000000   Code   RO         2323    .ARM.Collect$$libshutdown$$00000007  c_w.l(libshutdown2.o)
    0x080001d2   0x080001d2   0x00000000   Code   RO         2326    .ARM.Collect$$libshutdown$$0000000A  c_w.l(libshutdown2.o)
    0x080001d2   0x080001d2   0x00000000   Code   RO         2328    .ARM.Collect$$libshutdown$$0000000C  c_w.l(libshutdown2.o)
    0x080001d2   0x080001d2   0x00000000   Code   RO         2331    .ARM.Collect$$libshutdown$$0000000F  c_w.l(libshutdown2.o)
    0x080001d2   0x080001d2   0x00000002   Code   RO         2332    .ARM.Collect$$libshutdown$$00000010  c_w.l(libshutdown2.o)
    0x080001d4   0x080001d4   0x00000000   Code   RO         2044    .ARM.Collect$$rtentry$$00000000  c_w.l(__rtentry.o)
    0x080001d4   0x080001d4   0x00000000   Code   RO         2074    .ARM.Collect$$rtentry$$00000002  c_w.l(__rtentry2.o)
    0x080001d4   0x080001d4   0x00000006   Code   RO         2086    .ARM.Collect$$rtentry$$00000004  c_w.l(__rtentry4.o)
    0x080001da   0x080001da   0x00000000   Code   RO         2076    .ARM.Collect$$rtentry$$00000009  c_w.l(__rtentry2.o)
    0x080001da   0x080001da   0x00000004   Code   RO         2077    .ARM.Collect$$rtentry$$0000000A  c_w.l(__rtentry2.o)
    0x080001de   0x080001de   0x00000000   Code   RO         2079    .ARM.Collect$$rtentry$$0000000C  c_w.l(__rtentry2.o)
    0x080001de   0x080001de   0x00000008   Code   RO         2080    .ARM.Collect$$rtentry$$0000000D  c_w.l(__rtentry2.o)
    0x080001e6   0x080001e6   0x00000002   Code   RO         2238    .ARM.Collect$$rtexit$$00000000  c_w.l(rtexit.o)
    0x080001e8   0x080001e8   0x00000000   Code   RO         2266    .ARM.Collect$$rtexit$$00000002  c_w.l(rtexit2.o)
    0x080001e8   0x080001e8   0x00000004   Code   RO         2267    .ARM.Collect$$rtexit$$00000003  c_w.l(rtexit2.o)
    0x080001ec   0x080001ec   0x00000006   Code   RO         2268    .ARM.Collect$$rtexit$$00000004  c_w.l(rtexit2.o)
    0x080001f2   0x080001f2   0x00000002   PAD
    0x080001f4   0x080001f4   0x00000096   Code   RO         1043    .emb_text           port.o
    0x0800028a   0x0800028a   0x00000002   PAD
    0x0800028c   0x0800028c   0x00000040   Code   RO         1912    .text               startup_stm32f10x_md.o
    0x080002cc   0x080002cc   0x00000028   Code   RO         1966    .text               c_w.l(noretval__2sprintf.o)
    0x080002f4   0x080002f4   0x00000052   Code   RO         1970    .text               c_w.l(_printf_str.o)
    0x08000346   0x08000346   0x00000160   Code   RO         1987    .text               c_w.l(__printf_ss_wp.o)
    0x080004a6   0x080004a6   0x00000002   PAD
    0x080004a8   0x080004a8   0x0000003c   Code   RO         1995    .text               c_w.l(__0sscanf.o)
    0x080004e4   0x080004e4   0x0000014c   Code   RO         1997    .text               c_w.l(_scanf_int.o)
    0x08000630   0x08000630   0x0000000c   Code   RO         1999    .text               c_w.l(strtok.o)
    0x0800063c   0x0800063c   0x00000048   Code   RO         2002    .text               c_w.l(strcpy.o)
    0x08000684   0x08000684   0x0000008a   Code   RO         2004    .text               c_w.l(rt_memcpy_v6.o)
    0x0800070e   0x0800070e   0x00000044   Code   RO         2006    .text               c_w.l(rt_memclr.o)
    0x08000752   0x08000752   0x0000004e   Code   RO         2008    .text               c_w.l(rt_memclr_w.o)
    0x080007a0   0x080007a0   0x00000056   Code   RO         2010    .text               c_w.l(strncpy.o)
    0x080007f6   0x080007f6   0x00000006   Code   RO         2012    .text               c_w.l(heapauxi.o)
    0x080007fc   0x080007fc   0x0000041e   Code   RO         2045    .text               c_w.l(_printf_fp_dec.o)
    0x08000c1a   0x08000c1a   0x00000002   PAD
    0x08000c1c   0x08000c1c   0x00000030   Code   RO         2047    .text               c_w.l(_printf_char_common.o)
    0x08000c4c   0x08000c4c   0x0000000a   Code   RO         2049    .text               c_w.l(_sputc.o)
    0x08000c56   0x08000c56   0x0000002c   Code   RO         2051    .text               c_w.l(_printf_char.o)
    0x08000c82   0x08000c82   0x0000001c   Code   RO         2054    .text               c_w.l(_chval.o)
    0x08000c9e   0x08000c9e   0x00000002   PAD
    0x08000ca0   0x08000ca0   0x000004f8   Code   RO         2056    .text               c_w.l(scanf_fp.o)
    0x08001198   0x08001198   0x0000002c   Code   RO         2058    .text               c_w.l(scanf_char.o)
    0x080011c4   0x080011c4   0x00000040   Code   RO         2060    .text               c_w.l(_sgetc.o)
    0x08001204   0x08001204   0x00000044   Code   RO         2062    .text               c_w.l(strtok_int.o)
    0x08001248   0x08001248   0x00000064   Code   RO         2064    .text               c_w.l(rt_memcpy_w.o)
    0x080012ac   0x080012ac   0x00000008   Code   RO         2091    .text               c_w.l(rt_locale_intlibspace.o)
    0x080012b4   0x080012b4   0x00000008   Code   RO         2096    .text               c_w.l(rt_errno_addr_intlibspace.o)
    0x080012bc   0x080012bc   0x0000008a   Code   RO         2098    .text               c_w.l(lludiv10.o)
    0x08001346   0x08001346   0x00000012   Code   RO         2100    .text               c_w.l(isspace.o)
    0x08001358   0x08001358   0x00000080   Code   RO         2102    .text               c_w.l(_printf_fp_infnan.o)
    0x080013d8   0x080013d8   0x00000374   Code   RO         2106    .text               c_w.l(_scanf.o)
    0x0800174c   0x0800174c   0x000000e4   Code   RO         2108    .text               c_w.l(bigflt0.o)
    0x08001830   0x08001830   0x00000020   Code   RO         2136    .text               c_w.l(strcspn.o)
    0x08001850   0x08001850   0x0000001c   Code   RO         2138    .text               c_w.l(strspn.o)
    0x0800186c   0x0800186c   0x00000008   Code   RO         2162    .text               c_w.l(libspace.o)
    0x08001874   0x08001874   0x0000004a   Code   RO         2165    .text               c_w.l(sys_stackheap_outer.o)
    0x080018be   0x080018be   0x00000002   PAD
    0x080018c0   0x080018c0   0x00000010   Code   RO         2167    .text               c_w.l(rt_ctype_table.o)
    0x080018d0   0x080018d0   0x00000016   Code   RO         2169    .text               c_w.l(_rserrno.o)
    0x080018e6   0x080018e6   0x00000002   PAD
    0x080018e8   0x080018e8   0x00000320   Code   RO         2171    .text               c_w.l(scanf_hexfp.o)
    0x08001c08   0x08001c08   0x00000134   Code   RO         2173    .text               c_w.l(scanf_infnan.o)
    0x08001d3c   0x08001d3c   0x00000012   Code   RO         2175    .text               c_w.l(exit.o)
    0x08001d4e   0x08001d4e   0x00000002   PAD
    0x08001d50   0x08001d50   0x00000080   Code   RO         2177    .text               c_w.l(strcmpv7m.o)
    0x08001dd0   0x08001dd0   0x00000026   Code   RO         2240    .text               c_w.l(llshl.o)
    0x08001df6   0x08001df6   0x00000002   PAD
    0x08001df8   0x08001df8   0x0000000c   Code   RO         2295    .text               c_w.l(sys_exit.o)
    0x08001e04   0x08001e04   0x00000002   Code   RO         2308    .text               c_w.l(use_no_semi.o)
    0x08001e06   0x08001e06   0x00000000   Code   RO         2310    .text               c_w.l(indicate_semi.o)
    0x08001e06   0x08001e06   0x0000003e   Code   RO         2111    CL$$btod_d2e        c_w.l(btod.o)
    0x08001e44   0x08001e44   0x00000046   Code   RO         2113    CL$$btod_d2e_denorm_low  c_w.l(btod.o)
    0x08001e8a   0x08001e8a   0x00000060   Code   RO         2112    CL$$btod_d2e_norm_op1  c_w.l(btod.o)
    0x08001eea   0x08001eea   0x00000338   Code   RO         2121    CL$$btod_div_common  c_w.l(btod.o)
    0x08002222   0x08002222   0x00000002   PAD
    0x08002224   0x08002224   0x00000084   Code   RO         2119    CL$$btod_e2d        c_w.l(btod.o)
    0x080022a8   0x080022a8   0x000000dc   Code   RO         2118    CL$$btod_e2e        c_w.l(btod.o)
    0x08002384   0x08002384   0x0000002a   Code   RO         2115    CL$$btod_ediv       c_w.l(btod.o)
    0x080023ae   0x080023ae   0x0000002a   Code   RO         2117    CL$$btod_edivd      c_w.l(btod.o)
    0x080023d8   0x080023d8   0x0000002a   Code   RO         2114    CL$$btod_emul       c_w.l(btod.o)
    0x08002402   0x08002402   0x0000002a   Code   RO         2116    CL$$btod_emuld      c_w.l(btod.o)
    0x0800242c   0x0800242c   0x00000244   Code   RO         2120    CL$$btod_mult_common  c_w.l(btod.o)
    0x08002670   0x08002670   0x00000034   Code   RO          646    i.A7680C_UART_Init  a7680c.o
    0x080026a4   0x080026a4   0x00000040   Code   RO          647    i.A7680C_get_LBS    a7680c.o
    0x080026e4   0x080026e4   0x0000006c   Code   RO          648    i.A7680C_process_data  a7680c.o
    0x08002750   0x08002750   0x0000004c   Code   RO          649    i.A7680C_send_msg   a7680c.o
    0x0800279c   0x0800279c   0x000000d0   Code   RO          715    i.Alert_Handle      dfplayer.o
    0x0800286c   0x0800286c   0x00000164   Code   RO          532    i.Button_Init       button.o
    0x080029d0   0x080029d0   0x00000010   Code   RO          719    i.DF_Play           dfplayer.o
    0x080029e0   0x080029e0   0x0000004c   Code   RO          722    i.DF_Send_CMD       dfplayer.o
    0x08002a2c   0x08002a2c   0x00000010   Code   RO          723    i.DF_Set_Volume     dfplayer.o
    0x08002a3c   0x08002a3c   0x00000058   Code   RO          724    i.DF_UART_Init      dfplayer.o
    0x08002a94   0x08002a94   0x00000024   Code   RO            4    i.DelayMillis       systick_time.o
    0x08002ab8   0x08002ab8   0x00000012   Code   RO            5    i.DelayMs           systick_time.o
    0x08002aca   0x08002aca   0x00000002   PAD
    0x08002acc   0x08002acc   0x00000064   Code   RO          579    i.ESP32_SPI_Init    esp32.o
    0x08002b30   0x08002b30   0x00000054   Code   RO          580    i.ESP32_TxRx        esp32.o
    0x08002b84   0x08002b84   0x0000008c   Code   RO          581    i.ESP32_get_LBS     esp32.o
    0x08002c10   0x08002c10   0x0000005c   Code   RO          582    i.ESP32_process_data  esp32.o
    0x08002c6c   0x08002c6c   0x00000050   Code   RO          398    i.EXTI0_IRQHandler  main.o
    0x08002cbc   0x08002cbc   0x0000003c   Code   RO          399    i.EXTI15_10_IRQHandler  main.o
    0x08002cf8   0x08002cf8   0x00000010   Code   RO          816    i.GPS_UART_Init     gps.o
    0x08002d08   0x08002d08   0x000002a4   Code   RO          817    i.GPS_process_data  gps.o
    0x08002fac   0x08002fac   0x0000001a   Code   RO          872    i.Ignore_Distance_Zone  ultrasonic.o
    0x08002fc6   0x08002fc6   0x00000002   PAD
    0x08002fc8   0x08002fc8   0x00000108   Code   RO          873    i.KF                ultrasonic.o
    0x080030d0   0x080030d0   0x00000008   Code   RO         1919    i.SetSysClock       system_stm32f10x.o
    0x080030d8   0x080030d8   0x000000e0   Code   RO         1920    i.SetSysClockTo72   system_stm32f10x.o
    0x080031b8   0x080031b8   0x00000034   Code   RO         1044    i.SysTick_Handler   port.o
    0x080031ec   0x080031ec   0x00000060   Code   RO         1922    i.SystemInit        system_stm32f10x.o
    0x0800324c   0x0800324c   0x00000060   Code   RO          321    i.UART_RX           uart_drive.o
    0x080032ac   0x080032ac   0x0000001c   Code   RO          322    i.UART_SEND         uart_drive.o
    0x080032c8   0x080032c8   0x00000070   Code   RO          323    i.UART_SEND_SERIAL  uart_drive.o
    0x08003338   0x08003338   0x00000058   Code   RO          324    i.UART_TX           uart_drive.o
    0x08003390   0x08003390   0x00000174   Code   RO          325    i.UART_init         uart_drive.o
    0x08003504   0x08003504   0x00000030   Code   RO          818    i.USART1_IRQHandler  gps.o
    0x08003534   0x08003534   0x00000098   Code   RO          650    i.USART3_IRQHandler  a7680c.o
    0x080035cc   0x080035cc   0x000000d8   Code   RO          327    i.USART_BRR         uart_drive.o
    0x080036a4   0x080036a4   0x00000048   Code   RO          874    i.Ultrasonic_Init   ultrasonic.o
    0x080036ec   0x080036ec   0x00000034   Code   RO          875    i.Ultrasonic_Measure  ultrasonic.o
    0x08003720   0x08003720   0x00000028   Code   RO         2154    i.__ARM_fpclassify  m_ws.l(fpclassify.o)
    0x08003748   0x08003748   0x00000022   Code   RO          328    i.__NVIC_EnableIRQ  uart_drive.o
    0x0800376a   0x0800376a   0x00000022   Code   RO          533    i.__NVIC_EnableIRQ  button.o
    0x0800378c   0x0800378c   0x0000000e   Code   RO         2282    i.__mathlib_dbl_overflow  m_ws.l(dunder.o)
    0x0800379a   0x0800379a   0x00000002   PAD
    0x0800379c   0x0800379c   0x00000010   Code   RO         2284    i.__mathlib_dbl_underflow  m_ws.l(dunder.o)
    0x080037ac   0x080037ac   0x00000010   Code   RO         2156    i.__mathlib_narrow  m_ws.l(narrow.o)
    0x080037bc   0x080037bc   0x000000bc   Code   RO         2157    i.__mathlib_tofloat  m_ws.l(narrow.o)
    0x08003878   0x08003878   0x00000016   Code   RO         2254    i.__support_ldexp   m_ws.l(ldexp.o)
    0x0800388e   0x0800388e   0x0000000e   Code   RO         1982    i._is_digit         c_w.l(__printf_wp.o)
    0x0800389c   0x0800389c   0x00000058   Code   RO         2235    i.frexp             m_ws.l(frexp.o)
    0x080038f4   0x080038f4   0x00000036   Code   RO          725    i.get_alert_level   dfplayer.o
    0x0800392a   0x0800392a   0x00000084   Code   RO          135    i.get_channel       timer_drive.o
    0x080039ae   0x080039ae   0x00000002   PAD
    0x080039b0   0x080039b0   0x00000058   Code   RO          139    i.get_timer_address  timer_drive.o
    0x08003a08   0x08003a08   0x0000004a   Code   RO          140    i.get_timer_pin     timer_drive.o
    0x08003a52   0x08003a52   0x00000002   PAD
    0x08003a54   0x08003a54   0x000000b4   Code   RO           95    i.init_GP           gp_drive.o
    0x08003b08   0x08003b08   0x00000074   Code   RO         2255    i.ldexp             m_ws.l(ldexp.o)
    0x08003b7c   0x08003b7c   0x000000f4   Code   RO          400    i.main              main.o
    0x08003c70   0x08003c70   0x000000b0   Code   RO         1350    i.prvAddCurrentTaskToDelayedList  tasks.o
    0x08003d20   0x08003d20   0x000000f4   Code   RO         1351    i.prvAddNewTaskToReadyList  tasks.o
    0x08003e14   0x08003e14   0x0000005c   Code   RO         1741    i.prvCheckForValidListAndQueue  timers.o
    0x08003e70   0x08003e70   0x00000048   Code   RO         1352    i.prvCheckTasksWaitingTermination  tasks.o
    0x08003eb8   0x08003eb8   0x0000002a   Code   RO         1126    i.prvCopyDataFromQueue  queue.o
    0x08003ee2   0x08003ee2   0x0000007e   Code   RO         1127    i.prvCopyDataToQueue  queue.o
    0x08003f60   0x08003f60   0x00000088   Code   RO         1353    i.prvCreateIdleTasks  tasks.o
    0x08003fe8   0x08003fe8   0x000000b8   Code   RO         1354    i.prvCreateStaticTask  tasks.o
    0x080040a0   0x080040a0   0x0000005e   Code   RO         1355    i.prvCreateTask     tasks.o
    0x080040fe   0x080040fe   0x00000050   Code   RO         1356    i.prvDeleteTCB      tasks.o
    0x0800414e   0x0800414e   0x00000014   Code   RO         1128    i.prvGetDisinheritPriorityAfterTimeout  queue.o
    0x08004162   0x08004162   0x00000002   PAD
    0x08004164   0x08004164   0x00000028   Code   RO         1742    i.prvGetNextExpireTime  timers.o
    0x0800418c   0x0800418c   0x00000038   Code   RO          927    i.prvHeapInit       heap_2.o
    0x080041c4   0x080041c4   0x00000028   Code   RO         1357    i.prvIdleTask       tasks.o
    0x080041ec   0x080041ec   0x0000001e   Code   RO         1129    i.prvInitialiseMutex  queue.o
    0x0800420a   0x0800420a   0x00000026   Code   RO         1130    i.prvInitialiseNewQueue  queue.o
    0x08004230   0x08004230   0x000000c2   Code   RO         1358    i.prvInitialiseNewTask  tasks.o
    0x080042f2   0x080042f2   0x00000002   PAD
    0x080042f4   0x080042f4   0x00000068   Code   RO         1359    i.prvInitialiseTaskLists  tasks.o
    0x0800435c   0x0800435c   0x00000058   Code   RO         1744    i.prvInsertTimerInActiveList  timers.o
    0x080043b4   0x080043b4   0x0000001a   Code   RO         1131    i.prvIsQueueEmpty   queue.o
    0x080043ce   0x080043ce   0x0000001e   Code   RO         1132    i.prvIsQueueFull    queue.o
    0x080043ec   0x080043ec   0x00000044   Code   RO         1745    i.prvProcessExpiredTimer  timers.o
    0x08004430   0x08004430   0x00000124   Code   RO         1746    i.prvProcessReceivedCommands  timers.o
    0x08004554   0x08004554   0x00000074   Code   RO         1747    i.prvProcessTimerOrBlockTask  timers.o
    0x080045c8   0x080045c8   0x00000028   Code   RO         1748    i.prvReloadTimer    timers.o
    0x080045f0   0x080045f0   0x00000030   Code   RO         1360    i.prvResetNextTaskUnblockTime  tasks.o
    0x08004620   0x08004620   0x0000002c   Code   RO         1749    i.prvSampleTimeNow  timers.o
    0x0800464c   0x0800464c   0x00000044   Code   RO         1750    i.prvSwitchTimerLists  timers.o
    0x08004690   0x08004690   0x00000040   Code   RO         1045    i.prvTaskExitError  port.o
    0x080046d0   0x080046d0   0x0000001a   Code   RO         1751    i.prvTimerTask      timers.o
    0x080046ea   0x080046ea   0x0000007e   Code   RO         1133    i.prvUnlockQueue    queue.o
    0x08004768   0x08004768   0x000000f4   Code   RO          929    i.pvPortMalloc      heap_2.o
    0x0800485c   0x0800485c   0x00000014   Code   RO         1362    i.pvTaskIncrementMutexHeldCount  tasks.o
    0x08004870   0x08004870   0x00000024   Code   RO         1046    i.pxPortInitialiseStack  port.o
    0x08004894   0x08004894   0x00000018   Code   RO            8    i.systick_init      systick_time.o
    0x080048ac   0x080048ac   0x00000104   Code   RO          141    i.timer_capture_micro  timer_drive.o
    0x080049b0   0x080049b0   0x00000060   Code   RO          146    i.timer_get_capture_micro  timer_drive.o
    0x08004a10   0x08004a10   0x00000104   Code   RO          152    i.timer_pwm_micro   timer_drive.o
    0x08004b14   0x08004b14   0x000000cc   Code   RO         1363    i.ulTaskGenericNotifyTake  tasks.o
    0x08004be0   0x08004be0   0x00000028   Code   RO         1004    i.uxListRemove      list.o
    0x08004c08   0x08004c08   0x00000018   Code   RO         1371    i.vApplicationGetIdleTaskMemory  tasks.o
    0x08004c20   0x08004c20   0x00000018   Code   RO         1372    i.vApplicationGetTimerTaskMemory  tasks.o
    0x08004c38   0x08004c38   0x0000001a   Code   RO         1005    i.vListInitialise   list.o
    0x08004c52   0x08004c52   0x00000006   Code   RO         1006    i.vListInitialiseItem  list.o
    0x08004c58   0x08004c58   0x00000034   Code   RO         1007    i.vListInsert       list.o
    0x08004c8c   0x08004c8c   0x00000054   Code   RO         1048    i.vPortEnterCritical  port.o
    0x08004ce0   0x08004ce0   0x0000003c   Code   RO         1049    i.vPortExitCritical  port.o
    0x08004d1c   0x08004d1c   0x000000a0   Code   RO          930    i.vPortFree         heap_2.o
    0x08004dbc   0x08004dbc   0x00000018   Code   RO         1050    i.vPortSetupTimerInterrupt  port.o
    0x08004dd4   0x08004dd4   0x00000078   Code   RO         1051    i.vPortValidateInterruptPriority  port.o
    0x08004e4c   0x08004e4c   0x0000004a   Code   RO         1140    i.vQueueWaitForMessageRestricted  queue.o
    0x08004e96   0x08004e96   0x00000002   PAD
    0x08004e98   0x08004e98   0x0000004c   Code   RO          401    i.vTaskAlert        main.o
    0x08004ee4   0x08004ee4   0x0000005c   Code   RO         1373    i.vTaskDelay        tasks.o
    0x08004f40   0x08004f40   0x0000019c   Code   RO         1376    i.vTaskGenericNotifyGiveFromISR  tasks.o
    0x080050dc   0x080050dc   0x00000018   Code   RO         1377    i.vTaskInternalSetTimeOutState  tasks.o
    0x080050f4   0x080050f4   0x0000013c   Code   RO          402    i.vTaskLocationHandler  main.o
    0x08005230   0x08005230   0x0000000c   Code   RO         1378    i.vTaskMissedYield  tasks.o
    0x0800523c   0x0800523c   0x00000038   Code   RO         1379    i.vTaskPlaceOnEventList  tasks.o
    0x08005274   0x08005274   0x00000068   Code   RO         1380    i.vTaskPlaceOnEventListRestricted  tasks.o
    0x080052dc   0x080052dc   0x0000010c   Code   RO         1382    i.vTaskPriorityDisinheritAfterTimeout  tasks.o
    0x080053e8   0x080053e8   0x00000030   Code   RO          403    i.vTaskSendSMS      main.o
    0x08005418   0x08005418   0x0000007c   Code   RO         1388    i.vTaskStartScheduler  tasks.o
    0x08005494   0x08005494   0x00000010   Code   RO         1390    i.vTaskSuspendAll   tasks.o
    0x080054a4   0x080054a4   0x00000098   Code   RO         1391    i.vTaskSwitchContext  tasks.o
    0x0800553c   0x0800553c   0x00000078   Code   RO          404    i.vTaskUltrasonicMeasure  main.o
    0x080055b4   0x080055b4   0x000000f8   Code   RO         1052    i.xPortStartScheduler  port.o
    0x080056ac   0x080056ac   0x00000022   Code   RO         1143    i.xQueueCreateMutex  queue.o
    0x080056ce   0x080056ce   0x0000006c   Code   RO         1145    i.xQueueGenericCreate  queue.o
    0x0800573a   0x0800573a   0x0000009a   Code   RO         1146    i.xQueueGenericCreateStatic  queue.o
    0x080057d4   0x080057d4   0x000000dc   Code   RO         1148    i.xQueueGenericReset  queue.o
    0x080058b0   0x080058b0   0x000001a8   Code   RO         1149    i.xQueueGenericSend  queue.o
    0x08005a58   0x08005a58   0x00000168   Code   RO         1157    i.xQueueReceive     queue.o
    0x08005bc0   0x08005bc0   0x00000194   Code   RO         1159    i.xQueueSemaphoreTake  queue.o
    0x08005d54   0x08005d54   0x00000090   Code   RO         1393    i.xTaskCheckForTimeOut  tasks.o
    0x08005de4   0x08005de4   0x00000038   Code   RO         1394    i.xTaskCreate       tasks.o
    0x08005e1c   0x08005e1c   0x00000040   Code   RO         1395    i.xTaskCreateStatic  tasks.o
    0x08005e5c   0x08005e5c   0x000000d8   Code   RO         1396    i.xTaskDelayUntil   tasks.o
    0x08005f34   0x08005f34   0x000001e0   Code   RO         1397    i.xTaskGenericNotify  tasks.o
    0x08006114   0x08006114   0x00000020   Code   RO         1403    i.xTaskGetSchedulerState  tasks.o
    0x08006134   0x08006134   0x0000000c   Code   RO         1405    i.xTaskGetTickCount  tasks.o
    0x08006140   0x08006140   0x000001b4   Code   RO         1407    i.xTaskIncrementTick  tasks.o
    0x080062f4   0x080062f4   0x000000e4   Code   RO         1408    i.xTaskPriorityDisinherit  tasks.o
    0x080063d8   0x080063d8   0x000000e0   Code   RO         1409    i.xTaskPriorityInherit  tasks.o
    0x080064b8   0x080064b8   0x00000134   Code   RO         1410    i.xTaskRemoveFromEventList  tasks.o
    0x080065ec   0x080065ec   0x000001a4   Code   RO         1411    i.xTaskResumeAll    tasks.o
    0x08006790   0x08006790   0x00000078   Code   RO         1759    i.xTimerCreateTimerTask  timers.o
    0x08006808   0x08006808   0x0000002c   Code   RO         2134    locale$$code        c_w.l(lc_numeric_c.o)
    0x08006834   0x08006834   0x0000002c   Code   RO         2243    locale$$code        c_w.l(lc_ctype_c.o)
    0x08006860   0x08006860   0x00000062   Code   RO         2230    x$fpl$d2f           fz_ws.l(d2f.o)
    0x080068c2   0x080068c2   0x00000002   PAD
    0x080068c4   0x080068c4   0x00000150   Code   RO         2016    x$fpl$dadd          fz_ws.l(daddsub_clz.o)
    0x08006a14   0x08006a14   0x00000010   Code   RO         2276    x$fpl$dcheck1       fz_ws.l(dcheck1.o)
    0x08006a24   0x08006a24   0x00000018   Code   RO         2140    x$fpl$dcmpinf       fz_ws.l(dcmpi.o)
    0x08006a3c   0x08006a3c   0x000002b0   Code   RO         2023    x$fpl$ddiv          fz_ws.l(ddiv.o)
    0x08006cec   0x08006cec   0x00000078   Code   RO         2232    x$fpl$deqf          fz_ws.l(deqf.o)
    0x08006d64   0x08006d64   0x0000005a   Code   RO         2026    x$fpl$dfixu         fz_ws.l(dfixu.o)
    0x08006dbe   0x08006dbe   0x00000026   Code   RO         2030    x$fpl$dfltu         fz_ws.l(dflt_clz.o)
    0x08006de4   0x08006de4   0x00000078   Code   RO         2066    x$fpl$dleqf         fz_ws.l(dleqf.o)
    0x08006e5c   0x08006e5c   0x00000154   Code   RO         2036    x$fpl$dmul          fz_ws.l(dmul.o)
    0x08006fb0   0x08006fb0   0x0000009c   Code   RO         2068    x$fpl$dnaninf       fz_ws.l(dnaninf.o)
    0x0800704c   0x0800704c   0x0000000c   Code   RO         2070    x$fpl$dretinf       fz_ws.l(dretinf.o)
    0x08007058   0x08007058   0x0000006c   Code   RO         2038    x$fpl$drleqf        fz_ws.l(drleqf.o)
    0x080070c4   0x080070c4   0x00000016   Code   RO         2017    x$fpl$drsb          fz_ws.l(daddsub_clz.o)
    0x080070da   0x080070da   0x00000002   PAD
    0x080070dc   0x080070dc   0x000001d4   Code   RO         2018    x$fpl$dsub          fz_ws.l(daddsub_clz.o)
    0x080072b0   0x080072b0   0x0000000a   Code   RO         2249    x$fpl$fretinf       fz_ws.l(fretinf.o)
    0x080072ba   0x080072ba   0x00000006   Code   RO         2146    x$fpl$ieeestatus    fz_ws.l(istatus.o)
    0x080072c0   0x080072c0   0x00000004   Code   RO         2040    x$fpl$printf1       fz_ws.l(printf1.o)
    0x080072c4   0x080072c4   0x00000064   Code   RO         2306    x$fpl$retnan        fz_ws.l(retnan.o)
    0x08007328   0x08007328   0x0000005c   Code   RO         2251    x$fpl$scalbn        fz_ws.l(scalbn.o)
    0x08007384   0x08007384   0x00000004   Code   RO         2042    x$fpl$scanf1        fz_ws.l(scanf1.o)
    0x08007388   0x08007388   0x00000008   Code   RO         2148    x$fpl$scanf2        fz_ws.l(scanf2.o)
    0x08007390   0x08007390   0x00000030   Code   RO         2333    x$fpl$trapveneer    fz_ws.l(trapv.o)
    0x080073c0   0x080073c0   0x00000000   Code   RO         2072    x$fpl$usenofp       fz_ws.l(usenofp.o)
    0x080073c0   0x080073c0   0x00000020   Data   RO          584    .constdata          esp32.o
    0x080073e0   0x080073e0   0x00000004   Data   RO          652    .constdata          a7680c.o
    0x080073e4   0x080073e4   0x00000015   Data   RO          726    .constdata          dfplayer.o
    0x080073f9   0x080073f9   0x00000007   PAD
    0x08007400   0x08007400   0x00000018   Data   RO          877    .constdata          ultrasonic.o
    0x08007418   0x08007418   0x00000094   Data   RO         2109    .constdata          c_w.l(bigflt0.o)
    0x080074ac   0x080074ac   0x00000020   Data   RO         2359    Region$$Table       anon$$obj.o
    0x080074cc   0x080074cc   0x00000008   Data   RO         2142    c$$dinf             fz_ws.l(fpconst.o)
    0x080074d4   0x080074d4   0x00000008   Data   RO         2145    c$$dmax             fz_ws.l(fpconst.o)
    0x080074dc   0x080074dc   0x0000001c   Data   RO         2133    locale$$data        c_w.l(lc_numeric_c.o)
    0x080074f8   0x080074f8   0x00000110   Data   RO         2242    locale$$data        c_w.l(lc_ctype_c.o)


    Execution Region RW_IRAM1 (Exec base: 0x20000000, Load base: 0x08007608, Size: 0x000021a8, Max: 0x00005000, ABSOLUTE, COMPRESSED[0x0000006c])

    Exec Addr    Load Addr    Size         Type   Attr      Idx    E Section Name        Object

    0x20000000   COMPRESSED   0x00000018   Data   RW          406    .data               main.o
    0x20000018   COMPRESSED   0x00000297   Data   RW          653    .data               a7680c.o
    0x200002af   COMPRESSED   0x00000001   PAD
    0x200002b0   COMPRESSED   0x00000002   Data   RW          727    .data               dfplayer.o
    0x200002b2   COMPRESSED   0x00000001   Data   RW          820    .data               gps.o
    0x200002b3   COMPRESSED   0x00000005   PAD
    0x200002b8   COMPRESSED   0x00000018   Data   RW          878    .data               ultrasonic.o
    0x200002d0   COMPRESSED   0x00000018   Data   RW          935    .data               heap_2.o
    0x200002e8   COMPRESSED   0x0000000c   Data   RW         1053    .data               port.o
    0x200002f4   COMPRESSED   0x00000040   Data   RW         1414    .data               tasks.o
    0x20000334   COMPRESSED   0x00000014   Data   RW         1769    .data               timers.o
    0x20000348   COMPRESSED   0x00000004   Data   RW         2000    .data               c_w.l(strtok.o)
    0x2000034c   COMPRESSED   0x00000004   PAD
    0x20000350        -       0x000000a0   Zero   RW          405    .bss                main.o
    0x200003f0        -       0x00000028   Zero   RW          583    .bss                esp32.o
    0x20000418        -       0x00000028   Zero   RW          651    .bss                a7680c.o
    0x20000440        -       0x00000064   Zero   RW          819    .bss                gps.o
    0x200004a4   COMPRESSED   0x00000004   PAD
    0x200004a8        -       0x00000048   Zero   RW          876    .bss                ultrasonic.o
    0x200004f0        -       0x00001000   Zero   RW          934    .bss                heap_2.o
    0x200014f0        -       0x00000570   Zero   RW         1413    .bss                tasks.o
    0x20001a60        -       0x000000e8   Zero   RW         1768    .bss                timers.o
    0x20001b48        -       0x00000060   Zero   RW         2163    .bss                c_w.l(libspace.o)
    0x20001ba8        -       0x00000200   Zero   RW         1910    HEAP                startup_stm32f10x_md.o
    0x20001da8        -       0x00000400   Zero   RW         1909    STACK               startup_stm32f10x_md.o


==============================================================================

Image component sizes


      Code (inc. data)   RO Data    RW Data    ZI Data      Debug   Object Name

       452         76          4        663         40       3670   a7680c.o
       390         28          0          0          0       1186   button.o
       458         20         21          2          0       4235   dfplayer.o
       416         34         32          0         40       3007   esp32.o
       180         16          0          0          0        730   gp_drive.o
       740         88          0          1        100       3109   gps.o
       460         40          0         24       4096      49207   heap_2.o
       124          0          0          0          0       2561   list.o
       944        272          0         24        160      27149   main.o
       838         78          0         12          0      10065   port.o
      2216         20          0          0          0      61210   queue.o
        64         26        236          0       1536        824   startup_stm32f10x_md.o
       328         28          0          0          0       2145   system_stm32f10x.o
        78          6          0          0          0     209279   systick_time.o
      5524        480          0         64       1392      40485   tasks.o
       910         46          0          0          0       4696   timer_drive.o
       994        110          0         20        232      11144   timers.o
       946         88          0          0          0      30274   uart_drive.o
       414         36         24         24         72       2595   ultrasonic.o

    ----------------------------------------------------------------------
     16492       1492        356        840       7672     467571   Object Totals
         0          0         32          0          0          0   (incl. Generated)
        16          0          7          6          4          0   (incl. Padding)

    ----------------------------------------------------------------------

      Code (inc. data)   RO Data    RW Data    ZI Data      Debug   Library Member Name

        60          8          0          0          0         84   __0sscanf.o
        90          0          0          0          0          0   __dczerorl2.o
         8          0          0          0          0         68   __main.o
       352          0          0          0          0         88   __printf_ss_wp.o
        14          0          0          0          0         68   __printf_wp.o
         0          0          0          0          0          0   __rtentry.o
        12          0          0          0          0          0   __rtentry2.o
         6          0          0          0          0          0   __rtentry4.o
        52          8          0          0          0          0   __scatter.o
        28          0          0          0          0          0   __scatter_zi.o
        28          0          0          0          0         68   _chval.o
        44          0          0          0          0        108   _printf_char.o
        48          6          0          0          0         96   _printf_char_common.o
         6          0          0          0          0          0   _printf_f.o
      1054          0          0          0          0        216   _printf_fp_dec.o
       128         16          0          0          0         84   _printf_fp_infnan.o
         0          0          0          0          0          0   _printf_percent.o
         4          0          0          0          0          0   _printf_percent_end.o
         6          0          0          0          0          0   _printf_s.o
        82          0          0          0          0         80   _printf_str.o
        22          0          0          0          0        100   _rserrno.o
       884          6          0          0          0        100   _scanf.o
       332          0          0          0          0         96   _scanf_int.o
        64          0          0          0          0         84   _sgetc.o
        10          0          0          0          0         68   _sputc.o
       228          4        148          0          0         96   bigflt0.o
      2152        136          0          0          0        960   btod.o
        18          0          0          0          0         80   exit.o
         6          0          0          0          0        152   heapauxi.o
         0          0          0          0          0          0   indicate_semi.o
        18          0          0          0          0         76   isspace.o
        44         10        272          0          0         76   lc_ctype_c.o
        44         10         28          0          0         76   lc_numeric_c.o
         2          0          0          0          0          0   libinit.o
        30          0          0          0          0          0   libinit2.o
         2          0          0          0          0          0   libshutdown.o
         2          0          0          0          0          0   libshutdown2.o
         8          4          0          0         96         68   libspace.o
        38          0          0          0          0         68   llshl.o
       138          0          0          0          0         80   lludiv10.o
        40          6          0          0          0         84   noretval__2sprintf.o
        16          4          0          0          0         76   rt_ctype_table.o
         8          4          0          0          0         68   rt_errno_addr_intlibspace.o
         8          4          0          0          0         68   rt_locale_intlibspace.o
        68          0          0          0          0         68   rt_memclr.o
        78          0          0          0          0         80   rt_memclr_w.o
       138          0          0          0          0         68   rt_memcpy_v6.o
       100          0          0          0          0         80   rt_memcpy_w.o
         2          0          0          0          0          0   rtexit.o
        10          0          0          0          0          0   rtexit2.o
        44          8          0          0          0         84   scanf_char.o
      1272         16          0          0          0        168   scanf_fp.o
       800         14          0          0          0        100   scanf_hexfp.o
       308         16          0          0          0        100   scanf_infnan.o
       128          0          0          0          0         68   strcmpv7m.o
        72          0          0          0          0         80   strcpy.o
        32          0          0          0          0         80   strcspn.o
        86          0          0          0          0         76   strncpy.o
        28          0          0          0          0         80   strspn.o
        12          6          0          4          0         68   strtok.o
        68          4          0          0          0         84   strtok_int.o
        12          4          0          0          0         68   sys_exit.o
        74          0          0          0          0         80   sys_stackheap_outer.o
         2          0          0          0          0         68   use_no_semi.o
        98          4          0          0          0         92   d2f.o
       826         16          0          0          0        348   daddsub_clz.o
        16          4          0          0          0         68   dcheck1.o
        24          0          0          0          0         68   dcmpi.o
       688        140          0          0          0        208   ddiv.o
       120          4          0          0          0         92   deqf.o
        90          4          0          0          0         92   dfixu.o
        38          0          0          0          0         68   dflt_clz.o
       120          4          0          0          0         92   dleqf.o
       340         12          0          0          0        104   dmul.o
       156          4          0          0          0         92   dnaninf.o
        12          0          0          0          0         68   dretinf.o
       108          0          0          0          0         80   drleqf.o
         0          0         16          0          0          0   fpconst.o
        10          0          0          0          0         68   fretinf.o
         6          0          0          0          0         68   istatus.o
         4          0          0          0          0         68   printf1.o
       100          0          0          0          0         68   retnan.o
        92          0          0          0          0         68   scalbn.o
         4          0          0          0          0         68   scanf1.o
         8          0          0          0          0         84   scanf2.o
        48          0          0          0          0         68   trapv.o
         0          0          0          0          0          0   usenofp.o
        30          6          0          0          0        136   dunder.o
        40          0          0          0          0         68   fpclassify.o
        88          8          0          0          0         76   frexp.o
       138          0          0          0          0        160   ldexp.o
       204          4          0          0          0        168   narrow.o

    ----------------------------------------------------------------------
     12904        506        464          4        100       7576   Library Totals
        26          2          0          0          4          0   (incl. Padding)

    ----------------------------------------------------------------------

      Code (inc. data)   RO Data    RW Data    ZI Data      Debug   Library Name

      9470        294        448          4         96       4936   c_w.l
      2908        192         16          0          0       2032   fz_ws.l
       500         18          0          0          0        608   m_ws.l

    ----------------------------------------------------------------------
     12904        506        464          4        100       7576   Library Totals

    ----------------------------------------------------------------------

==============================================================================


      Code (inc. data)   RO Data    RW Data    ZI Data      Debug   

     29396       1998        820        844       7772     464067   Grand Totals
     29396       1998        820        108       7772     464067   ELF Image Totals (compressed)
     29396       1998        820        108          0          0   ROM Totals

==============================================================================

    Total RO  Size (Code + RO Data)                30216 (  29.51kB)
    Total RW  Size (RW Data + ZI Data)              8616 (   8.41kB)
    Total ROM Size (Code + RO Data + RW Data)      30324 (  29.61kB)

==============================================================================

